Archive member included to satisfy reference by file (symbol)

c:/siliconlabs/simplicitystudio/v5/developer/toolchains/gnu_arm/12.2.rel1_2023.7/bin/../lib/gcc/arm-none-eabi/12.2.1/thumb/v7e-m+fp/softfp\libgcc.a(_arm_addsubdf3.o)
                              ./wiseconnect3_sdk_3.1.4/components/device/silabs/si91x/mcu/drivers/peripheral_drivers/src/clock_update.o (__aeabi_dadd)
c:/siliconlabs/simplicitystudio/v5/developer/toolchains/gnu_arm/12.2.rel1_2023.7/bin/../lib/gcc/arm-none-eabi/12.2.1/thumb/v7e-m+fp/softfp\libgcc.a(_arm_muldivdf3.o)
                              ./wiseconnect3_sdk_3.1.4/components/device/silabs/si91x/mcu/drivers/peripheral_drivers/src/clock_update.o (__aeabi_ddiv)
c:/siliconlabs/simplicitystudio/v5/developer/toolchains/gnu_arm/12.2.rel1_2023.7/bin/../lib/gcc/arm-none-eabi/12.2.1/thumb/v7e-m+fp/softfp\libgcc.a(_arm_fixunsdfsi.o)
                              ./wiseconnect3_sdk_3.1.4/components/device/silabs/si91x/mcu/drivers/peripheral_drivers/src/clock_update.o (__aeabi_d2uiz)
c:/siliconlabs/simplicitystudio/v5/developer/toolchains/gnu_arm/12.2.rel1_2023.7/bin/../lib/gcc/arm-none-eabi/12.2.1/thumb/v7e-m+fp/softfp\libgcc.a(_arm_addsubsf3.o)
                              ./wifi_per_normal_app.o (__aeabi_ul2f)
c:/siliconlabs/simplicitystudio/v5/developer/toolchains/gnu_arm/12.2.rel1_2023.7/bin/../lib/gcc/arm-none-eabi/12.2.1/thumb/v7e-m+fp/softfp\libc_nano.a(libc_a-calloc.o)
                              ./wiseconnect3_sdk_3.1.4/components/device/silabs/si91x/wireless/asynchronous_socket/src/sl_si91x_socket.o (calloc)
c:/siliconlabs/simplicitystudio/v5/developer/toolchains/gnu_arm/12.2.rel1_2023.7/bin/../lib/gcc/arm-none-eabi/12.2.1/thumb/v7e-m+fp/softfp\libc_nano.a(libc_a-callocr.o)
                              c:/siliconlabs/simplicitystudio/v5/developer/toolchains/gnu_arm/12.2.rel1_2023.7/bin/../lib/gcc/arm-none-eabi/12.2.1/thumb/v7e-m+fp/softfp\libc_nano.a(libc_a-calloc.o) (_calloc_r)
c:/siliconlabs/simplicitystudio/v5/developer/toolchains/gnu_arm/12.2.rel1_2023.7/bin/../lib/gcc/arm-none-eabi/12.2.1/thumb/v7e-m+fp/softfp\libc_nano.a(libc_a-exit.o)
                              c:/siliconlabs/simplicitystudio/v5/developer/toolchains/gnu_arm/12.2.rel1_2023.7/bin/../lib/gcc/arm-none-eabi/12.2.1/thumb/v7e-m+fp/softfp/crt0.o (exit)
c:/siliconlabs/simplicitystudio/v5/developer/toolchains/gnu_arm/12.2.rel1_2023.7/bin/../lib/gcc/arm-none-eabi/12.2.1/thumb/v7e-m+fp/softfp\libc_nano.a(libc_a-malloc.o)
                              ./demo.o (malloc)
c:/siliconlabs/simplicitystudio/v5/developer/toolchains/gnu_arm/12.2.rel1_2023.7/bin/../lib/gcc/arm-none-eabi/12.2.1/thumb/v7e-m+fp/softfp\libc_nano.a(libc_a-mallocr.o)
                              c:/siliconlabs/simplicitystudio/v5/developer/toolchains/gnu_arm/12.2.rel1_2023.7/bin/../lib/gcc/arm-none-eabi/12.2.1/thumb/v7e-m+fp/softfp\libc_nano.a(libc_a-callocr.o) (_malloc_r)
c:/siliconlabs/simplicitystudio/v5/developer/toolchains/gnu_arm/12.2.rel1_2023.7/bin/../lib/gcc/arm-none-eabi/12.2.1/thumb/v7e-m+fp/softfp\libc_nano.a(libc_a-mlock.o)
                              c:/siliconlabs/simplicitystudio/v5/developer/toolchains/gnu_arm/12.2.rel1_2023.7/bin/../lib/gcc/arm-none-eabi/12.2.1/thumb/v7e-m+fp/softfp\libc_nano.a(libc_a-mallocr.o) (__malloc_lock)
c:/siliconlabs/simplicitystudio/v5/developer/toolchains/gnu_arm/12.2.rel1_2023.7/bin/../lib/gcc/arm-none-eabi/12.2.1/thumb/v7e-m+fp/softfp\libc_nano.a(libc_a-strtoul.o)
                              ./wiseconnect3_sdk_3.1.4/components/common/src/sl_utility.o (strtoul)
c:/siliconlabs/simplicitystudio/v5/developer/toolchains/gnu_arm/12.2.rel1_2023.7/bin/../lib/gcc/arm-none-eabi/12.2.1/thumb/v7e-m+fp/softfp\libc_nano.a(libc_a-ctype_.o)
                              ./gecko_sdk_4.4.1/platform/common/src/sl_string.o (_ctype_)
c:/siliconlabs/simplicitystudio/v5/developer/toolchains/gnu_arm/12.2.rel1_2023.7/bin/../lib/gcc/arm-none-eabi/12.2.1/thumb/v7e-m+fp/softfp\libc_nano.a(libc_a-nano-vfprintf_float.o)
                              (_printf_float)
c:/siliconlabs/simplicitystudio/v5/developer/toolchains/gnu_arm/12.2.rel1_2023.7/bin/../lib/gcc/arm-none-eabi/12.2.1/thumb/v7e-m+fp/softfp\libc_nano.a(libc_a-nano-vfprintf_i.o)
                              c:/siliconlabs/simplicitystudio/v5/developer/toolchains/gnu_arm/12.2.rel1_2023.7/bin/../lib/gcc/arm-none-eabi/12.2.1/thumb/v7e-m+fp/softfp\libc_nano.a(libc_a-nano-vfprintf_float.o) (_printf_common)
c:/siliconlabs/simplicitystudio/v5/developer/toolchains/gnu_arm/12.2.rel1_2023.7/bin/../lib/gcc/arm-none-eabi/12.2.1/thumb/v7e-m+fp/softfp\libc_nano.a(libc_a-findfp.o)
                              c:/siliconlabs/simplicitystudio/v5/developer/toolchains/gnu_arm/12.2.rel1_2023.7/bin/../lib/gcc/arm-none-eabi/12.2.1/thumb/v7e-m+fp/softfp\libc_nano.a(libc_a-exit.o) (__stdio_exit_handler)
c:/siliconlabs/simplicitystudio/v5/developer/toolchains/gnu_arm/12.2.rel1_2023.7/bin/../lib/gcc/arm-none-eabi/12.2.1/thumb/v7e-m+fp/softfp\libc_nano.a(libc_a-fwalk.o)
[...]
Memory Configuration

Name             Origin             Length             Attributes
rom              0x08202000         0x001fe000         xr
ram              0x00000400         0x0002fc00         xrw
udma0            0x0002fc00         0x00000400         xrw
udma1            0x24061c00         0x00000400         xrw
*default*        0x00000000         0xffffffff

Linker script and memory map

LOAD c:/siliconlabs/simplicitystudio/v5/developer/toolchains/gnu_arm/12.2.rel1_2023.7/bin/../lib/gcc/arm-none-eabi/12.2.1/thumb/v7e-m+fp/softfp/crti.o
LOAD c:/siliconlabs/simplicitystudio/v5/developer/toolchains/gnu_arm/12.2.rel1_2023.7/bin/../lib/gcc/arm-none-eabi/12.2.1/thumb/v7e-m+fp/softfp/crtbegin.o
LOAD c:/siliconlabs/simplicitystudio/v5/developer/toolchains/gnu_arm/12.2.rel1_2023.7/bin/../lib/gcc/arm-none-eabi/12.2.1/thumb/v7e-m+fp/softfp/crt0.o
START GROUP
LOAD ./autogen/sl_event_handler.o
LOAD ./ble_commands.o
LOAD ./bsd_socket_commands.o
LOAD ./demo.o
LOAD ./device_commands.o
LOAD ./iot_socket_commands.o
LOAD ./main.o
LOAD ./network_commands.o
LOAD ./wifi_commands.o
LOAD ./wifi_per_normal_app.o
LOAD ./console_commands/src/console_argument_types.o
LOAD ./console_commands/src/console_command_database.o
LOAD ./console_commands/src/console_variable_database.o
LOAD ./gecko_sdk_4.4.1/platform/CMSIS/RTOS2/Source/os_systick.o
LOAD ./gecko_sdk_4.4.1/platform/common/src/sl_assert.o
LOAD ./gecko_sdk_4.4.1/platform/common/src/sl_slist.o
LOAD ./gecko_sdk_4.4.1/platform/common/src/sl_string.o
LOAD ./gecko_sdk_4.4.1/platform/common/src/sli_cmsis_os2_ext_task_register.o
LOAD ./gecko_sdk_4.4.1/platform/service/system/src/sl_system_init.o
LOAD ./gecko_sdk_4.4.1/platform/service/system/src/sl_system_kernel.o
LOAD ./gecko_sdk_4.4.1/util/third_party/freertos/cmsis/Source/cmsis_os2.o
LOAD ./gecko_sdk_4.4.1/util/third_party/freertos/kernel/croutine.o
LOAD ./gecko_sdk_4.4.1/util/third_party/freertos/kernel/event_groups.o
LOAD ./gecko_sdk_4.4.1/util/third_party/freertos/kernel/list.o
LOAD ./gecko_sdk_4.4.1/util/third_party/freertos/kernel/queue.o
LOAD ./gecko_sdk_4.4.1/util/third_party/freertos/kernel/stream_buffer.o
LOAD ./gecko_sdk_4.4.1/util/third_party/freertos/kernel/tasks.o
LOAD ./gecko_sdk_4.4.1/util/third_party/freertos/kernel/timers.o
LOAD ./gecko_sdk_4.4.1/util/third_party/freertos/kernel/portable/GCC/ARM_CM4F/port.o
LOAD ./gecko_sdk_4.4.1/util/third_party/freertos/kernel/portable/MemMang/heap_4.o
LOAD ./wiseconnect3_sdk_3.1.4/components/board/silabs/src/rsi_board.o
LOAD ./wiseconnect3_sdk_3.1.4/components/common/src/sl_utility.o
LOAD ./wiseconnect3_sdk_3.1.4/components/console/console.o
LOAD ./wiseconnect3_sdk_3.1.4/components/console/console_minimal_uart_plugin.o
LOAD ./wiseconnect3_sdk_3.1.4/components/console/variables/console_variables.o
LOAD ./wiseconnect3_sdk_3.1.4/components/device/silabs/si91x/mcu/core/chip/src/iPMU_prog/iPMU_dotc/ipmu_apis.o
LOAD ./wiseconnect3_sdk_3.1.4/components/device/silabs/si91x/mcu/core/chip/src/iPMU_prog/iPMU_dotc/rsi_system_config_917.o
LOAD ./wiseconnect3_sdk_3.1.4/components/device/silabs/si91x/mcu/core/chip/src/rsi_deepsleep_soc.o
LOAD ./wiseconnect3_sdk_3.1.4/components/device/silabs/si91x/mcu/core/chip/src/rsi_ps_ram_func.o
LOAD ./wiseconnect3_sdk_3.1.4/components/device/silabs/si91x/mcu/core/chip/src/startup_si91x.o
LOAD ./wiseconnect3_sdk_3.1.4/components/device/silabs/si91x/mcu/core/chip/src/system_si91x.o
LOAD ./wiseconnect3_sdk_3.1.4/components/device/silabs/si91x/mcu/core/common/src/rsi_debug.o
LOAD ./wiseconnect3_sdk_3.1.4/components/device/silabs/si91x/mcu/core/common/src/sl_si91x_stack_object_declare.o
LOAD ./wiseconnect3_sdk_3.1.4/components/device/silabs/si91x/mcu/core/common/src/syscalls.o
LOAD ./wiseconnect3_sdk_3.1.4/components/device/silabs/si91x/mcu/core/config/src/rsi_nvic_priorities_config.o
LOAD ./wiseconnect3_sdk_3.1.4/components/device/silabs/si91x/mcu/drivers/cmsis_driver/UDMA.o
LOAD ./wiseconnect3_sdk_3.1.4/components/device/silabs/si91x/mcu/drivers/cmsis_driver/USART.o
LOAD ./wiseconnect3_sdk_3.1.4/components/device/silabs/si91x/mcu/drivers/peripheral_drivers/src/clock_update.o
LOAD ./wiseconnect3_sdk_3.1.4/components/device/silabs/si91x/mcu/drivers/peripheral_drivers/src/rsi_crc.o
LOAD ./wiseconnect3_sdk_3.1.4/components/device/silabs/si91x/mcu/drivers/peripheral_drivers/src/rsi_egpio.o
LOAD ./wiseconnect3_sdk_3.1.4/components/device/silabs/si91x/mcu/drivers/peripheral_drivers/src/rsi_timers.o
LOAD ./wiseconnect3_sdk_3.1.4/components/device/silabs/si91x/mcu/drivers/peripheral_drivers/src/rsi_udma.o
LOAD ./wiseconnect3_sdk_3.1.4/components/device/silabs/si91x/mcu/drivers/peripheral_drivers/src/rsi_udma_wrapper.o
LOAD ./wiseconnect3_sdk_3.1.4/components/device/silabs/si91x/mcu/drivers/peripheral_drivers/src/rsi_usart.o
LOAD ./wiseconnect3_sdk_3.1.4/components/device/silabs/si91x/mcu/drivers/systemlevel/src/rsi_ipmu.o
LOAD ./wiseconnect3_sdk_3.1.4/components/device/silabs/si91x/mcu/drivers/systemlevel/src/rsi_pll.o
LOAD ./wiseconnect3_sdk_3.1.4/components/device/silabs/si91x/mcu/drivers/systemlevel/src/rsi_power_save.o
LOAD ./wiseconnect3_sdk_3.1.4/components/device/silabs/si91x/mcu/drivers/systemlevel/src/rsi_rtc.o
LOAD ./wiseconnect3_sdk_3.1.4/components/device/silabs/si91x/mcu/drivers/systemlevel/src/rsi_temp_sensor.o
LOAD ./wiseconnect3_sdk_3.1.4/components/device/silabs/si91x/mcu/drivers/systemlevel/src/rsi_time_period.o
LOAD ./wiseconnect3_sdk_3.1.4/components/device/silabs/si91x/mcu/drivers/systemlevel/src/rsi_ulpss_clk.o
LOAD ./wiseconnect3_sdk_3.1.4/components/device/silabs/si91x/mcu/drivers/systemlevel/src/rsi_wwdt.o
LOAD ./wiseconnect3_sdk_3.1.4/components/device/silabs/si91x/wireless/ahb_interface/src/rsi_hal_mcu_m4_ram.o
LOAD ./wiseconnect3_sdk_3.1.4/components/device/silabs/si91x/wireless/ahb_interface/src/rsi_hal_mcu_m4_rom.o
LOAD ./wiseconnect3_sdk_3.1.4/components/device/silabs/si91x/wireless/ahb_interface/src/sl_platform.o
LOAD ./wiseconnect3_sdk_3.1.4/components/device/silabs/si91x/wireless/ahb_interface/src/sl_platform_wireless.o
LOAD ./wiseconnect3_sdk_3.1.4/components/device/silabs/si91x/wireless/ahb_interface/src/sl_si91x_bus.o
LOAD ./wiseconnect3_sdk_3.1.4/components/device/silabs/si91x/wireless/ahb_interface/src/sl_si91x_timer.o
LOAD ./wiseconnect3_sdk_3.1.4/components/device/silabs/si91x/wireless/ahb_interface/src/sli_siwx917_soc.o
LOAD ./wiseconnect3_sdk_3.1.4/components/device/silabs/si91x/wireless/asynchronous_socket/src/sl_si91x_socket.o
LOAD ./wiseconnect3_sdk_3.1.4/components/device/silabs/si91x/wireless/ble/src/rsi_ble_gap_apis.o
LOAD ./wiseconnect3_sdk_3.1.4/components/device/silabs/si91x/wireless/ble/src/rsi_ble_gatt_apis.o
LOAD ./wiseconnect3_sdk_3.1.4/components/device/silabs/si91x/wireless/ble/src/rsi_bt_ble.o
LOAD ./wiseconnect3_sdk_3.1.4/components/device/silabs/si91x/wireless/ble/src/rsi_bt_common_apis.o
LOAD ./wiseconnect3_sdk_3.1.4/components/device/silabs/si91x/wireless/ble/src/rsi_common_apis.o
LOAD ./wiseconnect3_sdk_3.1.4/components/device/silabs/si91x/wireless/ble/src/rsi_utils.o
LOAD ./wiseconnect3_sdk_3.1.4/components/device/silabs/si91x/wireless/ble/src/sl_si91x_ble.o
LOAD ./wiseconnect3_sdk_3.1.4/components/device/silabs/si91x/wireless/errno/src/sl_si91x_errno.o
LOAD ./wiseconnect3_sdk_3.1.4/components/device/silabs/si91x/wireless/firmware_upgrade/firmware_upgradation.o
LOAD ./wiseconnect3_sdk_3.1.4/components/device/silabs/si91x/wireless/host_mcu/si91x/siwx917_soc_ncp_host.o
LOAD ./wiseconnect3_sdk_3.1.4/components/device/silabs/si91x/wireless/icmp/sl_net_ping.o
LOAD ./wiseconnect3_sdk_3.1.4/components/device/silabs/si91x/wireless/memory/malloc_buffers.o
LOAD ./wiseconnect3_sdk_3.1.4/components/device/silabs/si91x/wireless/sl_net/src/sl_net_rsi_utility.o
LOAD ./wiseconnect3_sdk_3.1.4/components/device/silabs/si91x/wireless/sl_net/src/sl_net_si91x_integration_handler.o
LOAD ./wiseconnect3_sdk_3.1.4/components/device/silabs/si91x/wireless/sl_net/src/sl_si91x_net_credentials.o
LOAD ./wiseconnect3_sdk_3.1.4/components/device/silabs/si91x/wireless/sl_net/src/sl_si91x_net_internal_stack.o
LOAD ./wiseconnect3_sdk_3.1.4/components/device/silabs/si91x/wireless/socket/src/sl_si91x_socket_utility.o
LOAD ./wiseconnect3_sdk_3.1.4/components/device/silabs/si91x/wireless/src/sl_rsi_utility.o
LOAD ./wiseconnect3_sdk_3.1.4/components/device/silabs/si91x/wireless/src/sl_si91x_callback_framework.o
LOAD ./wiseconnect3_sdk_3.1.4/components/device/silabs/si91x/wireless/src/sl_si91x_driver.o
LOAD ./wiseconnect3_sdk_3.1.4/components/device/silabs/si91x/wireless/threading/sli_si91x_multithreaded.o
LOAD ./wiseconnect3_sdk_3.1.4/components/protocol/wifi/si91x/sl_wifi.o
LOAD ./wiseconnect3_sdk_3.1.4/components/protocol/wifi/src/sl_wifi_callback_framework.o
LOAD ./wiseconnect3_sdk_3.1.4/components/service/bsd_socket/si91x_socket/sl_si91x_bsd_socket.o
LOAD ./wiseconnect3_sdk_3.1.4/components/service/network_manager/si91x/sl_net_si91x.o
LOAD ./wiseconnect3_sdk_3.1.4/components/service/network_manager/src/sl_net.o
LOAD ./wiseconnect3_sdk_3.1.4/components/service/network_manager/src/sl_net_basic_certificate_store.o
LOAD ./wiseconnect3_sdk_3.1.4/components/service/network_manager/src/sl_net_basic_credentials.o
LOAD ./wiseconnect3_sdk_3.1.4/components/service/network_manager/src/sl_net_basic_profiles.o
LOAD ./wiseconnect3_sdk_3.1.4/third_party/iot_socket/source/bsd_socket/iot_socket.o
LOAD c:/siliconlabs/simplicitystudio/v5/developer/toolchains/gnu_arm/12.2.rel1_2023.7/bin/../lib/gcc/arm-none-eabi/12.2.1/thumb/v7e-m+fp/softfp\libgcc.a
LOAD c:/siliconlabs/simplicitystudio/v5/developer/toolchains/gnu_arm/12.2.rel1_2023.7/bin/../lib/gcc/arm-none-eabi/12.2.1/thumb/v7e-m+fp/softfp\libnosys.a
LOAD c:/siliconlabs/simplicitystudio/v5/developer/toolchains/gnu_arm/12.2.rel1_2023.7/bin/../lib/gcc/arm-none-eabi/12.2.1/thumb/v7e-m+fp/softfp\libc_nano.a
LOAD c:/siliconlabs/simplicitystudio/v5/developer/toolchains/gnu_arm/12.2.rel1_2023.7/bin/../lib/gcc/arm-none-eabi/12.2.1/thumb/v7e-m+fp/softfp\libm.a
END GROUP
START GROUP
LOAD c:/siliconlabs/simplicitystudio/v5/developer/toolchains/gnu_arm/12.2.rel1_2023.7/bin/../lib/gcc/arm-none-eabi/12.2.1/thumb/v7e-m+fp/softfp\libgcc.a
LOAD c:/siliconlabs/simplicitystudio/v5/developer/toolchains/gnu_arm/12.2.rel1_2023.7/bin/../lib/gcc/arm-none-eabi/12.2.1/thumb/v7e-m+fp/softfp\libc_nano.a
LOAD c:/siliconlabs/simplicitystudio/v5/developer/toolchains/gnu_arm/12.2.rel1_2023.7/bin/../lib/gcc/arm-none-eabi/12.2.1/thumb/v7e-m+fp/softfp\libnosys.a
END GROUP
START GROUP
LOAD c:/siliconlabs/simplicitystudio/v5/developer/toolchains/gnu_arm/12.2.rel1_2023.7/bin/../lib/gcc/arm-none-eabi/12.2.1/thumb/v7e-m+fp/softfp\libgcc.a
LOAD c:/siliconlabs/simplicitystudio/v5/developer/toolchains/gnu_arm/12.2.rel1_2023.7/bin/../lib/gcc/arm-none-eabi/12.2.1/thumb/v7e-m+fp/softfp\libg_nano.a
LOAD c:/siliconlabs/simplicitystudio/v5/developer/toolchains/gnu_arm/12.2.rel1_2023.7/bin/../lib/gcc/arm-none-eabi/12.2.1/thumb/v7e-m+fp/softfp\libc_nano.a
END GROUP
START GROUP
LOAD c:/siliconlabs/simplicitystudio/v5/developer/toolchains/gnu_arm/12.2.rel1_2023.7/bin/../lib/gcc/arm-none-eabi/12.2.1/thumb/v7e-m+fp/softfp\libgcc.a
LOAD c:/siliconlabs/simplicitystudio/v5/developer/toolchains/gnu_arm/12.2.rel1_2023.7/bin/../lib/gcc/arm-none-eabi/12.2.1/thumb/v7e-m+fp/softfp\libc_nano.a
END GROUP
LOAD c:/siliconlabs/simplicitystudio/v5/developer/toolchains/gnu_arm/12.2.rel1_2023.7/bin/../lib/gcc/arm-none-eabi/12.2.1/thumb/v7e-m+fp/softfp/crtend.o
LOAD c:/siliconlabs/simplicitystudio/v5/developer/toolchains/gnu_arm/12.2.rel1_2023.7/bin/../lib/gcc/arm-none-eabi/12.2.1/thumb/v7e-m+fp/softfp/crtn.o

.text           0x08202000    0x1a729
 *(.isr_vector)
 .isr_vector    0x08202000      0x16c ./wiseconnect3_sdk_3.1.4/components/device/silabs/si91x/mcu/core/chip/src/startup_si91x.o
                0x08202000                __Vectors
 *(.reset_handler)
 .reset_handler
                0x0820216c       0x30 ./wiseconnect3_sdk_3.1.4/components/device/silabs/si91x/mcu/core/chip/src/startup_si91x.o
                0x0820216c                RSI_Default_Reset_Handler
 *(EXCLUDE_FILE(*heap_*.o *port.o *sl_rsi_utility.o *malloc_buffers.o *freertos_umm_malloc_host.o *cmsis_os2.o *timers.o *tasks.o *stream_buffer.o *queue.o *list.o *event_groups.o *croutine.o *rsi_hal_mcu_m4_rom.o *rsi_hal_mcu_m4_ram.o *rsi_deepsleep_soc.o *sli_si91x_multithreaded.o *sl_si91x_driver.o *sl_si91x_bus.o) .text*)
 .text.deregister_tm_clones
                0x0820219c       0x1c c:/siliconlabs/simplicitystudio/v5/developer/toolchains/gnu_arm/12.2.rel1_2023.7/bin/../lib/gcc/arm-none-eabi/12.2.1/thumb/v7e-m+fp/softfp/crtbegin.o
 .text.register_tm_clones
                0x082021b8       0x24 c:/siliconlabs/simplicitystudio/v5/developer/toolchains/gnu_arm/12.2.rel1_2023.7/bin/../lib/gcc/arm-none-eabi/12.2.1/thumb/v7e-m+fp/softfp/crtbegin.o
 .text.__do_global_dtors_aux
                0x082021dc       0x28 c:/siliconlabs/simplicitystudio/v5/developer/toolchains/gnu_arm/12.2.rel1_2023.7/bin/../lib/gcc/arm-none-eabi/12.2.1/thumb/v7e-m+fp/softfp/crtbegin.o
 .text.frame_dummy
                0x08202204       0x24 c:/siliconlabs/simplicitystudio/v5/developer/toolchains/gnu_arm/12.2.rel1_2023.7/bin/../lib/gcc/arm-none-eabi/12.2.1/thumb/v7e-m+fp/softfp/crtbegin.o
 .text.sl_platform_init
                0x08202228       0x1e ./autogen/sl_event_handler.o
                0x08202228                sl_platform_init
 .text.sl_kernel_start
                0x08202246        0x4 ./autogen/sl_event_handler.o
                0x08202246                sl_kernel_start
 .text.sl_driver_init
                0x0820224a        0x2 ./autogen/sl_event_handler.o
                0x0820224a                sl_driver_init
 .text.sl_service_init
                0x0820224c        0x2 ./autogen/sl_event_handler.o
                0x0820224c                sl_service_init
 .text.sl_stack_init
                0x0820224e        0x2 ./autogen/sl_event_handler.o
                0x0820224e                sl_stack_init
 .text.sl_internal_app_init
                0x08202250        0x2 ./autogen/sl_event_handler.o
                0x08202250                sl_internal_app_init
 *fill*         0x08202252        0x2 
 .text.rsi_ble_per_transmit_command_handler
                0x08202254       0x9c ./ble_commands.o
                0x08202254                rsi_ble_per_transmit_command_handler
 .text.rsi_ble_per_receive_command_handler
                0x082022f0       0x60 ./ble_commands.o
                0x082022f0                rsi_ble_per_receive_command_handler
 .text.rsi_bt_per_stats_command_handler
                0x08202350       0x34 ./ble_commands.o
                0x08202350                rsi_bt_per_stats_command_handler
 .text.rsi_bt_set_local_name_command_handler
                0x08202384        0xc ./ble_commands.o
                0x08202384                rsi_bt_set_local_name_command_handler
 .text.rsi_bt_get_local_name_command_handler
                0x08202390       0x24 ./ble_commands.o
                0x08202390                rsi_bt_get_local_name_command_handler
 .text.rsi_bt_get_local_device_address_command_handler
                0x082023b4       0x2c ./ble_commands.o
                0x082023b4                rsi_bt_get_local_device_address_command_handler
 .text.rsi_ble_set_advertise_data_command_handler
                0x082023e0       0x28 ./ble_commands.o
                0x082023e0                rsi_ble_set_advertise_data_command_handler
 .text.rsi_ble_start_advertising_command_handler
                0x08202408        0x4 ./ble_commands.o
                0x08202408                rsi_ble_start_advertising_command_handler
 .text.rsi_ble_stop_advertising_command_handler
                0x0820240c        0x4 ./ble_commands.o
                0x0820240c                rsi_ble_stop_advertising_command_handler
 .text.print_errno
                0x08202410       0x18 ./bsd_socket_commands.o
 .text.wifi_bsd_socket_create_handler
                0x08202428       0x28 ./bsd_socket_commands.o
                0x08202428                wifi_bsd_socket_create_handler
 .text.wifi_bsd_socket_bind_handler
                0x08202450       0x4a ./bsd_socket_commands.o
                0x08202450                wifi_bsd_socket_bind_handler
 .text.wifi_bsd_socket_listen_handler
                0x0820249a       0x1a ./bsd_socket_commands.o
                0x0820249a                wifi_bsd_socket_listen_handler
 .text.wifi_bsd_socket_accept_handler
                0x082024b4       0x68 ./bsd_socket_commands.o
                0x082024b4                wifi_bsd_socket_accept_handler
 .text.wifi_bsd_socket_receive_from_handler
                0x0820251c       0x6c ./bsd_socket_commands.o
                0x0820251c                wifi_bsd_socket_receive_from_handler
 .text.wifi_bsd_socket_receive_handler
                0x08202588       0x30 ./bsd_socket_commands.o
                0x08202588                wifi_bsd_socket_receive_handler
 .text.wifi_bsd_socket_send_handler
                0x082025b8       0x40 ./bsd_socket_commands.o
                0x082025b8                wifi_bsd_socket_send_handler
 .text.wifi_bsd_socket_send_to_handler
                0x082025f8       0x78 ./bsd_socket_commands.o
                0x082025f8                wifi_bsd_socket_send_to_handler
 .text.wifi_bsd_socket_connect_handler
                0x08202670       0x50 ./bsd_socket_commands.o
                0x08202670                wifi_bsd_socket_connect_handler
 .text.wifi_bsd_socket_close_handler
                0x082026c0       0x18 ./bsd_socket_commands.o
                0x082026c0                wifi_bsd_socket_close_handler
 .text.wifi_bsd_get_host_by_name_handler
                0x082026d8       0x38 ./bsd_socket_commands.o
                0x082026d8                wifi_bsd_get_host_by_name_handler
 .text.wifi_bsd_get_sock_name
                0x08202710       0x68 ./bsd_socket_commands.o
                0x08202710                wifi_bsd_get_sock_name
 .text.wifi_bsd_select_handler
                0x08202778       0xc8 ./bsd_socket_commands.o
                0x08202778                wifi_bsd_select_handler
 .text.wifi_bsd_socket_get_opt_handler
                0x08202840       0x3c ./bsd_socket_commands.o
                0x08202840                wifi_bsd_socket_get_opt_handler
 .text.wifi_bsd_get_peer_name
                0x0820287c       0x68 ./bsd_socket_commands.o
                0x0820287c                wifi_bsd_get_peer_name
 .text.wifi_bsd_socket_set_opt_handler
                0x082028e4       0x2c ./bsd_socket_commands.o
                0x082028e4                wifi_bsd_socket_set_opt_handler
 .text.print_command_args
                0x08202910       0xe8 ./demo.o
 .text.app_init
                0x082029f8       0x14 ./demo.o
                0x082029f8                app_init
 .text.print_status
                0x08202a0c       0x20 ./demo.o
                0x08202a0c                print_status
 .text.application_start
                0x08202a2c       0xe0 ./demo.o
                0x08202a2c                application_start
 .text.help_command_handler
                0x08202b0c       0x78 ./demo.o
                0x08202b0c                help_command_handler
 .text.thread_command_handler
                0x08202b84       0x6c ./demo.o
                0x08202b84                thread_command_handler
 .text.rtt_command_handler
                0x08202bf0        0x4 ./demo.o
                0x08202bf0                rtt_command_handler
 .text.wifi_reset_command_handler
                0x08202bf4       0x24 ./device_commands.o
                0x08202bf4                wifi_reset_command_handler
 .text.print_iot_status
                0x08202c18        0xc ./iot_socket_commands.o
 .text.wifi_iot_socket_create_handler
                0x08202c24       0x30 ./iot_socket_commands.o
                0x08202c24                wifi_iot_socket_create_handler
 .text.wifi_iot_socket_close_handler
                0x08202c54       0x18 ./iot_socket_commands.o
                0x08202c54                wifi_iot_socket_close_handler
 .text.wifi_iot_socket_bind_handler
                0x08202c6c       0x28 ./iot_socket_commands.o
                0x08202c6c                wifi_iot_socket_bind_handler
 .text.wifi_iot_socket_listen_handler
                0x08202c94       0x1a ./iot_socket_commands.o
                0x08202c94                wifi_iot_socket_listen_handler
 *fill*         0x08202cae        0x2 
 .text.wifi_iot_socket_accept_handler
                0x08202cb0       0x38 ./iot_socket_commands.o
                0x08202cb0                wifi_iot_socket_accept_handler
 .text.wifi_iot_socket_connect_handler
                0x08202ce8       0x28 ./iot_socket_commands.o
                0x08202ce8                wifi_iot_socket_connect_handler
 .text.wifi_iot_socket_send_handler
                0x08202d10       0x30 ./iot_socket_commands.o
                0x08202d10                wifi_iot_socket_send_handler
 .text.wifi_iot_socket_get_socket_name_handler
                0x08202d40       0x54 ./iot_socket_commands.o
                0x08202d40                wifi_iot_socket_get_socket_name_handler
 .text.wifi_iot_socket_get_peer_name_handler
                0x08202d94       0x54 ./iot_socket_commands.o
                0x08202d94                wifi_iot_socket_get_peer_name_handler
 .text.wifi_iot_socket_set_opt_handler
                0x08202de8       0x28 ./iot_socket_commands.o
                0x08202de8                wifi_iot_socket_set_opt_handler
 .text.wifi_iot_socket_get_opt_handler
                0x08202e10       0x34 ./iot_socket_commands.o
                0x08202e10                wifi_iot_socket_get_opt_handler
 .text.wifi_iot_socket_receive_handler
                0x08202e44       0x3c ./iot_socket_commands.o
                0x08202e44                wifi_iot_socket_receive_handler
 .text.wifi_iot_socket_receive_from_handler
                0x08202e80       0x80 ./iot_socket_commands.o
                0x08202e80                wifi_iot_socket_receive_from_handler
 .text.wifi_iot_get_host_by_name_handler
                0x08202f00       0x40 ./iot_socket_commands.o
                0x08202f00                wifi_iot_get_host_by_name_handler
 .text.wifi_iot_socket_send_to_handler
                0x08202f40       0x50 ./iot_socket_commands.o
                0x08202f40                wifi_iot_socket_send_to_handler
 .text.startup.main
                0x08202f90       0x12 ./main.o
                0x08202f90                main
 *fill*         0x08202fa2        0x2 
 .text.ping_response_callback_handler
                0x08202fa4       0x30 ./network_commands.o
                0x08202fa4                ping_response_callback_handler
 .text.net_init_command_handler
                0x08202fd4       0x44 ./network_commands.o
                0x08202fd4                net_init_command_handler
 .text.net_deinit_command_handler
                0x08203018       0x30 ./network_commands.o
                0x08203018                net_deinit_command_handler
 .text.net_up_command_handler
                0x08203048       0x8c ./network_commands.o
                0x08203048                net_up_command_handler
 .text.net_down_command_handler
                0x082030d4       0x30 ./network_commands.o
                0x082030d4                net_down_command_handler
 .text.set_nvm_profile_command_handler
                0x08203104      0x108 ./network_commands.o
                0x08203104                set_nvm_profile_command_handler
 .text.sl_dns_hostgetbyname_command_handler
                0x0820320c       0x42 ./network_commands.o
                0x0820320c                sl_dns_hostgetbyname_command_handler
 .text.sl_net_ping_command_handler
                0x0820324e       0x40 ./network_commands.o
                0x0820324e                sl_net_ping_command_handler
 *fill*         0x0820328e        0x2 
 .text.start_dhcp_command_handler
                0x08203290       0xdc ./network_commands.o
                0x08203290                start_dhcp_command_handler
 .text.net_join_multicast_address_command_handler
                0x0820336c       0x32 ./network_commands.o
                0x0820336c                net_join_multicast_address_command_handler
 .text.net_leave_multicast_address_command_handler
                0x0820339e       0x32 ./network_commands.o
                0x0820339e                net_leave_multicast_address_command_handler
 .text.show_scan_results
                0x082033d0       0xcc ./wifi_commands.o
 .text.scan_callback_handler
                0x0820349c       0x34 ./wifi_commands.o
                0x0820349c                scan_callback_handler
 .text.wifi_stats_receive_handler
                0x082034d0       0xd0 ./wifi_commands.o
                0x082034d0                wifi_stats_receive_handler
 .text.join_callback_handler
                0x082035a0       0x3c ./wifi_commands.o
                0x082035a0                join_callback_handler
 .text.twt_callback_handler
                0x082035dc      0x210 ./wifi_commands.o
 .text.wifi_statistic_thread
                0x082037ec      0x124 ./wifi_commands.o
                0x082037ec                wifi_statistic_thread
 .text.wifi_init_command_handler
                0x08203910      0x1fc ./wifi_commands.o
                0x08203910                wifi_init_command_handler
 .text.wifi_set_antenna_command_handler
                0x08203b0c       0x18 ./wifi_commands.o
                0x08203b0c                wifi_set_antenna_command_handler
 .text.wifi_get_signal_strength_command_handler
                0x08203b24       0x2c ./wifi_commands.o
                0x08203b24                wifi_get_signal_strength_command_handler
 .text.wifi_scan_command_handler
                0x08203b50      0x158 ./wifi_commands.o
                0x08203b50                wifi_scan_command_handler
 .text.wifi_set_tx_power_command_handler
                0x08203ca8       0x28 ./wifi_commands.o
                0x08203ca8                wifi_set_tx_power_command_handler
 .text.wifi_get_tx_power_command_handler
                0x08203cd0       0x38 ./wifi_commands.o
                0x08203cd0                wifi_get_tx_power_command_handler
 .text.wifi_connect_command_handler
                0x08203d08      0x218 ./wifi_commands.o
                0x08203d08                wifi_connect_command_handler
 .text.wifi_disconnect_command_handler
                0x08203f20        0xe ./wifi_commands.o
                0x08203f20                wifi_disconnect_command_handler
 .text.wifi_get_firmware_version_command_handler
                0x08203f2e       0x22 ./wifi_commands.o
                0x08203f2e                wifi_get_firmware_version_command_handler
 .text.wifi_get_statistics_command_handler
                0x08203f50       0x74 ./wifi_commands.o
                0x08203f50                wifi_get_statistics_command_handler
 .text.wifi_start_statistic_report_command_handler
                0x08203fc4       0x28 ./wifi_commands.o
                0x08203fc4                wifi_start_statistic_report_command_handler
 .text.wifi_stop_statistic_report_command_handler
                0x08203fec       0xd0 ./wifi_commands.o
                0x08203fec                wifi_stop_statistic_report_command_handler
 .text.wifi_get_mac_address_command_handler
                0x082040bc       0x58 ./wifi_commands.o
                0x082040bc                wifi_get_mac_address_command_handler
 .text.wifi_set_channel_command_handler
                0x08204114       0x2c ./wifi_commands.o
                0x08204114                wifi_set_channel_command_handler
 .text.wifi_get_channel_command_handler
                0x08204140       0x48 ./wifi_commands.o
                0x08204140                wifi_get_channel_command_handler
 .text.wifi_disconnect_ap_client_command_handler
                0x08204188       0x12 ./wifi_commands.o
                0x08204188                wifi_disconnect_ap_client_command_handler
 *fill*         0x0820419a        0x2 
 .text.wifi_get_ap_client_info_command_handler
                0x0820419c       0x84 ./wifi_commands.o
                0x0820419c                wifi_get_ap_client_info_command_handler
 .text.wifi_set_performance_profile_command_handler
                0x08204220       0x1e ./wifi_commands.o
                0x08204220                wifi_set_performance_profile_command_handler
 *fill*         0x0820423e        0x2 
 .text.wifi_get_performance_profile_command_handler
                0x08204240       0x38 ./wifi_commands.o
                0x08204240                wifi_get_performance_profile_command_handler
 .text.wifi_deinit_command_handler
                0x08204278        0x4 ./wifi_commands.o
                0x08204278                wifi_deinit_command_handler
 .text.wifi_start_ap_command_handler
                0x0820427c      0x114 ./wifi_commands.o
                0x0820427c                wifi_start_ap_command_handler
 .text.wifi_load_certificate_handler
                0x08204390       0xbc ./wifi_commands.o
                0x08204390                wifi_load_certificate_handler
 .text.wifi_is_interface_up_command_handler
                0x0820444c       0x28 ./wifi_commands.o
                0x0820444c                wifi_is_interface_up_command_handler
 .text.wifi_get_default_interface_command_handler
                0x08204474       0x34 ./wifi_commands.o
                0x08204474                wifi_get_default_interface_command_handler
 .text.wifi_set_default_interface_command_handler
                0x082044a8        0xc ./wifi_commands.o
                0x082044a8                wifi_set_default_interface_command_handler
 .text.wifi_set_transmit_rate_command_handler
                0x082044b4       0x30 ./wifi_commands.o
                0x082044b4                wifi_set_transmit_rate_command_handler
 .text.wifi_set_roam_configuration_command_handler
                0x082044e4       0x24 ./wifi_commands.o
                0x082044e4                wifi_set_roam_configuration_command_handler
 .text.wifi_get_transmit_rate_command_handler
                0x08204508       0x74 ./wifi_commands.o
                0x08204508                wifi_get_transmit_rate_command_handler
 .text.wifi_get_ap_client_list_command_handler
                0x0820457c       0x74 ./wifi_commands.o
                0x0820457c                wifi_get_ap_client_list_command_handler
 .text.wifi_get_ap_client_count_command_handler
                0x082045f0       0x28 ./wifi_commands.o
                0x082045f0                wifi_get_ap_client_count_command_handler
 .text.wifi_generate_wps_pin_command_handler
                0x08204618       0x20 ./wifi_commands.o
                0x08204618                wifi_generate_wps_pin_command_handler
 .text.wifi_start_wps
                0x08204638       0x3c ./wifi_commands.o
                0x08204638                wifi_start_wps
 .text.sl_wifi_set_advanced_scan_configuration_command_handler
                0x08204674       0x4e ./wifi_commands.o
                0x08204674                sl_wifi_set_advanced_scan_configuration_command_handler
 *fill*         0x082046c2        0x2 
 .text.sl_wifi_get_advanced_scan_configuration_command_handler
                0x082046c4       0x3c ./wifi_commands.o
                0x082046c4                sl_wifi_get_advanced_scan_configuration_command_handler
 .text.wifi_stop_scan_command_handler
                0x08204700        0xe ./wifi_commands.o
                0x08204700                wifi_stop_scan_command_handler
 *fill*         0x0820470e        0x2 
 .text.wifi_get_ap_configuration_command_handler
                0x08204710       0x58 ./wifi_commands.o
                0x08204710                wifi_get_ap_configuration_command_handler
 .text.wifi_set_ap_configuration_command_handler
                0x08204768       0xb4 ./wifi_commands.o
                0x08204768                wifi_set_ap_configuration_command_handler
 .text.wifi_test_client_configuration_command_handler
                0x0820481c      0x104 ./wifi_commands.o
                0x0820481c                wifi_test_client_configuration_command_handler
 .text.sl_wifi_send_raw_data_command_handler
                0x08204920       0xb4 ./wifi_commands.o
                0x08204920                sl_wifi_send_raw_data_command_handler
 .text.sl_wifi_enable_twt
                0x082049d4       0x58 ./wifi_commands.o
                0x082049d4                sl_wifi_enable_twt
 .text.sl_wifi_disable_twt
                0x08204a2c       0x58 ./wifi_commands.o
                0x08204a2c                sl_wifi_disable_twt
 .text.sl_wifi_filter_broadcast_command_handler
                0x08204a84        0xc ./wifi_commands.o
                0x08204a84                sl_wifi_filter_broadcast_command_handler
 .text.sl_wifi_assert_command_handler
                0x08204a90        0x4 ./wifi_commands.o
                0x08204a90                sl_wifi_assert_command_handler
 .text.sl_wifi_update_gain_table_command_handler
                0x08204a94       0x28 ./wifi_commands.o
                0x08204a94                sl_wifi_update_gain_table_command_handler
 .text.sl_wifi_set_11ax_config_command_handler
                0x08204abc        0x6 ./wifi_commands.o
                0x08204abc                sl_wifi_set_11ax_config_command_handler
 .text.sl_si91x_get_ram_log_command_handler
                0x08204ac2        0xe ./wifi_commands.o
                0x08204ac2                sl_si91x_get_ram_log_command_handler
 .text.sl_wifi_transmit_test_start_command_handler
                0x08204ad0       0x74 ./wifi_commands.o
                0x08204ad0                sl_wifi_transmit_test_start_command_handler
 .text.sl_wifi_ax_transmit_test_start_command_handler
                0x08204b44       0x9c ./wifi_commands.o
                0x08204b44                sl_wifi_ax_transmit_test_start_command_handler
 .text.sl_wifi_transmit_test_stop_command_handler
                0x08204be0        0x4 ./wifi_commands.o
                0x08204be0                sl_wifi_transmit_test_stop_command_handler
 .text.wifi_set_advanced_client_config_command_handler
                0x08204be4       0x44 ./wifi_commands.o
                0x08204be4                wifi_set_advanced_client_config_command_handler
 .text.wifi_get_pairwise_master_key_command_handler
                0x08204c28       0x4e ./wifi_commands.o
                0x08204c28                wifi_get_pairwise_master_key_command_handler
 *fill*         0x08204c76        0x2 
 .text.sl_si91x_calibration_write_command_handler
                0x08204c78       0x54 ./wifi_commands.o
                0x08204c78                sl_si91x_calibration_write_command_handler
 .text.sl_si91x_calibration_read_command_handler
                0x08204ccc       0x5c ./wifi_commands.o
                0x08204ccc                sl_si91x_calibration_read_command_handler
 .text.sl_si91x_frequency_offset_command_handler
                0x08204d28       0x12 ./wifi_commands.o
                0x08204d28                sl_si91x_frequency_offset_command_handler
 *fill*         0x08204d3a        0x2 
 .text.measure_and_print_throughput
                0x08204d3c       0x74 ./wifi_per_normal_app.o
 .text.ap_disconnected_event_handler
                0x08204db0       0x28 ./wifi_per_normal_app.o
 .text.ap_connected_event_handler
                0x08204dd8       0x28 ./wifi_per_normal_app.o
 .text.data_callback
                0x08204e00       0xb4 ./wifi_per_normal_app.o
                0x08204e00                data_callback
 .text.wifi_per_normal_stop_command_handler
                0x08204eb4       0x1c ./wifi_per_normal_app.o
                0x08204eb4                wifi_per_normal_stop_command_handler
 .text.switch_m4_frequency
                0x08204ed0       0x6c ./wifi_per_normal_app.o
                0x08204ed0                switch_m4_frequency
 .text.send_data_to_tcp_server
                0x08204f3c      0x1a4 ./wifi_per_normal_app.o
                0x08204f3c                send_data_to_tcp_server
 .text.receive_data_from_tcp_client
                0x082050e0      0x1c4 ./wifi_per_normal_app.o
                0x082050e0                receive_data_from_tcp_client
 .text.send_data_to_udp_server
                0x082052a4      0x180 ./wifi_per_normal_app.o
                0x082052a4                send_data_to_udp_server
 .text.receive_data_from_udp_client
                0x08205424      0x118 ./wifi_per_normal_app.o
                0x08205424                receive_data_from_udp_client
 .text.receive_data_from_tls_server
                0x0820553c      0x1bc ./wifi_per_normal_app.o
                0x0820553c                receive_data_from_tls_server
 .text.send_data_to_tls_server
                0x082056f8      0x1d8 ./wifi_per_normal_app.o
                0x082056f8                send_data_to_tls_server
 .text.application_start
                0x082058d0      0x3b4 ./wifi_per_normal_app.o
 .text.print_region_set
                0x08205c84       0x6c ./wifi_per_normal_app.o
                0x08205c84                print_region_set
 .text.print_wifi_mode
                0x08205cf0       0x28 ./wifi_per_normal_app.o
                0x08205cf0                print_wifi_mode
 .text.print_throughput_type
                0x08205d18       0x50 ./wifi_per_normal_app.o
                0x08205d18                print_throughput_type
 .text.wifi_per_normal_start
                0x08205d68       0x90 ./wifi_per_normal_app.o
                0x08205d68                wifi_per_normal_start
 .text.wifi_per_normal_command_handler
                0x08205df8       0x60 ./wifi_per_normal_app.o
                0x08205df8                wifi_per_normal_command_handler
 .text.sl_strnlen
                0x08205e58       0x16 ./gecko_sdk_4.4.1/platform/common/src/sl_string.o
                0x08205e58                sl_strnlen
 .text.sli_osTaskRegisterSetValue
                0x08205e6e        0xa ./gecko_sdk_4.4.1/platform/common/src/sli_cmsis_os2_ext_task_register.o
                0x08205e6e                sli_osTaskRegisterSetValue
 .text.sl_system_init
                0x08205e78       0x1a ./gecko_sdk_4.4.1/platform/service/system/src/sl_system_init.o
                0x08205e78                sl_system_init
 .text.sl_system_kernel_start
                0x08205e92        0x4 ./gecko_sdk_4.4.1/platform/service/system/src/sl_system_kernel.o
                0x08205e92                sl_system_kernel_start
 *fill*         0x08205e96        0x2 
 .text.RSI_Board_Init
                0x08205e98       0x5c ./wiseconnect3_sdk_3.1.4/components/board/silabs/src/rsi_board.o
                0x08205e98                RSI_Board_Init
 .text.convert_string_to_sl_ipv4_address
                0x08205ef4       0x48 ./wiseconnect3_sdk_3.1.4/components/common/src/sl_utility.o
                0x08205ef4                convert_string_to_sl_ipv4_address
 .text.print_sl_ipv4_address
                0x08205f3c       0x1c ./wiseconnect3_sdk_3.1.4/components/common/src/sl_utility.o
                0x08205f3c                print_sl_ipv4_address
 .text.print_mac_address
                0x08205f58       0x28 ./wiseconnect3_sdk_3.1.4/components/common/src/sl_utility.o
                0x08205f58                print_mac_address
 .text.little_to_big_endian
                0x08205f80       0x2e ./wiseconnect3_sdk_3.1.4/components/common/src/sl_utility.o
                0x08205f80                little_to_big_endian
 *fill*         0x08205fae        0x2 
 .text.sl_inet_ntop6
                0x08205fb0      0x144 ./wiseconnect3_sdk_3.1.4/components/common/src/sl_utility.o
                0x08205fb0                sl_inet_ntop6
 .text.print_sl_ipv6_address
                0x082060f4       0x2c ./wiseconnect3_sdk_3.1.4/components/common/src/sl_utility.o
                0x082060f4                print_sl_ipv6_address
 .text.print_sl_ip_address
                0x08206120       0x16 ./wiseconnect3_sdk_3.1.4/components/common/src/sl_utility.o
                0x08206120                print_sl_ip_address
 .text.convert_string_to_mac_address
                0x08206136       0x8e ./wiseconnect3_sdk_3.1.4/components/common/src/sl_utility.o
                0x08206136                convert_string_to_mac_address
 .text.print_firmware_version
                0x082061c4       0x2c ./wiseconnect3_sdk_3.1.4/components/common/src/sl_utility.o
                0x082061c4                print_firmware_version
 .text.sl_debug_log
                0x082061f0        0x6 ./wiseconnect3_sdk_3.1.4/components/common/src/sl_utility.o
                0x082061f0                sl_debug_log
 .text.escape   0x082061f6       0x20 ./wiseconnect3_sdk_3.1.4/components/console/console.o
 *fill*         0x08206216        0x2 
 .text.console_parse_arg
                0x08206218       0xb4 ./wiseconnect3_sdk_3.1.4/components/console/console.o
                0x08206218                console_parse_arg
 .text.console_tokenize
                0x082062cc       0xce ./wiseconnect3_sdk_3.1.4/components/console/console.o
                0x082062cc                console_tokenize
 .text.console_find_command
                0x0820639a       0xb8 ./wiseconnect3_sdk_3.1.4/components/console/console.o
                0x0820639a                console_find_command
 .text.console_parse_command
                0x08206452      0x132 ./wiseconnect3_sdk_3.1.4/components/console/console.o
                0x08206452                console_parse_command
 .text.console_process_buffer
                0x08206584       0x2c ./wiseconnect3_sdk_3.1.4/components/console/console_minimal_uart_plugin.o
                0x08206584                console_process_buffer
 .text.cache_uart_rx_data
                0x082065b0       0x18 ./wiseconnect3_sdk_3.1.4/components/console/console_minimal_uart_plugin.o
                0x082065b0                cache_uart_rx_data
 .text.console_process_uart_data
                0x082065c8      0x134 ./wiseconnect3_sdk_3.1.4/components/console/console_minimal_uart_plugin.o
                0x082065c8                console_process_uart_data
 .text.find_variable_node
                0x082066fc       0x80 ./wiseconnect3_sdk_3.1.4/components/console/variables/console_variables.o
 .text.print_variable.isra.0
                0x0820677c       0xac ./wiseconnect3_sdk_3.1.4/components/console/variables/console_variables.o
 .text.find_structure_entry
                0x08206828       0x28 ./wiseconnect3_sdk_3.1.4/components/console/variables/console_variables.o
                0x08206828                find_structure_entry
 .text.console_variable_get
                0x08206850       0x46 ./wiseconnect3_sdk_3.1.4/components/console/variables/console_variables.o
                0x08206850                console_variable_get
 .text.console_variable_set
                0x08206896       0x7c ./wiseconnect3_sdk_3.1.4/components/console/variables/console_variables.o
                0x08206896                console_variable_set
 *fill*         0x08206912        0x2 
 .text.console_variable_list
                0x08206914      0x138 ./wiseconnect3_sdk_3.1.4/components/console/variables/console_variables.o
                0x08206914                console_variable_list
 .text.init_ipmu_calib_data
                0x08206a4c       0x54 ./wiseconnect3_sdk_3.1.4/components/device/silabs/si91x/mcu/core/chip/src/iPMU_prog/iPMU_dotc/ipmu_apis.o
                0x08206a4c                init_ipmu_calib_data
 .text.program_ipmu_data
                0x08206aa0       0x54 ./wiseconnect3_sdk_3.1.4/components/device/silabs/si91x/mcu/core/chip/src/iPMU_prog/iPMU_dotc/ipmu_apis.o
                0x08206aa0                program_ipmu_data
 .text.ipmu_init_mcu
                0x08206af4       0x94 ./wiseconnect3_sdk_3.1.4/components/device/silabs/si91x/mcu/core/chip/src/iPMU_prog/iPMU_dotc/ipmu_apis.o
                0x08206af4                ipmu_init_mcu
 .text.ipmu_init
                0x08206b88       0xa8 ./wiseconnect3_sdk_3.1.4/components/device/silabs/si91x/mcu/core/chip/src/iPMU_prog/iPMU_dotc/ipmu_apis.o
                0x08206b88                ipmu_init
 .text.configure_ipmu_mode
                0x08206c30       0x38 ./wiseconnect3_sdk_3.1.4/components/device/silabs/si91x/mcu/core/chip/src/iPMU_prog/iPMU_dotc/ipmu_apis.o
                0x08206c30                configure_ipmu_mode
 .text.Default_Handler
                0x08206c68        0x2 ./wiseconnect3_sdk_3.1.4/components/device/silabs/si91x/mcu/core/chip/src/startup_si91x.o
                0x08206c68                DebugMon_Handler
                0x08206c68                IRQ031_Handler
                0x08206c68                HardFault_Handler
                0x08206c68                IRQ058_Handler
                0x08206c68                IRQ095_Handler
                0x08206c68                IRQ065_Handler
                0x08206c68                IRQ019_Handler
                0x08206c68                IRQ056_Handler
                0x08206c68                IRQ093_Handler
                0x08206c68                NMI_Handler
                0x08206c68                IRQ011_Handler
                0x08206c68                IRQ014_Handler
                0x08206c68                IRQ051_Handler
                0x08206c68                IRQ027_Handler
                0x08206c68                IRQ062_Handler
                0x08206c68                IRQ097_Handler
                0x08206c68                IRQ088_Handler
                0x08206c68                IRQ034_Handler
                0x08206c68                IRQ071_Handler
                0x08206c68                IRQ067_Handler
                0x08206c68                IRQ070_Handler
                0x08206c68                IRQ077_Handler
                0x08206c68                IRQ028_Handler
                0x08206c68                IRQ063_Handler
                0x08206c68                IRQ076_Handler
                0x08206c68                UsageFault_Handler
                0x08206c68                IRQ023_Handler
                0x08206c68                IRQ009_Handler
                0x08206c68                IRQ048_Handler
                0x08206c68                IRQ083_Handler
                0x08206c68                IRQ089_Handler
                0x08206c68                HIF1_IRQHandler
                0x08206c68                IRQ037_Handler
                0x08206c68                IRQ072_Handler
                0x08206c68                IRQ021_Handler
                0x08206c68                IRQ008_Handler
                0x08206c68                IRQ047_Handler
                0x08206c68                IRQ082_Handler
                0x08206c68                IRQ022_Handler
                0x08206c68                IRQ007_Handler
                0x08206c68                IRQ046_Handler
                0x08206c68                IRQ081_Handler
                0x08206c68                IRQ004_Handler
                0x08206c68                IRQ043_Handler
                0x08206c68                IRQ002_Handler
                0x08206c68                IRQ041_Handler
                0x08206c68                IRQ098_Handler
                0x08206c68                IRQ000_Handler
                0x08206c68                IRQ005_Handler
                0x08206c68                IRQ044_Handler
                0x08206c68                IRQ049_Handler
                0x08206c68                IRQ084_Handler
                0x08206c68                IRQ006_Handler
                0x08206c68                IRQ045_Handler
                0x08206c68                IRQ080_Handler
                0x08206c68                IRQ015_Handler
                0x08206c68                IRQ052_Handler
                0x08206c68                MemManage_Handler
                0x08206c68                HIF2_IRQHandler
                0x08206c68                IRQ001_Handler
                0x08206c68                IRQ040_Handler
                0x08206c68                IRQ068_Handler
                0x08206c68                IRQ059_Handler
                0x08206c68                IRQ096_Handler
                0x08206c68                IRQ003_Handler
                0x08206c68                IRQ042_Handler
                0x08206c68                IRQ024_Handler
                0x08206c68                IRQ016_Handler
                0x08206c68                IRQ053_Handler
                0x08206c68                IRQ090_Handler
                0x08206c68                IRQ078_Handler
                0x08206c68                IRQ032_Handler
                0x08206c68                IRQ020_Handler
                0x08206c68                IRQ073_Handler
                0x08206c68                IRQ018_Handler
                0x08206c68                IRQ055_Handler
                0x08206c68                IRQ092_Handler
                0x08206c68                IRQ087_Handler
                0x08206c68                IRQ026_Handler
                0x08206c68                IRQ061_Handler
                0x08206c68                IRQ025_Handler
                0x08206c68                IRQ060_Handler
                0x08206c68                IRQ085_Handler
                0x08206c68                IRQ013_Handler
                0x08206c68                IRQ050_Handler
                0x08206c68                IRQ030_Handler
                0x08206c68                IRQ029_Handler
                0x08206c68                IRQ064_Handler
                0x08206c68                IRQ066_Handler
                0x08206c68                IRQ017_Handler
                0x08206c68                IRQ054_Handler
                0x08206c68                IRQ091_Handler
                0x08206c68                BusFault_Handler
                0x08206c68                IRQ069_Handler
                0x08206c68                IRQ075_Handler
                0x08206c68                IRQ086_Handler
                0x08206c68                IRQ057_Handler
                0x08206c68                IRQ094_Handler
                0x08206c68                IRQ079_Handler
 .text.Default_Reset_Handler
                0x08206c6a        0x2 ./wiseconnect3_sdk_3.1.4/components/device/silabs/si91x/mcu/core/chip/src/startup_si91x.o
                0x08206c6a                Default_Reset_Handler
                0x08206c6a                Reset_Handler
 .text.Copy_Table
                0x08206c6c       0x24 ./wiseconnect3_sdk_3.1.4/components/device/silabs/si91x/mcu/core/chip/src/startup_si91x.o
                0x08206c6c                Copy_Table
 .text.Zero_Table
                0x08206c90       0x24 ./wiseconnect3_sdk_3.1.4/components/device/silabs/si91x/mcu/core/chip/src/startup_si91x.o
                0x08206c90                Zero_Table
 .text.SystemCoreClockUpdate
                0x08206cb4      0x104 ./wiseconnect3_sdk_3.1.4/components/device/silabs/si91x/mcu/core/chip/src/system_si91x.o
                0x08206cb4                SystemCoreClockUpdate
 .text.fpuInit  0x08206db8       0x44 ./wiseconnect3_sdk_3.1.4/components/device/silabs/si91x/mcu/core/chip/src/system_si91x.o
                0x08206db8                fpuInit
 .text.SystemInit
                0x08206dfc       0xe4 ./wiseconnect3_sdk_3.1.4/components/device/silabs/si91x/mcu/core/chip/src/system_si91x.o
                0x08206dfc                SystemInit
 .text.ARM_UART_SignalEvent
                0x08206ee0       0x40 ./wiseconnect3_sdk_3.1.4/components/device/silabs/si91x/mcu/core/common/src/rsi_debug.o
                0x08206ee0                ARM_UART_SignalEvent
 .text.Board_Debug_Init
                0x08206f20       0x44 ./wiseconnect3_sdk_3.1.4/components/device/silabs/si91x/mcu/core/common/src/rsi_debug.o
                0x08206f20                Board_Debug_Init
 .text.Board_UARTGetChar
                0x08206f64       0x30 ./wiseconnect3_sdk_3.1.4/components/device/silabs/si91x/mcu/core/common/src/rsi_debug.o
                0x08206f64                Board_UARTGetChar
 .text.Board_UARTPutChar
                0x08206f94       0x30 ./wiseconnect3_sdk_3.1.4/components/device/silabs/si91x/mcu/core/common/src/rsi_debug.o
                0x08206f94                Board_UARTPutChar
 .text.read_exclude_space
                0x08206fc4       0x20 ./wiseconnect3_sdk_3.1.4/components/device/silabs/si91x/mcu/core/common/src/syscalls.o
 .text._getpid  0x08206fe4        0x4 ./wiseconnect3_sdk_3.1.4/components/device/silabs/si91x/mcu/core/common/src/syscalls.o
                0x08206fe4                _getpid
 .text._kill    0x08206fe8       0x10 ./wiseconnect3_sdk_3.1.4/components/device/silabs/si91x/mcu/core/common/src/syscalls.o
                0x08206fe8                _kill
 .text._exit    0x08206ff8        0xc ./wiseconnect3_sdk_3.1.4/components/device/silabs/si91x/mcu/core/common/src/syscalls.o
                0x08206ff8                _exit
 .text._write   0x08207004       0x1c ./wiseconnect3_sdk_3.1.4/components/device/silabs/si91x/mcu/core/common/src/syscalls.o
                0x08207004                _write
 .text._close   0x08207020        0x6 ./wiseconnect3_sdk_3.1.4/components/device/silabs/si91x/mcu/core/common/src/syscalls.o
                0x08207020                _close
 .text._fstat   0x08207026        0xa ./wiseconnect3_sdk_3.1.4/components/device/silabs/si91x/mcu/core/common/src/syscalls.o
                0x08207026                _fstat
 .text._isatty  0x08207030        0x4 ./wiseconnect3_sdk_3.1.4/components/device/silabs/si91x/mcu/core/common/src/syscalls.o
                0x08207030                _isatty
 .text._lseek   0x08207034        0x4 ./wiseconnect3_sdk_3.1.4/components/device/silabs/si91x/mcu/core/common/src/syscalls.o
                0x08207034                _lseek
 .text._read    0x08207038      0x30c ./wiseconnect3_sdk_3.1.4/components/device/silabs/si91x/mcu/core/common/src/syscalls.o
                0x08207038                _read
 .text.sl_si91x_device_init_nvic
                0x08207344       0x18 ./wiseconnect3_sdk_3.1.4/components/device/silabs/si91x/mcu/core/config/src/rsi_nvic_priorities_config.o
                0x08207344                sl_si91x_device_init_nvic
 .text.IRQ033_Handler
                0x0820735c       0x20 ./wiseconnect3_sdk_3.1.4/components/device/silabs/si91x/mcu/drivers/cmsis_driver/UDMA.o
                0x0820735c                IRQ033_Handler
 .text.IRQ010_Handler
                0x0820737c       0x20 ./wiseconnect3_sdk_3.1.4/components/device/silabs/si91x/mcu/drivers/cmsis_driver/UDMA.o
                0x0820737c                IRQ010_Handler
 .text.ARM_USARTx_GetVersion
                0x0820739c       0x20 ./wiseconnect3_sdk_3.1.4/components/device/silabs/si91x/mcu/drivers/cmsis_driver/USART.o
                0x0820739c                ARM_USARTx_GetVersion
 .text.ARM_ULP_UART_GetCapabilities
                0x082073bc        0xc ./wiseconnect3_sdk_3.1.4/components/device/silabs/si91x/mcu/drivers/cmsis_driver/USART.o
 .text.ARM_ULP_UART_GetModemStatus
                0x082073c8        0xc ./wiseconnect3_sdk_3.1.4/components/device/silabs/si91x/mcu/drivers/cmsis_driver/USART.o
 .text.ARM_ULP_UART_SetModemControl
                0x082073d4        0xc ./wiseconnect3_sdk_3.1.4/components/device/silabs/si91x/mcu/drivers/cmsis_driver/USART.o
 .text.ARM_ULP_UART_GetStatus
                0x082073e0        0xc ./wiseconnect3_sdk_3.1.4/components/device/silabs/si91x/mcu/drivers/cmsis_driver/USART.o
 .text.ARM_ULP_UART_Control
                0x082073ec       0x34 ./wiseconnect3_sdk_3.1.4/components/device/silabs/si91x/mcu/drivers/cmsis_driver/USART.o
 .text.ARM_ULP_UART_GetRxCount
                0x08207420        0xc ./wiseconnect3_sdk_3.1.4/components/device/silabs/si91x/mcu/drivers/cmsis_driver/USART.o
 .text.ARM_ULP_UART_GetTxCount
                0x0820742c        0xc ./wiseconnect3_sdk_3.1.4/components/device/silabs/si91x/mcu/drivers/cmsis_driver/USART.o
 .text.ARM_ULP_UART_Transfer
                0x08207438       0x54 ./wiseconnect3_sdk_3.1.4/components/device/silabs/si91x/mcu/drivers/cmsis_driver/USART.o
 .text.ARM_ULP_UART_Receive
                0x0820748c       0x48 ./wiseconnect3_sdk_3.1.4/components/device/silabs/si91x/mcu/drivers/cmsis_driver/USART.o
 .text.ARM_ULP_UART_Send
                0x082074d4       0x48 ./wiseconnect3_sdk_3.1.4/components/device/silabs/si91x/mcu/drivers/cmsis_driver/USART.o
 .text.ARM_ULP_UART_PowerControl
                0x0820751c       0x18 ./wiseconnect3_sdk_3.1.4/components/device/silabs/si91x/mcu/drivers/cmsis_driver/USART.o
 .text.ARM_ULP_UART_Uninitialize
                0x08207534       0x1c ./wiseconnect3_sdk_3.1.4/components/device/silabs/si91x/mcu/drivers/cmsis_driver/USART.o
 .text.ARM_ULP_UART_Initialize
                0x08207550       0x30 ./wiseconnect3_sdk_3.1.4/components/device/silabs/si91x/mcu/drivers/cmsis_driver/USART.o
 .text.IRQ038_Handler
                0x08207580        0xc ./wiseconnect3_sdk_3.1.4/components/device/silabs/si91x/mcu/drivers/cmsis_driver/USART.o
                0x08207580                IRQ038_Handler
 .text.IRQ039_Handler
                0x0820758c        0xc ./wiseconnect3_sdk_3.1.4/components/device/silabs/si91x/mcu/drivers/cmsis_driver/USART.o
                0x0820758c                IRQ039_Handler
 .text.IRQ012_Handler
                0x08207598        0xc ./wiseconnect3_sdk_3.1.4/components/device/silabs/si91x/mcu/drivers/cmsis_driver/USART.o
                0x08207598                IRQ012_Handler
 .text.RSI_ULPUartHandler
                0x082075a4        0x4 ./wiseconnect3_sdk_3.1.4/components/device/silabs/si91x/mcu/drivers/cmsis_driver/USART.o
                0x082075a4                RSI_ULPUartHandler
 .text.RSI_CLK_GetBaseClock
                0x082075a8      0x50c ./wiseconnect3_sdk_3.1.4/components/device/silabs/si91x/mcu/drivers/peripheral_drivers/src/clock_update.o
                0x082075a8                RSI_CLK_GetBaseClock
 .text.RSI_EGPIO_SetPinMux
                0x08207ab4       0x14 ./wiseconnect3_sdk_3.1.4/components/device/silabs/si91x/mcu/drivers/peripheral_drivers/src/rsi_usart.o
 .text.RSI_EGPIO_HostPadsGpioModeEnable
                0x08207ac8       0x10 ./wiseconnect3_sdk_3.1.4/components/device/silabs/si91x/mcu/drivers/peripheral_drivers/src/rsi_usart.o
 .text.RSI_EGPIO_PadSelectionEnable
                0x08207ad8       0x10 ./wiseconnect3_sdk_3.1.4/components/device/silabs/si91x/mcu/drivers/peripheral_drivers/src/rsi_usart.o
 .text.RSI_EGPIO_PadReceiverEnable
                0x08207ae8       0x10 ./wiseconnect3_sdk_3.1.4/components/device/silabs/si91x/mcu/drivers/peripheral_drivers/src/rsi_usart.o
 .text.RSI_EGPIO_UlpPadReceiverEnable
                0x08207af8       0x10 ./wiseconnect3_sdk_3.1.4/components/device/silabs/si91x/mcu/drivers/peripheral_drivers/src/rsi_usart.o
 .text.UDMAx_ChannelDisable.isra.0
                0x08207b08        0xc ./wiseconnect3_sdk_3.1.4/components/device/silabs/si91x/mcu/drivers/peripheral_drivers/src/rsi_usart.o
 .text.UartIrqHandler
                0x08207b14      0x1f0 ./wiseconnect3_sdk_3.1.4/components/device/silabs/si91x/mcu/drivers/peripheral_drivers/src/rsi_usart.o
                0x08207b14                UartIrqHandler
 .text.USART_SetBaudrate
                0x08207d04       0x50 ./wiseconnect3_sdk_3.1.4/components/device/silabs/si91x/mcu/drivers/peripheral_drivers/src/rsi_usart.o
                0x08207d04                USART_SetBaudrate
 .text.USART_Initialize
                0x08207d54      0x120 ./wiseconnect3_sdk_3.1.4/components/device/silabs/si91x/mcu/drivers/peripheral_drivers/src/rsi_usart.o
                0x08207d54                USART_Initialize
 .text.USART_Uninitialize
                0x08207e74       0xa0 ./wiseconnect3_sdk_3.1.4/components/device/silabs/si91x/mcu/drivers/peripheral_drivers/src/rsi_usart.o
                0x08207e74                USART_Uninitialize
 .text.USART_PowerControl
                0x08207f14      0x150 ./wiseconnect3_sdk_3.1.4/components/device/silabs/si91x/mcu/drivers/peripheral_drivers/src/rsi_usart.o
                0x08207f14                USART_PowerControl
 .text.USART_Send_Data
                0x08208064      0x15c ./wiseconnect3_sdk_3.1.4/components/device/silabs/si91x/mcu/drivers/peripheral_drivers/src/rsi_usart.o
                0x08208064                USART_Send_Data
 .text.USART_Receive_Data
                0x082081c0      0x13c ./wiseconnect3_sdk_3.1.4/components/device/silabs/si91x/mcu/drivers/peripheral_drivers/src/rsi_usart.o
                0x082081c0                USART_Receive_Data
 .text.USART_Transfer
                0x082082fc       0x72 ./wiseconnect3_sdk_3.1.4/components/device/silabs/si91x/mcu/drivers/peripheral_drivers/src/rsi_usart.o
                0x082082fc                USART_Transfer
 .text.USART_GetTxCount
                0x0820836e        0x6 ./wiseconnect3_sdk_3.1.4/components/device/silabs/si91x/mcu/drivers/peripheral_drivers/src/rsi_usart.o
                0x0820836e                USART_GetTxCount
 .text.USART_GetRxCount
                0x08208374        0x6 ./wiseconnect3_sdk_3.1.4/components/device/silabs/si91x/mcu/drivers/peripheral_drivers/src/rsi_usart.o
                0x08208374                USART_GetRxCount
 *fill*         0x0820837a        0x2 
 .text.USART_Control
                0x0820837c      0x8e8 ./wiseconnect3_sdk_3.1.4/components/device/silabs/si91x/mcu/drivers/peripheral_drivers/src/rsi_usart.o
                0x0820837c                USART_Control
 .text.USART_GetStatus
                0x08208c64       0x42 ./wiseconnect3_sdk_3.1.4/components/device/silabs/si91x/mcu/drivers/peripheral_drivers/src/rsi_usart.o
                0x08208c64                USART_GetStatus
 *fill*         0x08208ca6        0x2 
 .text.USART_SetModemControl
                0x08208ca8       0x84 ./wiseconnect3_sdk_3.1.4/components/device/silabs/si91x/mcu/drivers/peripheral_drivers/src/rsi_usart.o
                0x08208ca8                USART_SetModemControl
 .text.USART_GetModemStatus
                0x08208d2c       0x5c ./wiseconnect3_sdk_3.1.4/components/device/silabs/si91x/mcu/drivers/peripheral_drivers/src/rsi_usart.o
                0x08208d2c                USART_GetModemStatus
 .text.RSI_IPMU_UpdateIpmuCalibData_efuse
                0x08208d88      0x2ec ./wiseconnect3_sdk_3.1.4/components/device/silabs/si91x/mcu/drivers/systemlevel/src/rsi_ipmu.o
                0x08208d88                RSI_IPMU_UpdateIpmuCalibData_efuse
 .text.RSI_Ipmu_Init
                0x08209074        0x4 ./wiseconnect3_sdk_3.1.4/components/device/silabs/si91x/mcu/drivers/systemlevel/src/rsi_ipmu.o
                0x08209074                RSI_Ipmu_Init
 .text.RSI_Configure_Ipmu_Mode
                0x08209078        0x6 ./wiseconnect3_sdk_3.1.4/components/device/silabs/si91x/mcu/drivers/systemlevel/src/rsi_ipmu.o
                0x08209078                RSI_Configure_Ipmu_Mode
 *fill*         0x0820907e        0x2 
 .text.RSI_IPMU_ClockMuxSel
                0x08209080       0x40 ./wiseconnect3_sdk_3.1.4/components/device/silabs/si91x/mcu/drivers/systemlevel/src/rsi_ipmu.o
                0x08209080                RSI_IPMU_ClockMuxSel
 .text.RSI_IPMU_ProgramConfigData
                0x082090c0       0xea ./wiseconnect3_sdk_3.1.4/components/device/silabs/si91x/mcu/drivers/systemlevel/src/rsi_ipmu.o
                0x082090c0                RSI_IPMU_ProgramConfigData
 *fill*         0x082091aa        0x2 
 .text.RSI_IPMU_M32rc_OscTrimEfuse
                0x082091ac       0x28 ./wiseconnect3_sdk_3.1.4/components/device/silabs/si91x/mcu/drivers/systemlevel/src/rsi_ipmu.o
                0x082091ac                RSI_IPMU_M32rc_OscTrimEfuse
 .text.RSI_IPMU_DBLR32M_TrimEfuse
                0x082091d4       0x18 ./wiseconnect3_sdk_3.1.4/components/device/silabs/si91x/mcu/drivers/systemlevel/src/rsi_ipmu.o
                0x082091d4                RSI_IPMU_DBLR32M_TrimEfuse
 .text.RSI_IPMU_M20roOsc_TrimEfuse
                0x082091ec       0x28 ./wiseconnect3_sdk_3.1.4/components/device/silabs/si91x/mcu/drivers/systemlevel/src/rsi_ipmu.o
                0x082091ec                RSI_IPMU_M20roOsc_TrimEfuse
 .text.RSI_IPMU_RO32khz_TrimEfuse
                0x08209214       0x18 ./wiseconnect3_sdk_3.1.4/components/device/silabs/si91x/mcu/drivers/systemlevel/src/rsi_ipmu.o
                0x08209214                RSI_IPMU_RO32khz_TrimEfuse
 .text.RSI_IPMU_RC32khz_TrimEfuse
                0x0820922c       0x18 ./wiseconnect3_sdk_3.1.4/components/device/silabs/si91x/mcu/drivers/systemlevel/src/rsi_ipmu.o
                0x0820922c                RSI_IPMU_RC32khz_TrimEfuse
 .text._usdelay
                0x08209244        0x6 ./wiseconnect3_sdk_3.1.4/components/device/silabs/si91x/mcu/drivers/systemlevel/src/rsi_pll.o
 *fill*         0x0820924a        0x2 
 .text.clk_m4_soc_clk_config
                0x0820924c       0xc8 ./wiseconnect3_sdk_3.1.4/components/device/silabs/si91x/mcu/drivers/systemlevel/src/rsi_pll.o
                0x0820924c                clk_m4_soc_clk_config
 .text.ulpss_enable_ref_clks
                0x08209314       0xf8 ./wiseconnect3_sdk_3.1.4/components/device/silabs/si91x/mcu/drivers/systemlevel/src/rsi_pll.o
                0x08209314                ulpss_enable_ref_clks
 .text.clk_m4ss_ref_clk_config
                0x0820940c       0xcc ./wiseconnect3_sdk_3.1.4/components/device/silabs/si91x/mcu/drivers/systemlevel/src/rsi_pll.o
                0x0820940c                clk_m4ss_ref_clk_config
 .text.ulpss_ref_clk_config
                0x082094d8       0xbc ./wiseconnect3_sdk_3.1.4/components/device/silabs/si91x/mcu/drivers/systemlevel/src/rsi_ulpss_clk.o
                0x082094d8                ulpss_ref_clk_config
 .text.sli_si91x_platform_init
                0x08209594       0x5c ./wiseconnect3_sdk_3.1.4/components/device/silabs/si91x/wireless/ahb_interface/src/sl_platform.o
                0x08209594                sli_si91x_platform_init
 .text.si91x_bootup_firmware
                0x082095f0       0x94 ./wiseconnect3_sdk_3.1.4/components/device/silabs/si91x/wireless/ahb_interface/src/sl_platform.o
                0x082095f0                si91x_bootup_firmware
 .text.sli_si91x_configure_wireless_frontend_controls
                0x08209684       0x44 ./wiseconnect3_sdk_3.1.4/components/device/silabs/si91x/wireless/ahb_interface/src/sl_platform_wireless.o
                0x08209684                sli_si91x_configure_wireless_frontend_controls
 .text.rsi_waitfor_boardready
                0x082096c8       0x44 ./wiseconnect3_sdk_3.1.4/components/device/silabs/si91x/wireless/ahb_interface/src/sli_siwx917_soc.o
                0x082096c8                rsi_waitfor_boardready
 .text.rsi_select_option
                0x0820970c       0x80 ./wiseconnect3_sdk_3.1.4/components/device/silabs/si91x/wireless/ahb_interface/src/sli_siwx917_soc.o
                0x0820970c                rsi_select_option
 .text.unmask_ta_interrupt
                0x0820978c        0xc ./wiseconnect3_sdk_3.1.4/components/device/silabs/si91x/wireless/ahb_interface/src/sli_siwx917_soc.o
                0x0820978c                unmask_ta_interrupt
 .text.sli_m4_ta_interrupt_init
                0x08209798       0x2c ./wiseconnect3_sdk_3.1.4/components/device/silabs/si91x/wireless/ahb_interface/src/sli_siwx917_soc.o
                0x08209798                sli_m4_ta_interrupt_init
 .text.sli_si91x_socket
                0x082097c4       0x88 ./wiseconnect3_sdk_3.1.4/components/device/silabs/si91x/wireless/asynchronous_socket/src/sl_si91x_socket.o
 .text.sli_si91x_accept_async.constprop.0
                0x0820984c      0x128 ./wiseconnect3_sdk_3.1.4/components/device/silabs/si91x/wireless/asynchronous_socket/src/sl_si91x_socket.o
 .text.sl_si91x_socket_async
                0x08209974       0x1a ./wiseconnect3_sdk_3.1.4/components/device/silabs/si91x/wireless/asynchronous_socket/src/sl_si91x_socket.o
                0x08209974                sl_si91x_socket_async
 .text.sl_si91x_bind
                0x0820998e       0x98 ./wiseconnect3_sdk_3.1.4/components/device/silabs/si91x/wireless/asynchronous_socket/src/sl_si91x_socket.o
                0x0820998e                sl_si91x_bind
 .text.sl_si91x_listen
                0x08209a26       0x52 ./wiseconnect3_sdk_3.1.4/components/device/silabs/si91x/wireless/asynchronous_socket/src/sl_si91x_socket.o
                0x08209a26                sl_si91x_listen
 .text.sl_si91x_accept
                0x08209a78        0x6 ./wiseconnect3_sdk_3.1.4/components/device/silabs/si91x/wireless/asynchronous_socket/src/sl_si91x_socket.o
                0x08209a78                sl_si91x_accept
 *fill*         0x08209a7e        0x2 
 .text.sl_si91x_setsockopt_async
                0x08209a80      0x188 ./wiseconnect3_sdk_3.1.4/components/device/silabs/si91x/wireless/asynchronous_socket/src/sl_si91x_socket.o
                0x08209a80                sl_si91x_setsockopt_async
 .text.rsi_ble_start_advertising
                0x08209c08       0x5c ./wiseconnect3_sdk_3.1.4/components/device/silabs/si91x/wireless/ble/src/rsi_ble_gap_apis.o
                0x08209c08                rsi_ble_start_advertising
 .text.rsi_ble_stop_advertising
                0x08209c64       0x1c ./wiseconnect3_sdk_3.1.4/components/device/silabs/si91x/wireless/ble/src/rsi_ble_gap_apis.o
                0x08209c64                rsi_ble_stop_advertising
 .text.rsi_ble_set_advertise_data
                0x08209c80       0x38 ./wiseconnect3_sdk_3.1.4/components/device/silabs/si91x/wireless/ble/src/rsi_ble_gap_apis.o
                0x08209c80                rsi_ble_set_advertise_data
 .text.rsi_ble_per_transmit
                0x08209cb8        0xa ./wiseconnect3_sdk_3.1.4/components/device/silabs/si91x/wireless/ble/src/rsi_ble_gap_apis.o
                0x08209cb8                rsi_ble_per_transmit
 .text.rsi_ble_per_receive
                0x08209cc2        0x4 ./wiseconnect3_sdk_3.1.4/components/device/silabs/si91x/wireless/ble/src/rsi_ble_gap_apis.o
                0x08209cc2                rsi_ble_per_receive
 *fill*         0x08209cc6        0x2 
 .text.rsi_bt_clear_wait_bitmap.part.0
                0x08209cc8       0x3c ./wiseconnect3_sdk_3.1.4/components/device/silabs/si91x/wireless/ble/src/rsi_bt_ble.o
 .text.rsi_bt_set_wait_bitmap.part.0
                0x08209d04       0x3c ./wiseconnect3_sdk_3.1.4/components/device/silabs/si91x/wireless/ble/src/rsi_bt_ble.o
 .text.rsi_bt_clear_wait_bitmap
                0x08209d40       0x40 ./wiseconnect3_sdk_3.1.4/components/device/silabs/si91x/wireless/ble/src/rsi_bt_ble.o
                0x08209d40                rsi_bt_clear_wait_bitmap
 .text.rsi_bt_set_wait_bitmap
                0x08209d80       0x40 ./wiseconnect3_sdk_3.1.4/components/device/silabs/si91x/wireless/ble/src/rsi_bt_ble.o
                0x08209d80                rsi_bt_set_wait_bitmap
 .text.rsi_bt_get_proto_type
                0x08209dc0      0x10c ./wiseconnect3_sdk_3.1.4/components/device/silabs/si91x/wireless/ble/src/rsi_bt_ble.o
                0x08209dc0                rsi_bt_get_proto_type
 .text.rsi_bt_get_timeout
                0x08209ecc       0x88 ./wiseconnect3_sdk_3.1.4/components/device/silabs/si91x/wireless/ble/src/rsi_bt_ble.o
                0x08209ecc                rsi_bt_get_timeout
 .text.rsi_bt_common_tx_done
                0x08209f54       0x36 ./wiseconnect3_sdk_3.1.4/components/device/silabs/si91x/wireless/ble/src/rsi_bt_ble.o
                0x08209f54                rsi_bt_common_tx_done
 *fill*         0x08209f8a        0x2 
 .text.rsi_ble_update_le_dev_buf
                0x08209f8c       0x5c ./wiseconnect3_sdk_3.1.4/components/device/silabs/si91x/wireless/ble/src/rsi_bt_ble.o
                0x08209f8c                rsi_ble_update_le_dev_buf
 .text.rsi_add_remote_ble_dev_info
                0x08209fe8       0x54 ./wiseconnect3_sdk_3.1.4/components/device/silabs/si91x/wireless/ble/src/rsi_bt_ble.o
                0x08209fe8                rsi_add_remote_ble_dev_info
 .text.rsi_remove_remote_ble_dev_info
                0x0820a03c       0x50 ./wiseconnect3_sdk_3.1.4/components/device/silabs/si91x/wireless/ble/src/rsi_bt_ble.o
                0x0820a03c                rsi_remove_remote_ble_dev_info
 .text.rsi_ble_callbacks_handler
                0x0820a08c      0x3e0 ./wiseconnect3_sdk_3.1.4/components/device/silabs/si91x/wireless/ble/src/rsi_bt_ble.o
                0x0820a08c                rsi_ble_callbacks_handler
 .text.rsi_driver_process_bt_resp
                0x0820a46c       0xe0 ./wiseconnect3_sdk_3.1.4/components/device/silabs/si91x/wireless/ble/src/rsi_bt_ble.o
                0x0820a46c                rsi_driver_process_bt_resp
 .text.rsi_driver_process_bt_resp_handler
                0x0820a54c       0x58 ./wiseconnect3_sdk_3.1.4/components/device/silabs/si91x/wireless/ble/src/rsi_bt_ble.o
                0x0820a54c                rsi_driver_process_bt_resp_handler
 .text.rsi_bt_cb_init
                0x0820a5a4       0x5e ./wiseconnect3_sdk_3.1.4/components/device/silabs/si91x/wireless/ble/src/rsi_bt_ble.o
                0x0820a5a4                rsi_bt_cb_init
 .text.rsi_bt_global_cb_init
                0x0820a602        0xc ./wiseconnect3_sdk_3.1.4/components/device/silabs/si91x/wireless/ble/src/rsi_bt_ble.o
                0x0820a602                rsi_bt_global_cb_init
 *fill*         0x0820a60e        0x2 
 .text.rsi_bt_common_init
                0x0820a610       0x30 ./wiseconnect3_sdk_3.1.4/components/device/silabs/si91x/wireless/ble/src/rsi_bt_ble.o
                0x0820a610                rsi_bt_common_init
 .text.rsi_bt_prepare_common_pkt
                0x0820a640      0x148 ./wiseconnect3_sdk_3.1.4/components/device/silabs/si91x/wireless/ble/src/rsi_bt_ble.o
                0x0820a640                rsi_bt_prepare_common_pkt
 .text.rsi_bt_prepare_le_pkt
                0x0820a788      0x760 ./wiseconnect3_sdk_3.1.4/components/device/silabs/si91x/wireless/ble/src/rsi_bt_ble.o
                0x0820a788                rsi_bt_prepare_le_pkt
 .text.rsi_bt_driver_send_cmd
                0x0820aee8      0x1f0 ./wiseconnect3_sdk_3.1.4/components/device/silabs/si91x/wireless/ble/src/rsi_bt_ble.o
                0x0820aee8                rsi_bt_driver_send_cmd
 .text.rsi_bt_set_local_name
                0x0820b0d8       0x48 ./wiseconnect3_sdk_3.1.4/components/device/silabs/si91x/wireless/ble/src/rsi_bt_common_apis.o
                0x0820b0d8                rsi_bt_set_local_name
 .text.rsi_bt_get_local_name
                0x0820b120        0xa ./wiseconnect3_sdk_3.1.4/components/device/silabs/si91x/wireless/ble/src/rsi_bt_common_apis.o
                0x0820b120                rsi_bt_get_local_name
 .text.rsi_bt_get_local_device_address
                0x0820b12a        0xa ./wiseconnect3_sdk_3.1.4/components/device/silabs/si91x/wireless/ble/src/rsi_bt_common_apis.o
                0x0820b12a                rsi_bt_get_local_device_address
 .text.rsi_bt_per_stats
                0x0820b134       0x18 ./wiseconnect3_sdk_3.1.4/components/device/silabs/si91x/wireless/ble/src/rsi_bt_common_apis.o
                0x0820b134                rsi_bt_per_stats
 .text.rsi_ble_driver_init
                0x0820b14c       0xb4 ./wiseconnect3_sdk_3.1.4/components/device/silabs/si91x/wireless/ble/src/rsi_common_apis.o
                0x0820b14c                rsi_ble_driver_init
 .text.rsi_ble_driver_deinit
                0x0820b200       0x90 ./wiseconnect3_sdk_3.1.4/components/device/silabs/si91x/wireless/ble/src/rsi_common_apis.o
                0x0820b200                rsi_ble_driver_deinit
 .text.rsi_uint16_to_2bytes
                0x0820b290       0x1c ./wiseconnect3_sdk_3.1.4/components/device/silabs/si91x/wireless/ble/src/rsi_utils.o
                0x0820b290                rsi_uint16_to_2bytes
 .text.rsi_bytes2R_to_uint16
                0x0820b2ac       0x14 ./wiseconnect3_sdk_3.1.4/components/device/silabs/si91x/wireless/ble/src/rsi_utils.o
                0x0820b2ac                rsi_bytes2R_to_uint16
 .text.rsi_ascii_hex2num
                0x0820b2c0       0x2e ./wiseconnect3_sdk_3.1.4/components/device/silabs/si91x/wireless/ble/src/rsi_utils.o
                0x0820b2c0                rsi_ascii_hex2num
 .text.rsi_char_hex2dec
                0x0820b2ee       0x2a ./wiseconnect3_sdk_3.1.4/components/device/silabs/si91x/wireless/ble/src/rsi_utils.o
                0x0820b2ee                rsi_char_hex2dec
 .text.rsi_ascii_dev_address_to_6bytes_rev
                0x0820b318       0x78 ./wiseconnect3_sdk_3.1.4/components/device/silabs/si91x/wireless/ble/src/rsi_utils.o
                0x0820b318                rsi_ascii_dev_address_to_6bytes_rev
 .text.hex_to_ascii
                0x0820b390       0x12 ./wiseconnect3_sdk_3.1.4/components/device/silabs/si91x/wireless/ble/src/rsi_utils.o
                0x0820b390                hex_to_ascii
 .text.rsi_6byte_dev_address_to_ascii
                0x0820b3a2       0x36 ./wiseconnect3_sdk_3.1.4/components/device/silabs/si91x/wireless/ble/src/rsi_utils.o
                0x0820b3a2                rsi_6byte_dev_address_to_ascii
 .text.sl_si91x_errno
                0x0820b3d8       0x1c ./wiseconnect3_sdk_3.1.4/components/device/silabs/si91x/wireless/errno/src/sl_si91x_errno.o
                0x0820b3d8                sl_si91x_errno
 .text.sl_si91x_bus_rx_irq_handler
                0x0820b3f4        0x4 ./wiseconnect3_sdk_3.1.4/components/device/silabs/si91x/wireless/host_mcu/si91x/siwx917_soc_ncp_host.o
                0x0820b3f4                sl_si91x_bus_rx_irq_handler
 .text.sl_si91x_bus_rx_done_handler
                0x0820b3f8        0x2 ./wiseconnect3_sdk_3.1.4/components/device/silabs/si91x/wireless/host_mcu/si91x/siwx917_soc_ncp_host.o
                0x0820b3f8                sl_si91x_bus_rx_done_handler
 .text.sl_si91x_bus_init
                0x0820b3fa        0x4 ./wiseconnect3_sdk_3.1.4/components/device/silabs/si91x/wireless/host_mcu/si91x/siwx917_soc_ncp_host.o
                0x0820b3fa                sl_si91x_bus_init
 .text.sl_si91x_host_init
                0x0820b3fe        0xa ./wiseconnect3_sdk_3.1.4/components/device/silabs/si91x/wireless/host_mcu/si91x/siwx917_soc_ncp_host.o
                0x0820b3fe                sl_si91x_host_init
 .text.sl_si91x_host_deinit
                0x0820b408        0x4 ./wiseconnect3_sdk_3.1.4/components/device/silabs/si91x/wireless/host_mcu/si91x/siwx917_soc_ncp_host.o
                0x0820b408                sl_si91x_host_deinit
 .text.sl_si91x_host_hold_in_reset
                0x0820b40c        0x2 ./wiseconnect3_sdk_3.1.4/components/device/silabs/si91x/wireless/host_mcu/si91x/siwx917_soc_ncp_host.o
                0x0820b40c                sl_si91x_host_hold_in_reset
 .text.sl_si91x_host_release_from_reset
                0x0820b40e        0x2 ./wiseconnect3_sdk_3.1.4/components/device/silabs/si91x/wireless/host_mcu/si91x/siwx917_soc_ncp_host.o
                0x0820b40e                sl_si91x_host_release_from_reset
 .text.sl_si91x_host_enable_bus_interrupt
                0x0820b410        0x2 ./wiseconnect3_sdk_3.1.4/components/device/silabs/si91x/wireless/host_mcu/si91x/siwx917_soc_ncp_host.o
                0x0820b410                sl_si91x_host_enable_bus_interrupt
 .text.sl_si91x_host_disable_bus_interrupt
                0x0820b412        0x2 ./wiseconnect3_sdk_3.1.4/components/device/silabs/si91x/wireless/host_mcu/si91x/siwx917_soc_ncp_host.o
                0x0820b412                sl_si91x_host_disable_bus_interrupt
 .text.sl_si91x_host_is_in_irq_context
                0x0820b414       0x14 ./wiseconnect3_sdk_3.1.4/components/device/silabs/si91x/wireless/host_mcu/si91x/siwx917_soc_ncp_host.o
                0x0820b414                sl_si91x_host_is_in_irq_context
 .text.sl_si91x_send_ping
                0x0820b428       0x7c ./wiseconnect3_sdk_3.1.4/components/device/silabs/si91x/wireless/icmp/sl_net_ping.o
                0x0820b428                sl_si91x_send_ping
 .text.convert_si91x_dns_response
                0x0820b4a4       0x2a ./wiseconnect3_sdk_3.1.4/components/device/silabs/si91x/wireless/sl_net/src/sl_net_rsi_utility.o
                0x0820b4a4                convert_si91x_dns_response
 .text.convert_si91x_event_to_sl_net_event
                0x0820b4ce       0x2a ./wiseconnect3_sdk_3.1.4/components/device/silabs/si91x/wireless/sl_net/src/sl_net_rsi_utility.o
                0x0820b4ce                convert_si91x_event_to_sl_net_event
 .text.si91x_node_free_function
                0x0820b4f8        0x6 ./wiseconnect3_sdk_3.1.4/components/device/silabs/si91x/wireless/sl_net/src/sl_net_si91x_integration_handler.o
 *fill*         0x0820b4fe        0x2 
 .text.sl_net_si91x_event_dispatch_handler
                0x0820b500       0xa0 ./wiseconnect3_sdk_3.1.4/components/device/silabs/si91x/wireless/sl_net/src/sl_net_si91x_integration_handler.o
                0x0820b500                sl_net_si91x_event_dispatch_handler
 .text.convert_to_si91x_cert_type
                0x0820b5a0       0x82 ./wiseconnect3_sdk_3.1.4/components/device/silabs/si91x/wireless/sl_net/src/sl_si91x_net_credentials.o
 .text.sl_si91x_set_credential
                0x0820b622       0x40 ./wiseconnect3_sdk_3.1.4/components/device/silabs/si91x/wireless/sl_net/src/sl_si91x_net_credentials.o
                0x0820b622                sl_si91x_set_credential
 .text.sl_si91x_host_get_credentials
                0x0820b662       0x4a ./wiseconnect3_sdk_3.1.4/components/device/silabs/si91x/wireless/sl_net/src/sl_si91x_net_credentials.o
                0x0820b662                sl_si91x_host_get_credentials
 .text.sl_si91x_configure_ip_address
                0x0820b6ac      0x1a4 ./wiseconnect3_sdk_3.1.4/components/device/silabs/si91x/wireless/sl_net/src/sl_si91x_net_internal_stack.o
                0x0820b6ac                sl_si91x_configure_ip_address
 .text.si91x_socket_node_free_function
                0x0820b850        0x6 ./wiseconnect3_sdk_3.1.4/components/device/silabs/si91x/wireless/socket/src/sl_si91x_socket_utility.o
 *fill*         0x0820b856        0x2 
 .text.si91x_socket_identification_function
                0x0820b858       0xac ./wiseconnect3_sdk_3.1.4/components/device/silabs/si91x/wireless/socket/src/sl_si91x_socket_utility.o
 .text.sl_si91x_config_socket
                0x0820b904       0x26 ./wiseconnect3_sdk_3.1.4/components/device/silabs/si91x/wireless/socket/src/sl_si91x_socket_utility.o
                0x0820b904                sl_si91x_config_socket
 *fill*         0x0820b92a        0x2 
 .text.reset_socket_state
                0x0820b92c       0x14 ./wiseconnect3_sdk_3.1.4/components/device/silabs/si91x/wireless/socket/src/sl_si91x_socket_utility.o
                0x0820b92c                reset_socket_state
 .text.sl_si91x_vap_shutdown
                0x0820b940       0x34 ./wiseconnect3_sdk_3.1.4/components/device/silabs/si91x/wireless/socket/src/sl_si91x_socket_utility.o
                0x0820b940                sl_si91x_vap_shutdown
 .text.get_si91x_socket
                0x0820b974       0x24 ./wiseconnect3_sdk_3.1.4/components/device/silabs/si91x/wireless/socket/src/sl_si91x_socket_utility.o
                0x0820b974                get_si91x_socket
 .text.handle_accept_response
                0x0820b998       0x46 ./wiseconnect3_sdk_3.1.4/components/device/silabs/si91x/wireless/socket/src/sl_si91x_socket_utility.o
                0x0820b998                handle_accept_response
 .text.handle_select_response
                0x0820b9de       0x6a ./wiseconnect3_sdk_3.1.4/components/device/silabs/si91x/wireless/socket/src/sl_si91x_socket_utility.o
                0x0820b9de                handle_select_response
 .text.get_free_socket
                0x0820ba48       0x44 ./wiseconnect3_sdk_3.1.4/components/device/silabs/si91x/wireless/socket/src/sl_si91x_socket_utility.o
                0x0820ba48                get_free_socket
 .text.is_port_available
                0x0820ba8c       0x24 ./wiseconnect3_sdk_3.1.4/components/device/silabs/si91x/wireless/socket/src/sl_si91x_socket_utility.o
                0x0820ba8c                is_port_available
 .text.add_server_name_indication_extension
                0x0820bab0       0x40 ./wiseconnect3_sdk_3.1.4/components/device/silabs/si91x/wireless/socket/src/sl_si91x_socket_utility.o
                0x0820bab0                add_server_name_indication_extension
 .text.create_and_send_socket_request
                0x0820baf0      0x200 ./wiseconnect3_sdk_3.1.4/components/device/silabs/si91x/wireless/socket/src/sl_si91x_socket_utility.o
                0x0820baf0                create_and_send_socket_request
 .text.si91x_socket_event_handler
                0x0820bcf0      0x15c ./wiseconnect3_sdk_3.1.4/components/device/silabs/si91x/wireless/socket/src/sl_si91x_socket_utility.o
                0x0820bcf0                si91x_socket_event_handler
 .text.sl_si91x_socket_driver_send_command
                0x0820be4c       0x58 ./wiseconnect3_sdk_3.1.4/components/device/silabs/si91x/wireless/socket/src/sl_si91x_socket_utility.o
                0x0820be4c                sl_si91x_socket_driver_send_command
 .text.sli_si91x_shutdown
                0x0820bea4       0xf4 ./wiseconnect3_sdk_3.1.4/components/device/silabs/si91x/wireless/socket/src/sl_si91x_socket_utility.o
                0x0820bea4                sli_si91x_shutdown
 .text.sl_si91x_register_event_handler
                0x0820bf98        0xc ./wiseconnect3_sdk_3.1.4/components/device/silabs/si91x/wireless/src/sl_si91x_callback_framework.o
                0x0820bf98                sl_si91x_register_event_handler
 .text.sl_si91x_default_handler
                0x0820bfa4       0x68 ./wiseconnect3_sdk_3.1.4/components/device/silabs/si91x/wireless/src/sl_si91x_callback_framework.o
                0x0820bfa4                sl_si91x_default_handler
 .text.get_configured_join_request
                0x0820c00c      0x106 ./wiseconnect3_sdk_3.1.4/components/protocol/wifi/si91x/sl_wifi.o
 .text.sl_wifi_init
                0x0820c112        0x6 ./wiseconnect3_sdk_3.1.4/components/protocol/wifi/si91x/sl_wifi.o
                0x0820c112                sl_wifi_init
 .text.sl_wifi_wait_for_scan_results
                0x0820c118        0x4 ./wiseconnect3_sdk_3.1.4/components/protocol/wifi/si91x/sl_wifi.o
                0x0820c118                sl_wifi_wait_for_scan_results
 .text.sl_wifi_set_mac_address
                0x0820c11c       0x34 ./wiseconnect3_sdk_3.1.4/components/protocol/wifi/si91x/sl_wifi.o
                0x0820c11c                sl_wifi_set_mac_address
 .text.sl_wifi_start_ap
                0x0820c150      0x1c4 ./wiseconnect3_sdk_3.1.4/components/protocol/wifi/si91x/sl_wifi.o
                0x0820c150                sl_wifi_start_ap
 .text.sl_wifi_get_pairwise_master_key
                0x0820c314       0x98 ./wiseconnect3_sdk_3.1.4/components/protocol/wifi/si91x/sl_wifi.o
                0x0820c314                sl_wifi_get_pairwise_master_key
 .text.sl_wifi_get_ap_client_info
                0x0820c3ac       0xa0 ./wiseconnect3_sdk_3.1.4/components/protocol/wifi/si91x/sl_wifi.o
                0x0820c3ac                sl_wifi_get_ap_client_info
 .text.sl_wifi_get_firmware_version
                0x0820c44c       0x88 ./wiseconnect3_sdk_3.1.4/components/protocol/wifi/si91x/sl_wifi.o
                0x0820c44c                sl_wifi_get_firmware_version
 .text.sl_wifi_set_performance_profile
                0x0820c4d4       0x8c ./wiseconnect3_sdk_3.1.4/components/protocol/wifi/si91x/sl_wifi.o
                0x0820c4d4                sl_wifi_set_performance_profile
 .text.sl_wifi_get_performance_profile
                0x0820c560       0x18 ./wiseconnect3_sdk_3.1.4/components/protocol/wifi/si91x/sl_wifi.o
                0x0820c560                sl_wifi_get_performance_profile
 .text.sl_wifi_get_default_interface
                0x0820c578        0xc ./wiseconnect3_sdk_3.1.4/components/protocol/wifi/si91x/sl_wifi.o
                0x0820c578                sl_wifi_get_default_interface
 .text.sl_wifi_set_default_interface
                0x0820c584        0xc ./wiseconnect3_sdk_3.1.4/components/protocol/wifi/si91x/sl_wifi.o
                0x0820c584                sl_wifi_set_default_interface
 .text.sl_wifi_deinit
                0x0820c590       0x34 ./wiseconnect3_sdk_3.1.4/components/protocol/wifi/si91x/sl_wifi.o
                0x0820c590                sl_wifi_deinit
 .text.sl_wifi_is_interface_up
                0x0820c5c4       0x70 ./wiseconnect3_sdk_3.1.4/components/protocol/wifi/si91x/sl_wifi.o
                0x0820c5c4                sl_wifi_is_interface_up
 .text.sl_wifi_set_antenna
                0x0820c634       0x4c ./wiseconnect3_sdk_3.1.4/components/protocol/wifi/si91x/sl_wifi.o
                0x0820c634                sl_wifi_set_antenna
 .text.sl_wifi_start_scan
                0x0820c680       0xe8 ./wiseconnect3_sdk_3.1.4/components/protocol/wifi/si91x/sl_wifi.o
                0x0820c680                sl_wifi_start_scan
 .text.sl_wifi_connect
                0x0820c768      0x320 ./wiseconnect3_sdk_3.1.4/components/protocol/wifi/si91x/sl_wifi.o
                0x0820c768                sl_wifi_connect
 .text.sl_wifi_set_advanced_client_configuration
                0x0820ca88       0x7c ./wiseconnect3_sdk_3.1.4/components/protocol/wifi/si91x/sl_wifi.o
                0x0820ca88                sl_wifi_set_advanced_client_configuration
 .text.sl_wifi_get_signal_strength
                0x0820cb04       0x7c ./wiseconnect3_sdk_3.1.4/components/protocol/wifi/si91x/sl_wifi.o
                0x0820cb04                sl_wifi_get_signal_strength
 .text.sl_wifi_get_mac_address
                0x0820cb80       0x74 ./wiseconnect3_sdk_3.1.4/components/protocol/wifi/si91x/sl_wifi.o
                0x0820cb80                sl_wifi_get_mac_address
 .text.sl_wifi_set_channel
                0x0820cbf4       0x24 ./wiseconnect3_sdk_3.1.4/components/protocol/wifi/si91x/sl_wifi.o
                0x0820cbf4                sl_wifi_set_channel
 .text.sl_wifi_get_channel
                0x0820cc18       0x94 ./wiseconnect3_sdk_3.1.4/components/protocol/wifi/si91x/sl_wifi.o
                0x0820cc18                sl_wifi_get_channel
 .text.sl_wifi_set_max_tx_power
                0x0820ccac       0x44 ./wiseconnect3_sdk_3.1.4/components/protocol/wifi/si91x/sl_wifi.o
                0x0820ccac                sl_wifi_set_max_tx_power
 .text.sl_wifi_get_max_tx_power
                0x0820ccf0       0x38 ./wiseconnect3_sdk_3.1.4/components/protocol/wifi/si91x/sl_wifi.o
                0x0820ccf0                sl_wifi_get_max_tx_power
 .text.sl_wifi_disconnect_ap_client
                0x0820cd28       0x54 ./wiseconnect3_sdk_3.1.4/components/protocol/wifi/si91x/sl_wifi.o
                0x0820cd28                sl_wifi_disconnect_ap_client
 .text.sl_wifi_disconnect
                0x0820cd7c       0x74 ./wiseconnect3_sdk_3.1.4/components/protocol/wifi/si91x/sl_wifi.o
                0x0820cd7c                sl_wifi_disconnect
 .text.sl_wifi_stop_ap
                0x0820cdf0       0x88 ./wiseconnect3_sdk_3.1.4/components/protocol/wifi/si91x/sl_wifi.o
                0x0820cdf0                sl_wifi_stop_ap
 .text.sl_wifi_get_statistics
                0x0820ce78       0xa0 ./wiseconnect3_sdk_3.1.4/components/protocol/wifi/si91x/sl_wifi.o
                0x0820ce78                sl_wifi_get_statistics
 .text.sl_wifi_start_statistic_report
                0x0820cf18       0x48 ./wiseconnect3_sdk_3.1.4/components/protocol/wifi/si91x/sl_wifi.o
                0x0820cf18                sl_wifi_start_statistic_report
 .text.sl_wifi_stop_statistic_report
                0x0820cf60       0x40 ./wiseconnect3_sdk_3.1.4/components/protocol/wifi/si91x/sl_wifi.o
                0x0820cf60                sl_wifi_stop_statistic_report
 .text.sl_wifi_set_transmit_rate
                0x0820cfa0       0x5c ./wiseconnect3_sdk_3.1.4/components/protocol/wifi/si91x/sl_wifi.o
                0x0820cfa0                sl_wifi_set_transmit_rate
 .text.sl_wifi_get_transmit_rate
                0x0820cffc       0x40 ./wiseconnect3_sdk_3.1.4/components/protocol/wifi/si91x/sl_wifi.o
                0x0820cffc                sl_wifi_get_transmit_rate
 .text.sl_wifi_get_ap_client_count
                0x0820d03c       0x2c ./wiseconnect3_sdk_3.1.4/components/protocol/wifi/si91x/sl_wifi.o
                0x0820d03c                sl_wifi_get_ap_client_count
 .text.sl_wifi_get_ap_client_list
                0x0820d068       0x54 ./wiseconnect3_sdk_3.1.4/components/protocol/wifi/si91x/sl_wifi.o
                0x0820d068                sl_wifi_get_ap_client_list
 .text.sl_wifi_generate_wps_pin
                0x0820d0bc       0x74 ./wiseconnect3_sdk_3.1.4/components/protocol/wifi/si91x/sl_wifi.o
                0x0820d0bc                sl_wifi_generate_wps_pin
 .text.sl_wifi_start_wps
                0x0820d130       0x70 ./wiseconnect3_sdk_3.1.4/components/protocol/wifi/si91x/sl_wifi.o
                0x0820d130                sl_wifi_start_wps
 .text.sl_wifi_set_roam_configuration
                0x0820d1a0       0x6c ./wiseconnect3_sdk_3.1.4/components/protocol/wifi/si91x/sl_wifi.o
                0x0820d1a0                sl_wifi_set_roam_configuration
 .text.sl_wifi_set_advanced_scan_configuration
                0x0820d20c       0x3c ./wiseconnect3_sdk_3.1.4/components/protocol/wifi/si91x/sl_wifi.o
                0x0820d20c                sl_wifi_set_advanced_scan_configuration
 .text.sl_wifi_get_advanced_scan_configuration
                0x0820d248       0x38 ./wiseconnect3_sdk_3.1.4/components/protocol/wifi/si91x/sl_wifi.o
                0x0820d248                sl_wifi_get_advanced_scan_configuration
 .text.sl_wifi_stop_scan
                0x0820d280       0x64 ./wiseconnect3_sdk_3.1.4/components/protocol/wifi/si91x/sl_wifi.o
                0x0820d280                sl_wifi_stop_scan
 .text.sl_wifi_set_ap_configuration
                0x0820d2e4       0x14 ./wiseconnect3_sdk_3.1.4/components/protocol/wifi/si91x/sl_wifi.o
                0x0820d2e4                sl_wifi_set_ap_configuration
 .text.sl_wifi_get_ap_configuration
                0x0820d2f8       0x54 ./wiseconnect3_sdk_3.1.4/components/protocol/wifi/si91x/sl_wifi.o
                0x0820d2f8                sl_wifi_get_ap_configuration
 .text.sl_wifi_test_client_configuration
                0x0820d34c       0x14 ./wiseconnect3_sdk_3.1.4/components/protocol/wifi/si91x/sl_wifi.o
                0x0820d34c                sl_wifi_test_client_configuration
 .text.sl_wifi_send_raw_data_frame