Archive member included to satisfy reference by file (symbol)

c:/siliconlabs/simplicitystudio/v5/developer/toolchains/gnu_arm/12.2.rel1_2023.7/bin/../lib/gcc/arm-none-eabi/12.2.1/thumb/v7e-m+fp/softfp\libgcc.a(_arm_muldf3.o)
                              ./wifi_per_normal_app.o (__aeabi_dmul)
c:/siliconlabs/simplicitystudio/v5/developer/toolchains/gnu_arm/12.2.rel1_2023.7/bin/../lib/gcc/arm-none-eabi/12.2.1/thumb/v7e-m+fp/softfp\libgcc.a(_arm_addsubdf3.o)
                              ./wiseconnect3_sdk_3.1.4/components/device/silabs/si91x/mcu/drivers/peripheral_drivers/src/clock_update.o (__aeabi_dadd)
c:/siliconlabs/simplicitystudio/v5/developer/toolchains/gnu_arm/12.2.rel1_2023.7/bin/../lib/gcc/arm-none-eabi/12.2.1/thumb/v7e-m+fp/softfp\libgcc.a(_arm_muldivdf3.o)
                              ./wifi_per_normal_app.o (__aeabi_ddiv)
c:/siliconlabs/simplicitystudio/v5/developer/toolchains/gnu_arm/12.2.rel1_2023.7/bin/../lib/gcc/arm-none-eabi/12.2.1/thumb/v7e-m+fp/softfp\libgcc.a(_arm_fixunsdfsi.o)
                              ./wiseconnect3_sdk_3.1.4/components/device/silabs/si91x/mcu/drivers/peripheral_drivers/src/clock_update.o (__aeabi_d2uiz)
c:/siliconlabs/simplicitystudio/v5/developer/toolchains/gnu_arm/12.2.rel1_2023.7/bin/../lib/gcc/arm-none-eabi/12.2.1/thumb/v7e-m+fp/softfp\libgcc.a(_arm_truncdfsf2.o)
                              ./wifi_per_normal_app.o (__aeabi_d2f)
c:/siliconlabs/simplicitystudio/v5/developer/toolchains/gnu_arm/12.2.rel1_2023.7/bin/../lib/gcc/arm-none-eabi/12.2.1/thumb/v7e-m+fp/softfp\libc_nano.a(libc_a-calloc.o)
                              ./wiseconnect3_sdk_3.1.4/components/device/silabs/si91x/wireless/asynchronous_socket/src/sl_si91x_socket.o (calloc)
c:/siliconlabs/simplicitystudio/v5/developer/toolchains/gnu_arm/12.2.rel1_2023.7/bin/../lib/gcc/arm-none-eabi/12.2.1/thumb/v7e-m+fp/softfp\libc_nano.a(libc_a-callocr.o)
                              c:/siliconlabs/simplicitystudio/v5/developer/toolchains/gnu_arm/12.2.rel1_2023.7/bin/../lib/gcc/arm-none-eabi/12.2.1/thumb/v7e-m+fp/softfp\libc_nano.a(libc_a-calloc.o) (_calloc_r)
c:/siliconlabs/simplicitystudio/v5/developer/toolchains/gnu_arm/12.2.rel1_2023.7/bin/../lib/gcc/arm-none-eabi/12.2.1/thumb/v7e-m+fp/softfp\libc_nano.a(libc_a-exit.o)
                              c:/siliconlabs/simplicitystudio/v5/developer/toolchains/gnu_arm/12.2.rel1_2023.7/bin/../lib/gcc/arm-none-eabi/12.2.1/thumb/v7e-m+fp/softfp/crt0.o (exit)
c:/siliconlabs/simplicitystudio/v5/developer/toolchains/gnu_arm/12.2.rel1_2023.7/bin/../lib/gcc/arm-none-eabi/12.2.1/thumb/v7e-m+fp/softfp\libc_nano.a(libc_a-malloc.o)
                              ./demo.o (malloc)
c:/siliconlabs/simplicitystudio/v5/developer/toolchains/gnu_arm/12.2.rel1_2023.7/bin/../lib/gcc/arm-none-eabi/12.2.1/thumb/v7e-m+fp/softfp\libc_nano.a(libc_a-mallocr.o)
                              c:/siliconlabs/simplicitystudio/v5/developer/toolchains/gnu_arm/12.2.rel1_2023.7/bin/../lib/gcc/arm-none-eabi/12.2.1/thumb/v7e-m+fp/softfp\libc_nano.a(libc_a-callocr.o) (_malloc_r)
c:/siliconlabs/simplicitystudio/v5/developer/toolchains/gnu_arm/12.2.rel1_2023.7/bin/../lib/gcc/arm-none-eabi/12.2.1/thumb/v7e-m+fp/softfp\libc_nano.a(libc_a-mlock.o)
                              c:/siliconlabs/simplicitystudio/v5/developer/toolchains/gnu_arm/12.2.rel1_2023.7/bin/../lib/gcc/arm-none-eabi/12.2.1/thumb/v7e-m+fp/softfp\libc_nano.a(libc_a-mallocr.o) (__malloc_lock)
c:/siliconlabs/simplicitystudio/v5/developer/toolchains/gnu_arm/12.2.rel1_2023.7/bin/../lib/gcc/arm-none-eabi/12.2.1/thumb/v7e-m+fp/softfp\libc_nano.a(libc_a-strtoul.o)
                              ./wiseconnect3_sdk_3.1.4/components/common/src/sl_utility.o (strtoul)
c:/siliconlabs/simplicitystudio/v5/developer/toolchains/gnu_arm/12.2.rel1_2023.7/bin/../lib/gcc/arm-none-eabi/12.2.1/thumb/v7e-m+fp/softfp\libc_nano.a(libc_a-ctype_.o)
                              ./gecko_sdk_4.4.1/platform/common/src/sl_string.o (_ctype_)
c:/siliconlabs/simplicitystudio/v5/developer/toolchains/gnu_arm/12.2.rel1_2023.7/bin/../lib/gcc/arm-none-eabi/12.2.1/thumb/v7e-m+fp/softfp\libc_nano.a(libc_a-nano-vfprintf_float.o)
                              (_printf_float)
c:/siliconlabs/simplicitystudio/v5/developer/toolchains/gnu_arm/12.2.rel1_2023.7/bin/../lib/gcc/arm-none-eabi/12.2.1/thumb/v7e-m+fp/softfp\libc_nano.a(libc_a-nano-vfprintf_i.o)
                              c:/siliconlabs/simplicitystudio/v5/developer/toolchains/gnu_arm/12.2.rel1_2023.7/bin/../lib/gcc/arm-none-eabi/12.2.1/thumb/v7e-m+fp/softfp\libc_nano.a(libc_a-nano-vfprintf_float.o) (_printf_common)
c:/siliconlabs/simplicitystudio/v5/developer/toolchains/gnu_arm/12.2.rel1_2023.7/bin/../lib/gcc/arm-none-eabi/12.2.1/thumb/v7e-m+fp/softfp\libc_nano.a(libc_a-findfp.o)
                              c:/siliconlabs/simplicitystudio/v5/developer/toolchains/gnu_arm/12.2.rel1_2023.7/bin/../lib/gcc/arm-none-eabi/12.2.1/thumb/v7e-m+fp/softfp\libc_nano.a(libc_a-exit.o) (__stdio_exit_handler)
[...]
Memory Configuration

Name             Origin             Length             Attributes
rom              0x08202000         0x001fe000         xr
ram              0x00000400         0x0002fc00         xrw
udma0            0x0002fc00         0x00000400         xrw
udma1            0x24061c00         0x00000400         xrw
*default*        0x00000000         0xffffffff

Linker script and memory map

LOAD c:/siliconlabs/simplicitystudio/v5/developer/toolchains/gnu_arm/12.2.rel1_2023.7/bin/../lib/gcc/arm-none-eabi/12.2.1/thumb/v7e-m+fp/softfp/crti.o
LOAD c:/siliconlabs/simplicitystudio/v5/developer/toolchains/gnu_arm/12.2.rel1_2023.7/bin/../lib/gcc/arm-none-eabi/12.2.1/thumb/v7e-m+fp/softfp/crtbegin.o
LOAD c:/siliconlabs/simplicitystudio/v5/developer/toolchains/gnu_arm/12.2.rel1_2023.7/bin/../lib/gcc/arm-none-eabi/12.2.1/thumb/v7e-m+fp/softfp/crt0.o
START GROUP
LOAD ./autogen/sl_event_handler.o
LOAD ./ble_commands.o
LOAD ./bsd_socket_commands.o
LOAD ./demo.o
LOAD ./device_commands.o
LOAD ./iot_socket_commands.o
LOAD ./main.o
LOAD ./network_commands.o
LOAD ./wifi_commands.o
LOAD ./wifi_per_normal_app.o
LOAD ./console_commands/src/console_argument_types.o
LOAD ./console_commands/src/console_command_database.o
LOAD ./console_commands/src/console_variable_database.o
LOAD ./gecko_sdk_4.4.1/platform/CMSIS/RTOS2/Source/os_systick.o
LOAD ./gecko_sdk_4.4.1/platform/common/src/sl_assert.o
LOAD ./gecko_sdk_4.4.1/platform/common/src/sl_slist.o
LOAD ./gecko_sdk_4.4.1/platform/common/src/sl_string.o
LOAD ./gecko_sdk_4.4.1/platform/common/src/sli_cmsis_os2_ext_task_register.o
LOAD ./gecko_sdk_4.4.1/platform/service/system/src/sl_system_init.o
LOAD ./gecko_sdk_4.4.1/platform/service/system/src/sl_system_kernel.o
LOAD ./gecko_sdk_4.4.1/util/third_party/freertos/cmsis/Source/cmsis_os2.o
LOAD ./gecko_sdk_4.4.1/util/third_party/freertos/kernel/croutine.o
LOAD ./gecko_sdk_4.4.1/util/third_party/freertos/kernel/event_groups.o
LOAD ./gecko_sdk_4.4.1/util/third_party/freertos/kernel/list.o
LOAD ./gecko_sdk_4.4.1/util/third_party/freertos/kernel/queue.o
LOAD ./gecko_sdk_4.4.1/util/third_party/freertos/kernel/stream_buffer.o
LOAD ./gecko_sdk_4.4.1/util/third_party/freertos/kernel/tasks.o
LOAD ./gecko_sdk_4.4.1/util/third_party/freertos/kernel/timers.o
LOAD ./gecko_sdk_4.4.1/util/third_party/freertos/kernel/portable/GCC/ARM_CM4F/port.o
LOAD ./gecko_sdk_4.4.1/util/third_party/freertos/kernel/portable/MemMang/heap_4.o
LOAD ./wiseconnect3_sdk_3.1.4/components/board/silabs/src/rsi_board.o
LOAD ./wiseconnect3_sdk_3.1.4/components/common/src/sl_utility.o
LOAD ./wiseconnect3_sdk_3.1.4/components/console/console.o
LOAD ./wiseconnect3_sdk_3.1.4/components/console/console_minimal_uart_plugin.o
LOAD ./wiseconnect3_sdk_3.1.4/components/console/variables/console_variables.o
LOAD ./wiseconnect3_sdk_3.1.4/components/device/silabs/si91x/mcu/core/chip/src/iPMU_prog/iPMU_dotc/ipmu_apis.o
LOAD ./wiseconnect3_sdk_3.1.4/components/device/silabs/si91x/mcu/core/chip/src/iPMU_prog/iPMU_dotc/rsi_system_config_917.o
LOAD ./wiseconnect3_sdk_3.1.4/components/device/silabs/si91x/mcu/core/chip/src/rsi_deepsleep_soc.o
LOAD ./wiseconnect3_sdk_3.1.4/components/device/silabs/si91x/mcu/core/chip/src/rsi_ps_ram_func.o
LOAD ./wiseconnect3_sdk_3.1.4/components/device/silabs/si91x/mcu/core/chip/src/startup_si91x.o
LOAD ./wiseconnect3_sdk_3.1.4/components/device/silabs/si91x/mcu/core/chip/src/system_si91x.o
LOAD ./wiseconnect3_sdk_3.1.4/components/device/silabs/si91x/mcu/core/common/src/rsi_debug.o
LOAD ./wiseconnect3_sdk_3.1.4/components/device/silabs/si91x/mcu/core/common/src/sl_si91x_stack_object_declare.o
LOAD ./wiseconnect3_sdk_3.1.4/components/device/silabs/si91x/mcu/core/common/src/syscalls.o
LOAD ./wiseconnect3_sdk_3.1.4/components/device/silabs/si91x/mcu/core/config/src/rsi_nvic_priorities_config.o
LOAD ./wiseconnect3_sdk_3.1.4/components/device/silabs/si91x/mcu/drivers/cmsis_driver/UDMA.o
LOAD ./wiseconnect3_sdk_3.1.4/components/device/silabs/si91x/mcu/drivers/cmsis_driver/USART.o
LOAD ./wiseconnect3_sdk_3.1.4/components/device/silabs/si91x/mcu/drivers/peripheral_drivers/src/clock_update.o
LOAD ./wiseconnect3_sdk_3.1.4/components/device/silabs/si91x/mcu/drivers/peripheral_drivers/src/rsi_crc.o
LOAD ./wiseconnect3_sdk_3.1.4/components/device/silabs/si91x/mcu/drivers/peripheral_drivers/src/rsi_egpio.o
LOAD ./wiseconnect3_sdk_3.1.4/components/device/silabs/si91x/mcu/drivers/peripheral_drivers/src/rsi_timers.o
LOAD ./wiseconnect3_sdk_3.1.4/components/device/silabs/si91x/mcu/drivers/peripheral_drivers/src/rsi_udma.o
LOAD ./wiseconnect3_sdk_3.1.4/components/device/silabs/si91x/mcu/drivers/peripheral_drivers/src/rsi_udma_wrapper.o
LOAD ./wiseconnect3_sdk_3.1.4/components/device/silabs/si91x/mcu/drivers/peripheral_drivers/src/rsi_usart.o
LOAD ./wiseconnect3_sdk_3.1.4/components/device/silabs/si91x/mcu/drivers/systemlevel/src/rsi_ipmu.o
LOAD ./wiseconnect3_sdk_3.1.4/components/device/silabs/si91x/mcu/drivers/systemlevel/src/rsi_pll.o
LOAD ./wiseconnect3_sdk_3.1.4/components/device/silabs/si91x/mcu/drivers/systemlevel/src/rsi_power_save.o
LOAD ./wiseconnect3_sdk_3.1.4/components/device/silabs/si91x/mcu/drivers/systemlevel/src/rsi_rtc.o
LOAD ./wiseconnect3_sdk_3.1.4/components/device/silabs/si91x/mcu/drivers/systemlevel/src/rsi_temp_sensor.o
LOAD ./wiseconnect3_sdk_3.1.4/components/device/silabs/si91x/mcu/drivers/systemlevel/src/rsi_time_period.o
LOAD ./wiseconnect3_sdk_3.1.4/components/device/silabs/si91x/mcu/drivers/systemlevel/src/rsi_ulpss_clk.o
LOAD ./wiseconnect3_sdk_3.1.4/components/device/silabs/si91x/mcu/drivers/systemlevel/src/rsi_wwdt.o
LOAD ./wiseconnect3_sdk_3.1.4/components/device/silabs/si91x/wireless/ahb_interface/src/rsi_hal_mcu_m4_ram.o
LOAD ./wiseconnect3_sdk_3.1.4/components/device/silabs/si91x/wireless/ahb_interface/src/rsi_hal_mcu_m4_rom.o
LOAD ./wiseconnect3_sdk_3.1.4/components/device/silabs/si91x/wireless/ahb_interface/src/sl_platform.o
LOAD ./wiseconnect3_sdk_3.1.4/components/device/silabs/si91x/wireless/ahb_interface/src/sl_platform_wireless.o
LOAD ./wiseconnect3_sdk_3.1.4/components/device/silabs/si91x/wireless/ahb_interface/src/sl_si91x_bus.o
LOAD ./wiseconnect3_sdk_3.1.4/components/device/silabs/si91x/wireless/ahb_interface/src/sl_si91x_timer.o
LOAD ./wiseconnect3_sdk_3.1.4/components/device/silabs/si91x/wireless/ahb_interface/src/sli_siwx917_soc.o
LOAD ./wiseconnect3_sdk_3.1.4/components/device/silabs/si91x/wireless/asynchronous_socket/src/sl_si91x_socket.o
LOAD ./wiseconnect3_sdk_3.1.4/components/device/silabs/si91x/wireless/ble/src/rsi_ble_gap_apis.o
LOAD ./wiseconnect3_sdk_3.1.4/components/device/silabs/si91x/wireless/ble/src/rsi_ble_gatt_apis.o
LOAD ./wiseconnect3_sdk_3.1.4/components/device/silabs/si91x/wireless/ble/src/rsi_bt_ble.o
LOAD ./wiseconnect3_sdk_3.1.4/components/device/silabs/si91x/wireless/ble/src/rsi_bt_common_apis.o
LOAD ./wiseconnect3_sdk_3.1.4/components/device/silabs/si91x/wireless/ble/src/rsi_common_apis.o
LOAD ./wiseconnect3_sdk_3.1.4/components/device/silabs/si91x/wireless/ble/src/rsi_utils.o
LOAD ./wiseconnect3_sdk_3.1.4/components/device/silabs/si91x/wireless/ble/src/sl_si91x_ble.o
LOAD ./wiseconnect3_sdk_3.1.4/components/device/silabs/si91x/wireless/errno/src/sl_si91x_errno.o
LOAD ./wiseconnect3_sdk_3.1.4/components/device/silabs/si91x/wireless/firmware_upgrade/firmware_upgradation.o
LOAD ./wiseconnect3_sdk_3.1.4/components/device/silabs/si91x/wireless/host_mcu/si91x/siwx917_soc_ncp_host.o
LOAD ./wiseconnect3_sdk_3.1.4/components/device/silabs/si91x/wireless/icmp/sl_net_ping.o
LOAD ./wiseconnect3_sdk_3.1.4/components/device/silabs/si91x/wireless/memory/malloc_buffers.o
LOAD ./wiseconnect3_sdk_3.1.4/components/device/silabs/si91x/wireless/sl_net/src/sl_net_rsi_utility.o
LOAD ./wiseconnect3_sdk_3.1.4/components/device/silabs/si91x/wireless/sl_net/src/sl_net_si91x_integration_handler.o
LOAD ./wiseconnect3_sdk_3.1.4/components/device/silabs/si91x/wireless/sl_net/src/sl_si91x_net_credentials.o
LOAD ./wiseconnect3_sdk_3.1.4/components/device/silabs/si91x/wireless/sl_net/src/sl_si91x_net_internal_stack.o
LOAD ./wiseconnect3_sdk_3.1.4/components/device/silabs/si91x/wireless/socket/src/sl_si91x_socket_utility.o
LOAD ./wiseconnect3_sdk_3.1.4/components/device/silabs/si91x/wireless/src/sl_rsi_utility.o
LOAD ./wiseconnect3_sdk_3.1.4/components/device/silabs/si91x/wireless/src/sl_si91x_callback_framework.o
LOAD ./wiseconnect3_sdk_3.1.4/components/device/silabs/si91x/wireless/src/sl_si91x_driver.o
LOAD ./wiseconnect3_sdk_3.1.4/components/device/silabs/si91x/wireless/threading/sli_si91x_multithreaded.o
LOAD ./wiseconnect3_sdk_3.1.4/components/protocol/wifi/si91x/sl_wifi.o
LOAD ./wiseconnect3_sdk_3.1.4/components/protocol/wifi/src/sl_wifi_callback_framework.o
LOAD ./wiseconnect3_sdk_3.1.4/components/service/bsd_socket/si91x_socket/sl_si91x_bsd_socket.o
LOAD ./wiseconnect3_sdk_3.1.4/components/service/network_manager/si91x/sl_net_si91x.o
LOAD ./wiseconnect3_sdk_3.1.4/components/service/network_manager/src/sl_net.o
LOAD ./wiseconnect3_sdk_3.1.4/components/service/network_manager/src/sl_net_basic_certificate_store.o
LOAD ./wiseconnect3_sdk_3.1.4/components/service/network_manager/src/sl_net_basic_credentials.o
LOAD ./wiseconnect3_sdk_3.1.4/components/service/network_manager/src/sl_net_basic_profiles.o
LOAD ./wiseconnect3_sdk_3.1.4/third_party/iot_socket/source/bsd_socket/iot_socket.o
LOAD c:/siliconlabs/simplicitystudio/v5/developer/toolchains/gnu_arm/12.2.rel1_2023.7/bin/../lib/gcc/arm-none-eabi/12.2.1/thumb/v7e-m+fp/softfp\libgcc.a
LOAD c:/siliconlabs/simplicitystudio/v5/developer/toolchains/gnu_arm/12.2.rel1_2023.7/bin/../lib/gcc/arm-none-eabi/12.2.1/thumb/v7e-m+fp/softfp\libnosys.a
LOAD c:/siliconlabs/simplicitystudio/v5/developer/toolchains/gnu_arm/12.2.rel1_2023.7/bin/../lib/gcc/arm-none-eabi/12.2.1/thumb/v7e-m+fp/softfp\libc_nano.a
LOAD c:/siliconlabs/simplicitystudio/v5/developer/toolchains/gnu_arm/12.2.rel1_2023.7/bin/../lib/gcc/arm-none-eabi/12.2.1/thumb/v7e-m+fp/softfp\libm.a
END GROUP
START GROUP
LOAD c:/siliconlabs/simplicitystudio/v5/developer/toolchains/gnu_arm/12.2.rel1_2023.7/bin/../lib/gcc/arm-none-eabi/12.2.1/thumb/v7e-m+fp/softfp\libgcc.a
LOAD c:/siliconlabs/simplicitystudio/v5/developer/toolchains/gnu_arm/12.2.rel1_2023.7/bin/../lib/gcc/arm-none-eabi/12.2.1/thumb/v7e-m+fp/softfp\libc_nano.a
LOAD c:/siliconlabs/simplicitystudio/v5/developer/toolchains/gnu_arm/12.2.rel1_2023.7/bin/../lib/gcc/arm-none-eabi/12.2.1/thumb/v7e-m+fp/softfp\libnosys.a
END GROUP
START GROUP
LOAD c:/siliconlabs/simplicitystudio/v5/developer/toolchains/gnu_arm/12.2.rel1_2023.7/bin/../lib/gcc/arm-none-eabi/12.2.1/thumb/v7e-m+fp/softfp\libgcc.a
LOAD c:/siliconlabs/simplicitystudio/v5/developer/toolchains/gnu_arm/12.2.rel1_2023.7/bin/../lib/gcc/arm-none-eabi/12.2.1/thumb/v7e-m+fp/softfp\libg_nano.a
LOAD c:/siliconlabs/simplicitystudio/v5/developer/toolchains/gnu_arm/12.2.rel1_2023.7/bin/../lib/gcc/arm-none-eabi/12.2.1/thumb/v7e-m+fp/softfp\libc_nano.a
END GROUP
START GROUP
LOAD c:/siliconlabs/simplicitystudio/v5/developer/toolchains/gnu_arm/12.2.rel1_2023.7/bin/../lib/gcc/arm-none-eabi/12.2.1/thumb/v7e-m+fp/softfp\libgcc.a
LOAD c:/siliconlabs/simplicitystudio/v5/developer/toolchains/gnu_arm/12.2.rel1_2023.7/bin/../lib/gcc/arm-none-eabi/12.2.1/thumb/v7e-m+fp/softfp\libc_nano.a
END GROUP
LOAD c:/siliconlabs/simplicitystudio/v5/developer/toolchains/gnu_arm/12.2.rel1_2023.7/bin/../lib/gcc/arm-none-eabi/12.2.1/thumb/v7e-m+fp/softfp/crtend.o
LOAD c:/siliconlabs/simplicitystudio/v5/developer/toolchains/gnu_arm/12.2.rel1_2023.7/bin/../lib/gcc/arm-none-eabi/12.2.1/thumb/v7e-m+fp/softfp/crtn.o

.text           0x08202000    0x1ac71
 *(.isr_vector)
 .isr_vector    0x08202000      0x16c ./wiseconnect3_sdk_3.1.4/components/device/silabs/si91x/mcu/core/chip/src/startup_si91x.o
                0x08202000                __Vectors
 *(.reset_handler)
 .reset_handler
                0x0820216c       0x30 ./wiseconnect3_sdk_3.1.4/components/device/silabs/si91x/mcu/core/chip/src/startup_si91x.o
                0x0820216c                RSI_Default_Reset_Handler
 *(EXCLUDE_FILE(*heap_*.o *port.o *sl_rsi_utility.o *malloc_buffers.o *freertos_umm_malloc_host.o *cmsis_os2.o *timers.o *tasks.o *stream_buffer.o *queue.o *list.o *event_groups.o *croutine.o *rsi_hal_mcu_m4_rom.o *rsi_hal_mcu_m4_ram.o *rsi_deepsleep_soc.o *sli_si91x_multithreaded.o *sl_si91x_driver.o *sl_si91x_bus.o) .text*)
 .text.deregister_tm_clones
                0x0820219c       0x1c c:/siliconlabs/simplicitystudio/v5/developer/toolchains/gnu_arm/12.2.rel1_2023.7/bin/../lib/gcc/arm-none-eabi/12.2.1/thumb/v7e-m+fp/softfp/crtbegin.o
 .text.register_tm_clones
                0x082021b8       0x24 c:/siliconlabs/simplicitystudio/v5/developer/toolchains/gnu_arm/12.2.rel1_2023.7/bin/../lib/gcc/arm-none-eabi/12.2.1/thumb/v7e-m+fp/softfp/crtbegin.o
 .text.__do_global_dtors_aux
                0x082021dc       0x28 c:/siliconlabs/simplicitystudio/v5/developer/toolchains/gnu_arm/12.2.rel1_2023.7/bin/../lib/gcc/arm-none-eabi/12.2.1/thumb/v7e-m+fp/softfp/crtbegin.o
 .text.frame_dummy
                0x08202204       0x24 c:/siliconlabs/simplicitystudio/v5/developer/toolchains/gnu_arm/12.2.rel1_2023.7/bin/../lib/gcc/arm-none-eabi/12.2.1/thumb/v7e-m+fp/softfp/crtbegin.o
 .text.sl_platform_init
                0x08202228       0x1e ./autogen/sl_event_handler.o
                0x08202228                sl_platform_init
 .text.sl_kernel_start
                0x08202246        0x4 ./autogen/sl_event_handler.o
                0x08202246                sl_kernel_start
 .text.sl_driver_init
                0x0820224a        0x2 ./autogen/sl_event_handler.o
                0x0820224a                sl_driver_init
 .text.sl_service_init
                0x0820224c        0x2 ./autogen/sl_event_handler.o
                0x0820224c                sl_service_init
 .text.sl_stack_init
                0x0820224e        0x2 ./autogen/sl_event_handler.o
                0x0820224e                sl_stack_init
 .text.sl_internal_app_init
                0x08202250        0x2 ./autogen/sl_event_handler.o
                0x08202250                sl_internal_app_init
 *fill*         0x08202252        0x2 
 .text.rsi_ble_per_transmit_command_handler
                0x08202254       0xa8 ./ble_commands.o
                0x08202254                rsi_ble_per_transmit_command_handler
 .text.rsi_ble_per_receive_command_handler
                0x082022fc       0x60 ./ble_commands.o
                0x082022fc                rsi_ble_per_receive_command_handler
 .text.rsi_bt_per_stats_command_handler
                0x0820235c       0xbc ./ble_commands.o
                0x0820235c                rsi_bt_per_stats_command_handler
 .text.rsi_bt_set_local_name_command_handler
                0x08202418        0xc ./ble_commands.o
                0x08202418                rsi_bt_set_local_name_command_handler
 .text.rsi_bt_get_local_name_command_handler
                0x08202424       0x24 ./ble_commands.o
                0x08202424                rsi_bt_get_local_name_command_handler
 .text.rsi_bt_get_local_device_address_command_handler
                0x08202448       0x2c ./ble_commands.o
                0x08202448                rsi_bt_get_local_device_address_command_handler
 .text.rsi_ble_set_advertise_data_command_handler
                0x08202474       0x28 ./ble_commands.o
                0x08202474                rsi_ble_set_advertise_data_command_handler
 .text.rsi_ble_start_advertising_command_handler
                0x0820249c        0x4 ./ble_commands.o
                0x0820249c                rsi_ble_start_advertising_command_handler
 .text.rsi_ble_stop_advertising_command_handler
                0x082024a0        0x4 ./ble_commands.o
                0x082024a0                rsi_ble_stop_advertising_command_handler
 .text.print_errno
                0x082024a4       0x18 ./bsd_socket_commands.o
 .text.wifi_bsd_socket_create_handler
                0x082024bc       0x28 ./bsd_socket_commands.o
                0x082024bc                wifi_bsd_socket_create_handler
 .text.wifi_bsd_socket_bind_handler
                0x082024e4       0x4a ./bsd_socket_commands.o
                0x082024e4                wifi_bsd_socket_bind_handler
 .text.wifi_bsd_socket_listen_handler
                0x0820252e       0x1a ./bsd_socket_commands.o
                0x0820252e                wifi_bsd_socket_listen_handler
 .text.wifi_bsd_socket_accept_handler
                0x08202548       0x68 ./bsd_socket_commands.o
                0x08202548                wifi_bsd_socket_accept_handler
 .text.wifi_bsd_socket_receive_from_handler
                0x082025b0       0x6c ./bsd_socket_commands.o
                0x082025b0                wifi_bsd_socket_receive_from_handler
 .text.wifi_bsd_socket_receive_handler
                0x0820261c       0x30 ./bsd_socket_commands.o
                0x0820261c                wifi_bsd_socket_receive_handler
 .text.wifi_bsd_socket_send_handler
                0x0820264c       0x40 ./bsd_socket_commands.o
                0x0820264c                wifi_bsd_socket_send_handler
 .text.wifi_bsd_socket_send_to_handler
                0x0820268c       0x78 ./bsd_socket_commands.o
                0x0820268c                wifi_bsd_socket_send_to_handler
 .text.wifi_bsd_socket_connect_handler
                0x08202704       0x50 ./bsd_socket_commands.o
                0x08202704                wifi_bsd_socket_connect_handler
 .text.wifi_bsd_socket_close_handler
                0x08202754       0x18 ./bsd_socket_commands.o
                0x08202754                wifi_bsd_socket_close_handler
 .text.wifi_bsd_get_host_by_name_handler
                0x0820276c       0x38 ./bsd_socket_commands.o
                0x0820276c                wifi_bsd_get_host_by_name_handler
 .text.wifi_bsd_get_sock_name
                0x082027a4       0x68 ./bsd_socket_commands.o
                0x082027a4                wifi_bsd_get_sock_name
 .text.wifi_bsd_select_handler
                0x0820280c       0xc8 ./bsd_socket_commands.o
                0x0820280c                wifi_bsd_select_handler
 .text.wifi_bsd_socket_get_opt_handler
                0x082028d4       0x3c ./bsd_socket_commands.o
                0x082028d4                wifi_bsd_socket_get_opt_handler
 .text.wifi_bsd_get_peer_name
                0x08202910       0x68 ./bsd_socket_commands.o
                0x08202910                wifi_bsd_get_peer_name
 .text.wifi_bsd_socket_set_opt_handler
                0x08202978       0x2c ./bsd_socket_commands.o
                0x08202978                wifi_bsd_socket_set_opt_handler
 .text.print_command_args
                0x082029a4       0xe8 ./demo.o
 .text.app_init
                0x08202a8c       0x14 ./demo.o
                0x08202a8c                app_init
 .text.print_status
                0x08202aa0       0x20 ./demo.o
                0x08202aa0                print_status
 .text.application_start
                0x08202ac0       0xe0 ./demo.o
                0x08202ac0                application_start
 .text.help_command_handler
                0x08202ba0       0x78 ./demo.o
                0x08202ba0                help_command_handler
 .text.thread_command_handler
                0x08202c18       0x6c ./demo.o
                0x08202c18                thread_command_handler
 .text.rtt_command_handler
                0x08202c84        0x4 ./demo.o
                0x08202c84                rtt_command_handler
 .text.wifi_reset_command_handler
                0x08202c88       0x24 ./device_commands.o
                0x08202c88                wifi_reset_command_handler
 .text.print_iot_status
                0x08202cac        0xc ./iot_socket_commands.o
 .text.wifi_iot_socket_create_handler
                0x08202cb8       0x30 ./iot_socket_commands.o
                0x08202cb8                wifi_iot_socket_create_handler
 .text.wifi_iot_socket_close_handler
                0x08202ce8       0x18 ./iot_socket_commands.o
                0x08202ce8                wifi_iot_socket_close_handler
 .text.wifi_iot_socket_bind_handler
                0x08202d00       0x28 ./iot_socket_commands.o
                0x08202d00                wifi_iot_socket_bind_handler
 .text.wifi_iot_socket_listen_handler
                0x08202d28       0x1a ./iot_socket_commands.o
                0x08202d28                wifi_iot_socket_listen_handler
 *fill*         0x08202d42        0x2 
 .text.wifi_iot_socket_accept_handler
                0x08202d44       0x38 ./iot_socket_commands.o
                0x08202d44                wifi_iot_socket_accept_handler
 .text.wifi_iot_socket_connect_handler
                0x08202d7c       0x28 ./iot_socket_commands.o
                0x08202d7c                wifi_iot_socket_connect_handler
 .text.wifi_iot_socket_send_handler
                0x08202da4       0x30 ./iot_socket_commands.o
                0x08202da4                wifi_iot_socket_send_handler
 .text.wifi_iot_socket_get_socket_name_handler
                0x08202dd4       0x54 ./iot_socket_commands.o
                0x08202dd4                wifi_iot_socket_get_socket_name_handler
 .text.wifi_iot_socket_get_peer_name_handler
                0x08202e28       0x54 ./iot_socket_commands.o
                0x08202e28                wifi_iot_socket_get_peer_name_handler
 .text.wifi_iot_socket_set_opt_handler
                0x08202e7c       0x28 ./iot_socket_commands.o
                0x08202e7c                wifi_iot_socket_set_opt_handler
 .text.wifi_iot_socket_get_opt_handler
                0x08202ea4       0x34 ./iot_socket_commands.o
                0x08202ea4                wifi_iot_socket_get_opt_handler
 .text.wifi_iot_socket_receive_handler
                0x08202ed8       0x3c ./iot_socket_commands.o
                0x08202ed8                wifi_iot_socket_receive_handler
 .text.wifi_iot_socket_receive_from_handler
                0x08202f14       0x80 ./iot_socket_commands.o
                0x08202f14                wifi_iot_socket_receive_from_handler
 .text.wifi_iot_get_host_by_name_handler
                0x08202f94       0x40 ./iot_socket_commands.o
                0x08202f94                wifi_iot_get_host_by_name_handler
 .text.wifi_iot_socket_send_to_handler
                0x08202fd4       0x50 ./iot_socket_commands.o
                0x08202fd4                wifi_iot_socket_send_to_handler
 .text.startup.main
                0x08203024       0x12 ./main.o
                0x08203024                main
 *fill*         0x08203036        0x2 
 .text.ping_response_callback_handler
                0x08203038       0x30 ./network_commands.o
                0x08203038                ping_response_callback_handler
 .text.net_init_command_handler
                0x08203068       0x44 ./network_commands.o
                0x08203068                net_init_command_handler
 .text.net_deinit_command_handler
                0x082030ac       0x30 ./network_commands.o
                0x082030ac                net_deinit_command_handler
 .text.net_up_command_handler
                0x082030dc       0x8c ./network_commands.o
                0x082030dc                net_up_command_handler
 .text.net_down_command_handler
                0x08203168       0x30 ./network_commands.o
                0x08203168                net_down_command_handler
 .text.set_nvm_profile_command_handler
                0x08203198      0x108 ./network_commands.o
                0x08203198                set_nvm_profile_command_handler
 .text.sl_dns_hostgetbyname_command_handler
                0x082032a0       0x42 ./network_commands.o
                0x082032a0                sl_dns_hostgetbyname_command_handler
 .text.sl_net_ping_command_handler
                0x082032e2       0x40 ./network_commands.o
                0x082032e2                sl_net_ping_command_handler
 *fill*         0x08203322        0x2 
 .text.start_dhcp_command_handler
                0x08203324       0xdc ./network_commands.o
                0x08203324                start_dhcp_command_handler
 .text.net_join_multicast_address_command_handler
                0x08203400       0x32 ./network_commands.o
                0x08203400                net_join_multicast_address_command_handler
 .text.net_leave_multicast_address_command_handler
                0x08203432       0x32 ./network_commands.o
                0x08203432                net_leave_multicast_address_command_handler
 .text.show_scan_results
                0x08203464       0xcc ./wifi_commands.o
 .text.scan_callback_handler
                0x08203530       0x34 ./wifi_commands.o
                0x08203530                scan_callback_handler
 .text.wifi_stats_receive_handler
                0x08203564       0xd0 ./wifi_commands.o
                0x08203564                wifi_stats_receive_handler
 .text.join_callback_handler
                0x08203634       0x3c ./wifi_commands.o
                0x08203634                join_callback_handler
 .text.twt_callback_handler
                0x08203670      0x210 ./wifi_commands.o
 .text.wifi_statistic_thread
                0x08203880      0x124 ./wifi_commands.o
                0x08203880                wifi_statistic_thread
 .text.wifi_init_command_handler
                0x082039a4      0x1fc ./wifi_commands.o
                0x082039a4                wifi_init_command_handler
 .text.wifi_set_antenna_command_handler
                0x08203ba0       0x18 ./wifi_commands.o
                0x08203ba0                wifi_set_antenna_command_handler
 .text.wifi_get_signal_strength_command_handler
                0x08203bb8       0x2c ./wifi_commands.o
                0x08203bb8                wifi_get_signal_strength_command_handler
 .text.wifi_scan_command_handler
                0x08203be4      0x158 ./wifi_commands.o
                0x08203be4                wifi_scan_command_handler
 .text.wifi_set_tx_power_command_handler
                0x08203d3c       0x28 ./wifi_commands.o
                0x08203d3c                wifi_set_tx_power_command_handler
 .text.wifi_get_tx_power_command_handler
                0x08203d64       0x38 ./wifi_commands.o
                0x08203d64                wifi_get_tx_power_command_handler
 .text.wifi_connect_command_handler
                0x08203d9c      0x218 ./wifi_commands.o
                0x08203d9c                wifi_connect_command_handler
 .text.wifi_disconnect_command_handler
                0x08203fb4        0xe ./wifi_commands.o
                0x08203fb4                wifi_disconnect_command_handler
 .text.wifi_get_firmware_version_command_handler
                0x08203fc2       0x22 ./wifi_commands.o
                0x08203fc2                wifi_get_firmware_version_command_handler
 .text.wifi_get_statistics_command_handler
                0x08203fe4       0x74 ./wifi_commands.o
                0x08203fe4                wifi_get_statistics_command_handler
 .text.wifi_start_statistic_report_command_handler
                0x08204058       0x28 ./wifi_commands.o
                0x08204058                wifi_start_statistic_report_command_handler
 .text.wifi_stop_statistic_report_command_handler
                0x08204080       0xd0 ./wifi_commands.o
                0x08204080                wifi_stop_statistic_report_command_handler
 .text.wifi_get_mac_address_command_handler
                0x08204150       0x58 ./wifi_commands.o
                0x08204150                wifi_get_mac_address_command_handler
 .text.wifi_set_channel_command_handler
                0x082041a8       0x2c ./wifi_commands.o
                0x082041a8                wifi_set_channel_command_handler
 .text.wifi_get_channel_command_handler
                0x082041d4       0x48 ./wifi_commands.o
                0x082041d4                wifi_get_channel_command_handler
 .text.wifi_disconnect_ap_client_command_handler
                0x0820421c       0x12 ./wifi_commands.o
                0x0820421c                wifi_disconnect_ap_client_command_handler
 *fill*         0x0820422e        0x2 
 .text.wifi_get_ap_client_info_command_handler
                0x08204230       0x84 ./wifi_commands.o
                0x08204230                wifi_get_ap_client_info_command_handler
 .text.wifi_set_performance_profile_command_handler
                0x082042b4       0x1e ./wifi_commands.o
                0x082042b4                wifi_set_performance_profile_command_handler
 *fill*         0x082042d2        0x2 
 .text.wifi_get_performance_profile_command_handler
                0x082042d4       0x38 ./wifi_commands.o
                0x082042d4                wifi_get_performance_profile_command_handler
 .text.wifi_deinit_command_handler
                0x0820430c        0x4 ./wifi_commands.o
                0x0820430c                wifi_deinit_command_handler
 .text.wifi_start_ap_command_handler
                0x08204310      0x114 ./wifi_commands.o
                0x08204310                wifi_start_ap_command_handler
 .text.wifi_load_certificate_handler
                0x08204424       0xbc ./wifi_commands.o
                0x08204424                wifi_load_certificate_handler
 .text.wifi_is_interface_up_command_handler
                0x082044e0       0x28 ./wifi_commands.o
                0x082044e0                wifi_is_interface_up_command_handler
 .text.wifi_get_default_interface_command_handler
                0x08204508       0x34 ./wifi_commands.o
                0x08204508                wifi_get_default_interface_command_handler
 .text.wifi_set_default_interface_command_handler
                0x0820453c        0xc ./wifi_commands.o
                0x0820453c                wifi_set_default_interface_command_handler
 .text.wifi_set_transmit_rate_command_handler
                0x08204548       0x30 ./wifi_commands.o
                0x08204548                wifi_set_transmit_rate_command_handler
 .text.wifi_set_roam_configuration_command_handler
                0x08204578       0x24 ./wifi_commands.o
                0x08204578                wifi_set_roam_configuration_command_handler
 .text.wifi_get_transmit_rate_command_handler
                0x0820459c       0x74 ./wifi_commands.o
                0x0820459c                wifi_get_transmit_rate_command_handler
 .text.wifi_get_ap_client_list_command_handler
                0x08204610       0x74 ./wifi_commands.o
                0x08204610                wifi_get_ap_client_list_command_handler
 .text.wifi_get_ap_client_count_command_handler
                0x08204684       0x28 ./wifi_commands.o
                0x08204684                wifi_get_ap_client_count_command_handler
 .text.wifi_generate_wps_pin_command_handler
                0x082046ac       0x20 ./wifi_commands.o
                0x082046ac                wifi_generate_wps_pin_command_handler
 .text.wifi_start_wps
                0x082046cc       0x3c ./wifi_commands.o
                0x082046cc                wifi_start_wps
 .text.sl_wifi_set_advanced_scan_configuration_command_handler
                0x08204708       0x4e ./wifi_commands.o
                0x08204708                sl_wifi_set_advanced_scan_configuration_command_handler
 *fill*         0x08204756        0x2 
 .text.sl_wifi_get_advanced_scan_configuration_command_handler
                0x08204758       0x3c ./wifi_commands.o
                0x08204758                sl_wifi_get_advanced_scan_configuration_command_handler
 .text.wifi_stop_scan_command_handler
                0x08204794        0xe ./wifi_commands.o
                0x08204794                wifi_stop_scan_command_handler
 *fill*         0x082047a2        0x2 
 .text.wifi_get_ap_configuration_command_handler
                0x082047a4       0x58 ./wifi_commands.o
                0x082047a4                wifi_get_ap_configuration_command_handler
 .text.wifi_set_ap_configuration_command_handler
                0x082047fc       0xb4 ./wifi_commands.o
                0x082047fc                wifi_set_ap_configuration_command_handler
 .text.wifi_test_client_configuration_command_handler
                0x082048b0      0x104 ./wifi_commands.o
                0x082048b0                wifi_test_client_configuration_command_handler
 .text.sl_wifi_send_raw_data_command_handler
                0x082049b4       0xb4 ./wifi_commands.o
                0x082049b4                sl_wifi_send_raw_data_command_handler
 .text.sl_wifi_enable_twt
                0x08204a68       0x58 ./wifi_commands.o
                0x08204a68                sl_wifi_enable_twt
 .text.sl_wifi_disable_twt
                0x08204ac0       0x58 ./wifi_commands.o
                0x08204ac0                sl_wifi_disable_twt
 .text.sl_wifi_filter_broadcast_command_handler
                0x08204b18        0xc ./wifi_commands.o
                0x08204b18                sl_wifi_filter_broadcast_command_handler
 .text.sl_wifi_assert_command_handler
                0x08204b24        0x4 ./wifi_commands.o
                0x08204b24                sl_wifi_assert_command_handler
 .text.sl_wifi_update_gain_table_command_handler
                0x08204b28       0x28 ./wifi_commands.o
                0x08204b28                sl_wifi_update_gain_table_command_handler
 .text.sl_wifi_set_11ax_config_command_handler
                0x08204b50        0x6 ./wifi_commands.o
                0x08204b50                sl_wifi_set_11ax_config_command_handler
 .text.sl_si91x_get_ram_log_command_handler
                0x08204b56        0xe ./wifi_commands.o
                0x08204b56                sl_si91x_get_ram_log_command_handler
 .text.sl_wifi_transmit_test_start_command_handler
                0x08204b64       0x74 ./wifi_commands.o
                0x08204b64                sl_wifi_transmit_test_start_command_handler
 .text.sl_wifi_ax_transmit_test_start_command_handler
                0x08204bd8       0x9c ./wifi_commands.o
                0x08204bd8                sl_wifi_ax_transmit_test_start_command_handler
 .text.sl_wifi_transmit_test_stop_command_handler
                0x08204c74        0x4 ./wifi_commands.o
                0x08204c74                sl_wifi_transmit_test_stop_command_handler
 .text.wifi_set_advanced_client_config_command_handler
                0x08204c78       0x44 ./wifi_commands.o
                0x08204c78                wifi_set_advanced_client_config_command_handler
 .text.wifi_get_pairwise_master_key_command_handler
                0x08204cbc       0x4e ./wifi_commands.o
                0x08204cbc                wifi_get_pairwise_master_key_command_handler
 *fill*         0x08204d0a        0x2 
 .text.sl_si91x_calibration_write_command_handler
                0x08204d0c       0x54 ./wifi_commands.o
                0x08204d0c                sl_si91x_calibration_write_command_handler
 .text.sl_si91x_calibration_read_command_handler
                0x08204d60       0x5c ./wifi_commands.o
                0x08204d60                sl_si91x_calibration_read_command_handler
 .text.sl_si91x_frequency_offset_command_handler
                0x08204dbc       0x12 ./wifi_commands.o
                0x08204dbc                sl_si91x_frequency_offset_command_handler
 *fill*         0x08204dce        0x2 
 .text.print_throughput_periodic
                0x08204dd0      0x160 ./wifi_per_normal_app.o
 .text.measure_and_print_throughput
                0x08204f30       0x88 ./wifi_per_normal_app.o
 .text.ap_disconnected_event_handler
                0x08204fb8       0x28 ./wifi_per_normal_app.o
 .text.ap_connected_event_handler
                0x08204fe0       0x28 ./wifi_per_normal_app.o
 .text.wifi_per_normal_stop_command_handler
                0x08205008       0x1c ./wifi_per_normal_app.o
                0x08205008                wifi_per_normal_stop_command_handler
 .text.switch_m4_frequency
                0x08205024       0x6c ./wifi_per_normal_app.o
                0x08205024                switch_m4_frequency
 .text.rx_int64_calc_int32overflow
                0x08205090       0x40 ./wifi_per_normal_app.o
                0x08205090                rx_int64_calc_int32overflow
 .text.data_callback
                0x082050d0       0xc4 ./wifi_per_normal_app.o
                0x082050d0                data_callback
 .text.tx_int64_calc_int32overflow
                0x08205194       0x40 ./wifi_per_normal_app.o
                0x08205194                tx_int64_calc_int32overflow
 .text.send_data_to_udp_server
                0x082051d4      0x27c ./wifi_per_normal_app.o
                0x082051d4                send_data_to_udp_server
 .text.receive_data_from_udp_client
                0x08205450      0x1ec ./wifi_per_normal_app.o
                0x08205450                receive_data_from_udp_client
 .text.send_data_to_tcp_server
                0x0820563c      0x1b8 ./wifi_per_normal_app.o
                0x0820563c                send_data_to_tcp_server
 .text.receive_data_from_tcp_client
                0x082057f4      0x1c4 ./wifi_per_normal_app.o
                0x082057f4                receive_data_from_tcp_client
 .text.receive_data_from_tls_server
                0x082059b8      0x18c ./wifi_per_normal_app.o
                0x082059b8                receive_data_from_tls_server
 .text.send_data_to_tls_server
                0x08205b44      0x1d4 ./wifi_per_normal_app.o
                0x08205b44                send_data_to_tls_server
 .text.application_start
                0x08205d18      0x3f8 ./wifi_per_normal_app.o
 .text.print_region_set
                0x08206110       0x6c ./wifi_per_normal_app.o
                0x08206110                print_region_set
 .text.print_wifi_mode
                0x0820617c       0x28 ./wifi_per_normal_app.o
                0x0820617c                print_wifi_mode
 .text.print_throughput_type
                0x082061a4       0x50 ./wifi_per_normal_app.o
                0x082061a4                print_throughput_type
 .text.wifi_per_normal_start
                0x082061f4       0x90 ./wifi_per_normal_app.o
                0x082061f4                wifi_per_normal_start
 .text.wifi_per_normal_command_handler
                0x08206284       0x60 ./wifi_per_normal_app.o
                0x08206284                wifi_per_normal_command_handler
 .text.sl_strnlen
                0x082062e4       0x16 ./gecko_sdk_4.4.1/platform/common/src/sl_string.o
                0x082062e4                sl_strnlen
 .text.sli_osTaskRegisterSetValue
                0x082062fa        0xa ./gecko_sdk_4.4.1/platform/common/src/sli_cmsis_os2_ext_task_register.o
                0x082062fa                sli_osTaskRegisterSetValue
 .text.sl_system_init
                0x08206304       0x1a ./gecko_sdk_4.4.1/platform/service/system/src/sl_system_init.o
                0x08206304                sl_system_init
 .text.sl_system_kernel_start
                0x0820631e        0x4 ./gecko_sdk_4.4.1/platform/service/system/src/sl_system_kernel.o
                0x0820631e                sl_system_kernel_start
 *fill*         0x08206322        0x2 
 .text.RSI_Board_Init
                0x08206324       0x5c ./wiseconnect3_sdk_3.1.4/components/board/silabs/src/rsi_board.o
                0x08206324                RSI_Board_Init
 .text.convert_string_to_sl_ipv4_address
                0x08206380       0x48 ./wiseconnect3_sdk_3.1.4/components/common/src/sl_utility.o
                0x08206380                convert_string_to_sl_ipv4_address
 .text.print_sl_ipv4_address
                0x082063c8       0x1c ./wiseconnect3_sdk_3.1.4/components/common/src/sl_utility.o
                0x082063c8                print_sl_ipv4_address
 .text.print_mac_address
                0x082063e4       0x28 ./wiseconnect3_sdk_3.1.4/components/common/src/sl_utility.o
                0x082063e4                print_mac_address
 .text.little_to_big_endian
                0x0820640c       0x2e ./wiseconnect3_sdk_3.1.4/components/common/src/sl_utility.o
                0x0820640c                little_to_big_endian
 *fill*         0x0820643a        0x2 
 .text.sl_inet_ntop6
                0x0820643c      0x144 ./wiseconnect3_sdk_3.1.4/components/common/src/sl_utility.o
                0x0820643c                sl_inet_ntop6
 .text.print_sl_ipv6_address
                0x08206580       0x2c ./wiseconnect3_sdk_3.1.4/components/common/src/sl_utility.o
                0x08206580                print_sl_ipv6_address
 .text.print_sl_ip_address
                0x082065ac       0x16 ./wiseconnect3_sdk_3.1.4/components/common/src/sl_utility.o
                0x082065ac                print_sl_ip_address
 .text.convert_string_to_mac_address
                0x082065c2       0x8e ./wiseconnect3_sdk_3.1.4/components/common/src/sl_utility.o
                0x082065c2                convert_string_to_mac_address
 .text.print_firmware_version
                0x08206650       0x2c ./wiseconnect3_sdk_3.1.4/components/common/src/sl_utility.o
                0x08206650                print_firmware_version
 .text.sl_debug_log
                0x0820667c        0x6 ./wiseconnect3_sdk_3.1.4/components/common/src/sl_utility.o
                0x0820667c                sl_debug_log
 .text.escape   0x08206682       0x20 ./wiseconnect3_sdk_3.1.4/components/console/console.o
 *fill*         0x082066a2        0x2 
 .text.console_parse_arg
                0x082066a4       0xb4 ./wiseconnect3_sdk_3.1.4/components/console/console.o
                0x082066a4                console_parse_arg
 .text.console_tokenize
                0x08206758       0xce ./wiseconnect3_sdk_3.1.4/components/console/console.o
                0x08206758                console_tokenize
 .text.console_find_command
                0x08206826       0xb8 ./wiseconnect3_sdk_3.1.4/components/console/console.o
                0x08206826                console_find_command
 .text.console_parse_command
                0x082068de      0x132 ./wiseconnect3_sdk_3.1.4/components/console/console.o
                0x082068de                console_parse_command
 .text.console_process_buffer
                0x08206a10       0x2c ./wiseconnect3_sdk_3.1.4/components/console/console_minimal_uart_plugin.o
                0x08206a10                console_process_buffer
 .text.cache_uart_rx_data
                0x08206a3c       0x18 ./wiseconnect3_sdk_3.1.4/components/console/console_minimal_uart_plugin.o
                0x08206a3c                cache_uart_rx_data
 .text.console_process_uart_data
                0x08206a54      0x134 ./wiseconnect3_sdk_3.1.4/components/console/console_minimal_uart_plugin.o
                0x08206a54                console_process_uart_data
 .text.find_variable_node
                0x08206b88       0x80 ./wiseconnect3_sdk_3.1.4/components/console/variables/console_variables.o
 .text.print_variable.isra.0
                0x08206c08       0xac ./wiseconnect3_sdk_3.1.4/components/console/variables/console_variables.o
 .text.find_structure_entry
                0x08206cb4       0x28 ./wiseconnect3_sdk_3.1.4/components/console/variables/console_variables.o
                0x08206cb4                find_structure_entry
 .text.console_variable_get
                0x08206cdc       0x46 ./wiseconnect3_sdk_3.1.4/components/console/variables/console_variables.o
                0x08206cdc                console_variable_get
 .text.console_variable_set
                0x08206d22       0x7c ./wiseconnect3_sdk_3.1.4/components/console/variables/console_variables.o
                0x08206d22                console_variable_set
 *fill*         0x08206d9e        0x2 
 .text.console_variable_list
                0x08206da0      0x138 ./wiseconnect3_sdk_3.1.4/components/console/variables/console_variables.o
                0x08206da0                console_variable_list
 .text.init_ipmu_calib_data
                0x08206ed8       0x54 ./wiseconnect3_sdk_3.1.4/components/device/silabs/si91x/mcu/core/chip/src/iPMU_prog/iPMU_dotc/ipmu_apis.o
                0x08206ed8                init_ipmu_calib_data
 .text.program_ipmu_data
                0x08206f2c       0x54 ./wiseconnect3_sdk_3.1.4/components/device/silabs/si91x/mcu/core/chip/src/iPMU_prog/iPMU_dotc/ipmu_apis.o
                0x08206f2c                program_ipmu_data
 .text.ipmu_init_mcu
                0x08206f80       0x94 ./wiseconnect3_sdk_3.1.4/components/device/silabs/si91x/mcu/core/chip/src/iPMU_prog/iPMU_dotc/ipmu_apis.o
                0x08206f80                ipmu_init_mcu
 .text.ipmu_init
                0x08207014       0xa8 ./wiseconnect3_sdk_3.1.4/components/device/silabs/si91x/mcu/core/chip/src/iPMU_prog/iPMU_dotc/ipmu_apis.o
                0x08207014                ipmu_init
 .text.configure_ipmu_mode
                0x082070bc       0x38 ./wiseconnect3_sdk_3.1.4/components/device/silabs/si91x/mcu/core/chip/src/iPMU_prog/iPMU_dotc/ipmu_apis.o
                0x082070bc                configure_ipmu_mode
 .text.Default_Handler
                0x082070f4        0x2 ./wiseconnect3_sdk_3.1.4/components/device/silabs/si91x/mcu/core/chip/src/startup_si91x.o
                0x082070f4                DebugMon_Handler
                0x082070f4                IRQ031_Handler
                0x082070f4                HardFault_Handler
                0x082070f4                IRQ058_Handler
                0x082070f4                IRQ095_Handler
                0x082070f4                IRQ065_Handler
                0x082070f4                IRQ019_Handler
                0x082070f4                IRQ056_Handler
                0x082070f4                IRQ093_Handler
                0x082070f4                NMI_Handler
                0x082070f4                IRQ011_Handler
                0x082070f4                IRQ014_Handler
                0x082070f4                IRQ051_Handler
                0x082070f4                IRQ027_Handler
                0x082070f4                IRQ062_Handler
                0x082070f4                IRQ097_Handler
                0x082070f4                IRQ088_Handler
                0x082070f4                IRQ034_Handler
                0x082070f4                IRQ071_Handler
                0x082070f4                IRQ067_Handler
                0x082070f4                IRQ070_Handler
                0x082070f4                IRQ077_Handler
                0x082070f4                IRQ028_Handler
                0x082070f4                IRQ063_Handler
                0x082070f4                IRQ076_Handler
                0x082070f4                UsageFault_Handler
                0x082070f4                IRQ023_Handler
                0x082070f4                IRQ009_Handler
                0x082070f4                IRQ048_Handler
                0x082070f4                IRQ083_Handler
                0x082070f4                IRQ089_Handler
                0x082070f4                HIF1_IRQHandler
                0x082070f4                IRQ037_Handler
                0x082070f4                IRQ072_Handler
                0x082070f4                IRQ021_Handler
                0x082070f4                IRQ008_Handler
                0x082070f4                IRQ047_Handler
                0x082070f4                IRQ082_Handler
                0x082070f4                IRQ022_Handler
                0x082070f4                IRQ007_Handler
                0x082070f4                IRQ046_Handler
                0x082070f4                IRQ081_Handler
                0x082070f4                IRQ004_Handler
                0x082070f4                IRQ043_Handler
                0x082070f4                IRQ002_Handler
                0x082070f4                IRQ041_Handler
                0x082070f4                IRQ098_Handler
                0x082070f4                IRQ000_Handler
                0x082070f4                IRQ005_Handler
                0x082070f4                IRQ044_Handler
                0x082070f4                IRQ049_Handler
                0x082070f4                IRQ084_Handler
                0x082070f4                IRQ006_Handler
                0x082070f4                IRQ045_Handler
                0x082070f4                IRQ080_Handler
                0x082070f4                IRQ015_Handler
                0x082070f4                IRQ052_Handler
                0x082070f4                MemManage_Handler
                0x082070f4                HIF2_IRQHandler
                0x082070f4                IRQ001_Handler
                0x082070f4                IRQ040_Handler
                0x082070f4                IRQ068_Handler
                0x082070f4                IRQ059_Handler
                0x082070f4                IRQ096_Handler
                0x082070f4                IRQ003_Handler
                0x082070f4                IRQ042_Handler
                0x082070f4                IRQ024_Handler
                0x082070f4                IRQ016_Handler
                0x082070f4                IRQ053_Handler
                0x082070f4                IRQ090_Handler
                0x082070f4                IRQ078_Handler
                0x082070f4                IRQ032_Handler
                0x082070f4                IRQ020_Handler
                0x082070f4                IRQ073_Handler
                0x082070f4                IRQ018_Handler
                0x082070f4                IRQ055_Handler
                0x082070f4                IRQ092_Handler
                0x082070f4                IRQ087_Handler
                0x082070f4                IRQ026_Handler
                0x082070f4                IRQ061_Handler
                0x082070f4                IRQ025_Handler
                0x082070f4                IRQ060_Handler
                0x082070f4                IRQ085_Handler
                0x082070f4                IRQ013_Handler
                0x082070f4                IRQ050_Handler
                0x082070f4                IRQ030_Handler
                0x082070f4                IRQ029_Handler
                0x082070f4                IRQ064_Handler
                0x082070f4                IRQ066_Handler
                0x082070f4                IRQ017_Handler
                0x082070f4                IRQ054_Handler
                0x082070f4                IRQ091_Handler
                0x082070f4                BusFault_Handler
                0x082070f4                IRQ069_Handler
                0x082070f4                IRQ075_Handler
                0x082070f4                IRQ086_Handler
                0x082070f4                IRQ057_Handler
                0x082070f4                IRQ094_Handler
                0x082070f4                IRQ079_Handler
 .text.Default_Reset_Handler
                0x082070f6        0x2 ./wiseconnect3_sdk_3.1.4/components/device/silabs/si91x/mcu/core/chip/src/startup_si91x.o
                0x082070f6                Default_Reset_Handler
                0x082070f6                Reset_Handler
 .text.Copy_Table
                0x082070f8       0x24 ./wiseconnect3_sdk_3.1.4/components/device/silabs/si91x/mcu/core/chip/src/startup_si91x.o
                0x082070f8                Copy_Table
 .text.Zero_Table
                0x0820711c       0x24 ./wiseconnect3_sdk_3.1.4/components/device/silabs/si91x/mcu/core/chip/src/startup_si91x.o
                0x0820711c                Zero_Table
 .text.SystemCoreClockUpdate
                0x08207140      0x104 ./wiseconnect3_sdk_3.1.4/components/device/silabs/si91x/mcu/core/chip/src/system_si91x.o
                0x08207140                SystemCoreClockUpdate
 .text.fpuInit  0x08207244       0x44 ./wiseconnect3_sdk_3.1.4/components/device/silabs/si91x/mcu/core/chip/src/system_si91x.o
                0x08207244                fpuInit
 .text.SystemInit
                0x08207288       0xe4 ./wiseconnect3_sdk_3.1.4/components/device/silabs/si91x/mcu/core/chip/src/system_si91x.o
                0x08207288                SystemInit
 .text.ARM_UART_SignalEvent
                0x0820736c       0x40 ./wiseconnect3_sdk_3.1.4/components/device/silabs/si91x/mcu/core/common/src/rsi_debug.o
                0x0820736c                ARM_UART_SignalEvent
 .text.Board_Debug_Init
                0x082073ac       0x44 ./wiseconnect3_sdk_3.1.4/components/device/silabs/si91x/mcu/core/common/src/rsi_debug.o
                0x082073ac                Board_Debug_Init
 .text.Board_UARTGetChar
                0x082073f0       0x30 ./wiseconnect3_sdk_3.1.4/components/device/silabs/si91x/mcu/core/common/src/rsi_debug.o
                0x082073f0                Board_UARTGetChar
 .text.Board_UARTPutChar
                0x08207420       0x30 ./wiseconnect3_sdk_3.1.4/components/device/silabs/si91x/mcu/core/common/src/rsi_debug.o
                0x08207420                Board_UARTPutChar
 .text.read_exclude_space
                0x08207450       0x20 ./wiseconnect3_sdk_3.1.4/components/device/silabs/si91x/mcu/core/common/src/syscalls.o
 .text._getpid  0x08207470        0x4 ./wiseconnect3_sdk_3.1.4/components/device/silabs/si91x/mcu/core/common/src/syscalls.o
                0x08207470                _getpid
 .text._kill    0x08207474       0x10 ./wiseconnect3_sdk_3.1.4/components/device/silabs/si91x/mcu/core/common/src/syscalls.o
                0x08207474                _kill
 .text._exit    0x08207484        0xc ./wiseconnect3_sdk_3.1.4/components/device/silabs/si91x/mcu/core/common/src/syscalls.o
                0x08207484                _exit
 .text._write   0x08207490       0x1c ./wiseconnect3_sdk_3.1.4/components/device/silabs/si91x/mcu/core/common/src/syscalls.o
                0x08207490                _write
 .text._close   0x082074ac        0x6 ./wiseconnect3_sdk_3.1.4/components/device/silabs/si91x/mcu/core/common/src/syscalls.o
                0x082074ac                _close
 .text._fstat   0x082074b2        0xa ./wiseconnect3_sdk_3.1.4/components/device/silabs/si91x/mcu/core/common/src/syscalls.o
                0x082074b2                _fstat
 .text._isatty  0x082074bc        0x4 ./wiseconnect3_sdk_3.1.4/components/device/silabs/si91x/mcu/core/common/src/syscalls.o
                0x082074bc                _isatty
 .text._lseek   0x082074c0        0x4 ./wiseconnect3_sdk_3.1.4/components/device/silabs/si91x/mcu/core/common/src/syscalls.o
                0x082074c0                _lseek
 .text._read    0x082074c4      0x30c ./wiseconnect3_sdk_3.1.4/components/device/silabs/si91x/mcu/core/common/src/syscalls.o
                0x082074c4                _read
 .text.sl_si91x_device_init_nvic
                0x082077d0       0x18 ./wiseconnect3_sdk_3.1.4/components/device/silabs/si91x/mcu/core/config/src/rsi_nvic_priorities_config.o
                0x082077d0                sl_si91x_device_init_nvic
 .text.IRQ033_Handler
                0x082077e8       0x20 ./wiseconnect3_sdk_3.1.4/components/device/silabs/si91x/mcu/drivers/cmsis_driver/UDMA.o
                0x082077e8                IRQ033_Handler
 .text.IRQ010_Handler
                0x08207808       0x20 ./wiseconnect3_sdk_3.1.4/components/device/silabs/si91x/mcu/drivers/cmsis_driver/UDMA.o
                0x08207808                IRQ010_Handler
 .text.ARM_USARTx_GetVersion
                0x08207828       0x20 ./wiseconnect3_sdk_3.1.4/components/device/silabs/si91x/mcu/drivers/cmsis_driver/USART.o
                0x08207828                ARM_USARTx_GetVersion
 .text.ARM_ULP_UART_GetCapabilities
                0x08207848        0xc ./wiseconnect3_sdk_3.1.4/components/device/silabs/si91x/mcu/drivers/cmsis_driver/USART.o
 .text.ARM_ULP_UART_GetModemStatus
                0x08207854        0xc ./wiseconnect3_sdk_3.1.4/components/device/silabs/si91x/mcu/drivers/cmsis_driver/USART.o
 .text.ARM_ULP_UART_SetModemControl
                0x08207860        0xc ./wiseconnect3_sdk_3.1.4/components/device/silabs/si91x/mcu/drivers/cmsis_driver/USART.o
 .text.ARM_ULP_UART_GetStatus
                0x0820786c        0xc ./wiseconnect3_sdk_3.1.4/components/device/silabs/si91x/mcu/drivers/cmsis_driver/USART.o
 .text.ARM_ULP_UART_Control
                0x08207878       0x34 ./wiseconnect3_sdk_3.1.4/components/device/silabs/si91x/mcu/drivers/cmsis_driver/USART.o
 .text.ARM_ULP_UART_GetRxCount
                0x082078ac        0xc ./wiseconnect3_sdk_3.1.4/components/device/silabs/si91x/mcu/drivers/cmsis_driver/USART.o
 .text.ARM_ULP_UART_GetTxCount
                0x082078b8        0xc ./wiseconnect3_sdk_3.1.4/components/device/silabs/si91x/mcu/drivers/cmsis_driver/USART.o
 .text.ARM_ULP_UART_Transfer
                0x082078c4       0x54 ./wiseconnect3_sdk_3.1.4/components/device/silabs/si91x/mcu/drivers/cmsis_driver/USART.o
 .text.ARM_ULP_UART_Receive
                0x08207918       0x48 ./wiseconnect3_sdk_3.1.4/components/device/silabs/si91x/mcu/drivers/cmsis_driver/USART.o
 .text.ARM_ULP_UART_Send
                0x08207960       0x48 ./wiseconnect3_sdk_3.1.4/components/device/silabs/si91x/mcu/drivers/cmsis_driver/USART.o
 .text.ARM_ULP_UART_PowerControl
                0x082079a8       0x18 ./wiseconnect3_sdk_3.1.4/components/device/silabs/si91x/mcu/drivers/cmsis_driver/USART.o
 .text.ARM_ULP_UART_Uninitialize
                0x082079c0       0x1c ./wiseconnect3_sdk_3.1.4/components/device/silabs/si91x/mcu/drivers/cmsis_driver/USART.o
 .text.ARM_ULP_UART_Initialize
                0x082079dc       0x30 ./wiseconnect3_sdk_3.1.4/components/device/silabs/si91x/mcu/drivers/cmsis_driver/USART.o
 .text.IRQ038_Handler
                0x08207a0c        0xc ./wiseconnect3_sdk_3.1.4/components/device/silabs/si91x/mcu/drivers/cmsis_driver/USART.o
                0x08207a0c                IRQ038_Handler
 .text.IRQ039_Handler
                0x08207a18        0xc ./wiseconnect3_sdk_3.1.4/components/device/silabs/si91x/mcu/drivers/cmsis_driver/USART.o
                0x08207a18                IRQ039_Handler
 .text.IRQ012_Handler
                0x08207a24        0xc ./wiseconnect3_sdk_3.1.4/components/device/silabs/si91x/mcu/drivers/cmsis_driver/USART.o
                0x08207a24                IRQ012_Handler
 .text.RSI_ULPUartHandler
                0x08207a30        0x4 ./wiseconnect3_sdk_3.1.4/components/device/silabs/si91x/mcu/drivers/cmsis_driver/USART.o
                0x08207a30                RSI_ULPUartHandler
 .text.RSI_CLK_GetBaseClock
                0x08207a34      0x50c ./wiseconnect3_sdk_3.1.4/components/device/silabs/si91x/mcu/drivers/peripheral_drivers/src/clock_update.o
                0x08207a34                RSI_CLK_GetBaseClock
 .text.RSI_EGPIO_SetPinMux
                0x08207f40       0x14 ./wiseconnect3_sdk_3.1.4/components/device/silabs/si91x/mcu/drivers/peripheral_drivers/src/rsi_usart.o
 .text.RSI_EGPIO_HostPadsGpioModeEnable
                0x08207f54       0x10 ./wiseconnect3_sdk_3.1.4/components/device/silabs/si91x/mcu/drivers/peripheral_drivers/src/rsi_usart.o
 .text.RSI_EGPIO_PadSelectionEnable
                0x08207f64       0x10 ./wiseconnect3_sdk_3.1.4/components/device/silabs/si91x/mcu/drivers/peripheral_drivers/src/rsi_usart.o
 .text.RSI_EGPIO_PadReceiverEnable
                0x08207f74       0x10 ./wiseconnect3_sdk_3.1.4/components/device/silabs/si91x/mcu/drivers/peripheral_drivers/src/rsi_usart.o
 .text.RSI_EGPIO_UlpPadReceiverEnable
                0x08207f84       0x10 ./wiseconnect3_sdk_3.1.4/components/device/silabs/si91x/mcu/drivers/peripheral_drivers/src/rsi_usart.o
 .text.UDMAx_ChannelDisable.isra.0
                0x08207f94        0xc ./wiseconnect3_sdk_3.1.4/components/device/silabs/si91x/mcu/drivers/peripheral_drivers/src/rsi_usart.o
 .text.UartIrqHandler
                0x08207fa0      0x1f0 ./wiseconnect3_sdk_3.1.4/components/device/silabs/si91x/mcu/drivers/peripheral_drivers/src/rsi_usart.o
                0x08207fa0                UartIrqHandler
 .text.USART_SetBaudrate
                0x08208190       0x50 ./wiseconnect3_sdk_3.1.4/components/device/silabs/si91x/mcu/drivers/peripheral_drivers/src/rsi_usart.o
                0x08208190                USART_SetBaudrate
 .text.USART_Initialize
                0x082081e0      0x120 ./wiseconnect3_sdk_3.1.4/components/device/silabs/si91x/mcu/drivers/peripheral_drivers/src/rsi_usart.o
                0x082081e0                USART_Initialize
 .text.USART_Uninitialize
                0x08208300       0xa0 ./wiseconnect3_sdk_3.1.4/components/device/silabs/si91x/mcu/drivers/peripheral_drivers/src/rsi_usart.o
                0x08208300                USART_Uninitialize
 .text.USART_PowerControl
                0x082083a0      0x150 ./wiseconnect3_sdk_3.1.4/components/device/silabs/si91x/mcu/drivers/peripheral_drivers/src/rsi_usart.o
                0x082083a0                USART_PowerControl
 .text.USART_Send_Data
                0x082084f0      0x15c ./wiseconnect3_sdk_3.1.4/components/device/silabs/si91x/mcu/drivers/peripheral_drivers/src/rsi_usart.o
                0x082084f0                USART_Send_Data
 .text.USART_Receive_Data
                0x0820864c      0x13c ./wiseconnect3_sdk_3.1.4/components/device/silabs/si91x/mcu/drivers/peripheral_drivers/src/rsi_usart.o
                0x0820864c                USART_Receive_Data
 .text.USART_Transfer
                0x08208788       0x72 ./wiseconnect3_sdk_3.1.4/components/device/silabs/si91x/mcu/drivers/peripheral_drivers/src/rsi_usart.o
                0x08208788                USART_Transfer
 .text.USART_GetTxCount
                0x082087fa        0x6 ./wiseconnect3_sdk_3.1.4/components/device/silabs/si91x/mcu/drivers/peripheral_drivers/src/rsi_usart.o
                0x082087fa                USART_GetTxCount
 .text.USART_GetRxCount
                0x08208800        0x6 ./wiseconnect3_sdk_3.1.4/components/device/silabs/si91x/mcu/drivers/peripheral_drivers/src/rsi_usart.o
                0x08208800                USART_GetRxCount
 *fill*         0x08208806        0x2 
 .text.USART_Control
                0x08208808      0x8e8 ./wiseconnect3_sdk_3.1.4/components/device/silabs/si91x/mcu/drivers/peripheral_drivers/src/rsi_usart.o
                0x08208808                USART_Control
 .text.USART_GetStatus
                0x082090f0       0x42 ./wiseconnect3_sdk_3.1.4/components/device/silabs/si91x/mcu/drivers/peripheral_drivers/src/rsi_usart.o
                0x082090f0                USART_GetStatus
 *fill*         0x08209132        0x2 
 .text.USART_SetModemControl
                0x08209134       0x84 ./wiseconnect3_sdk_3.1.4/components/device/silabs/si91x/mcu/drivers/peripheral_drivers/src/rsi_usart.o
                0x08209134                USART_SetModemControl
 .text.USART_GetModemStatus
                0x082091b8       0x5c ./wiseconnect3_sdk_3.1.4/components/device/silabs/si91x/mcu/drivers/peripheral_drivers/src/rsi_usart.o
                0x082091b8                USART_GetModemStatus
 .text.RSI_IPMU_UpdateIpmuCalibData_efuse
                0x08209214      0x2ec ./wiseconnect3_sdk_3.1.4/components/device/silabs/si91x/mcu/drivers/systemlevel/src/rsi_ipmu.o
                0x08209214                RSI_IPMU_UpdateIpmuCalibData_efuse
 .text.RSI_Ipmu_Init
                0x08209500        0x4 ./wiseconnect3_sdk_3.1.4/components/device/silabs/si91x/mcu/drivers/systemlevel/src/rsi_ipmu.o
                0x08209500                RSI_Ipmu_Init
 .text.RSI_Configure_Ipmu_Mode
                0x08209504        0x6 ./wiseconnect3_sdk_3.1.4/components/device/silabs/si91x/mcu/drivers/systemlevel/src/rsi_ipmu.o
                0x08209504                RSI_Configure_Ipmu_Mode
 *fill*         0x0820950a        0x2 
 .text.RSI_IPMU_ClockMuxSel
                0x0820950c       0x40 ./wiseconnect3_sdk_3.1.4/components/device/silabs/si91x/mcu/drivers/systemlevel/src/rsi_ipmu.o
                0x0820950c                RSI_IPMU_ClockMuxSel
 .text.RSI_IPMU_ProgramConfigData
                0x0820954c       0xea ./wiseconnect3_sdk_3.1.4/components/device/silabs/si91x/mcu/drivers/systemlevel/src/rsi_ipmu.o
                0x0820954c                RSI_IPMU_ProgramConfigData
 *fill*         0x08209636        0x2 
 .text.RSI_IPMU_M32rc_OscTrimEfuse
                0x08209638       0x28 ./wiseconnect3_sdk_3.1.4/components/device/silabs/si91x/mcu/drivers/systemlevel/src/rsi_ipmu.o
                0x08209638                RSI_IPMU_M32rc_OscTrimEfuse
 .text.RSI_IPMU_DBLR32M_TrimEfuse
                0x08209660       0x18 ./wiseconnect3_sdk_3.1.4/components/device/silabs/si91x/mcu/drivers/systemlevel/src/rsi_ipmu.o
                0x08209660                RSI_IPMU_DBLR32M_TrimEfuse
 .text.RSI_IPMU_M20roOsc_TrimEfuse
                0x08209678       0x28 ./wiseconnect3_sdk_3.1.4/components/device/silabs/si91x/mcu/drivers/systemlevel/src/rsi_ipmu.o
                0x08209678                RSI_IPMU_M20roOsc_TrimEfuse
 .text.RSI_IPMU_RO32khz_TrimEfuse
                0x082096a0       0x18 ./wiseconnect3_sdk_3.1.4/components/device/silabs/si91x/mcu/drivers/systemlevel/src/rsi_ipmu.o
                0x082096a0                RSI_IPMU_RO32khz_TrimEfuse
 .text.RSI_IPMU_RC32khz_TrimEfuse
                0x082096b8       0x18 ./wiseconnect3_sdk_3.1.4/components/device/silabs/si91x/mcu/drivers/systemlevel/src/rsi_ipmu.o
                0x082096b8                RSI_IPMU_RC32khz_TrimEfuse
 .text._usdelay
                0x082096d0        0x6 ./wiseconnect3_sdk_3.1.4/components/device/silabs/si91x/mcu/drivers/systemlevel/src/rsi_pll.o
 *fill*         0x082096d6        0x2 
 .text.clk_m4_soc_clk_config
                0x082096d8       0xc8 ./wiseconnect3_sdk_3.1.4/components/device/silabs/si91x/mcu/drivers/systemlevel/src/rsi_pll.o
                0x082096d8                clk_m4_soc_clk_config
 .text.ulpss_enable_ref_clks
                0x082097a0       0xf8 ./wiseconnect3_sdk_3.1.4/components/device/silabs/si91x/mcu/drivers/systemlevel/src/rsi_pll.o
                0x082097a0                ulpss_enable_ref_clks
 .text.clk_m4ss_ref_clk_config
                0x08209898       0xcc ./wiseconnect3_sdk_3.1.4/components/device/silabs/si91x/mcu/drivers/systemlevel/src/rsi_pll.o
                0x08209898                clk_m4ss_ref_clk_config
 .text.ulpss_ref_clk_config
                0x08209964       0xbc ./wiseconnect3_sdk_3.1.4/components/device/silabs/si91x/mcu/drivers/systemlevel/src/rsi_ulpss_clk.o
                0x08209964                ulpss_ref_clk_config
 .text.sli_si91x_platform_init
                0x08209a20       0x5c ./wiseconnect3_sdk_3.1.4/components/device/silabs/si91x/wireless/ahb_interface/src/sl_platform.o
                0x08209a20                sli_si91x_platform_init
 .text.si91x_bootup_firmware
                0x08209a7c       0x94 ./wiseconnect3_sdk_3.1.4/components/device/silabs/si91x/wireless/ahb_interface/src/sl_platform.o
                0x08209a7c                si91x_bootup_firmware
 .text.sli_si91x_configure_wireless_frontend_controls
                0x08209b10       0x44 ./wiseconnect3_sdk_3.1.4/components/device/silabs/si91x/wireless/ahb_interface/src/sl_platform_wireless.o
                0x08209b10                sli_si91x_configure_wireless_frontend_controls
 .text.rsi_waitfor_boardready
                0x08209b54       0x44 ./wiseconnect3_sdk_3.1.4/components/device/silabs/si91x/wireless/ahb_interface/src/sli_siwx917_soc.o
                0x08209b54                rsi_waitfor_boardready
 .text.rsi_select_option
                0x08209b98       0x80 ./wiseconnect3_sdk_3.1.4/components/device/silabs/si91x/wireless/ahb_interface/src/sli_siwx917_soc.o
                0x08209b98                rsi_select_option
 .text.unmask_ta_interrupt
                0x08209c18        0xc ./wiseconnect3_sdk_3.1.4/components/device/silabs/si91x/wireless/ahb_interface/src/sli_siwx917_soc.o
                0x08209c18                unmask_ta_interrupt
 .text.sli_m4_ta_interrupt_init
                0x08209c24       0x2c ./wiseconnect3_sdk_3.1.4/components/device/silabs/si91x/wireless/ahb_interface/src/sli_siwx917_soc.o
                0x08209c24                sli_m4_ta_interrupt_init
 .text.sli_si91x_socket
                0x08209c50       0x88 ./wiseconnect3_sdk_3.1.4/components/device/silabs/si91x/wireless/asynchronous_socket/src/sl_si91x_socket.o
 .text.sli_si91x_accept_async.constprop.0
                0x08209cd8      0x128 ./wiseconnect3_sdk_3.1.4/components/device/silabs/si91x/wireless/asynchronous_socket/src/sl_si91x_socket.o
 .text.sl_si91x_socket_async
                0x08209e00       0x1a ./wiseconnect3_sdk_3.1.4/components/device/silabs/si91x/wireless/asynchronous_socket/src/sl_si91x_socket.o
                0x08209e00                sl_si91x_socket_async
 .text.sl_si91x_bind
                0x08209e1a       0x98 ./wiseconnect3_sdk_3.1.4/components/device/silabs/si91x/wireless/asynchronous_socket/src/sl_si91x_socket.o
                0x08209e1a                sl_si91x_bind
 .text.sl_si91x_listen
                0x08209eb2       0x52 ./wiseconnect3_sdk_3.1.4/components/device/silabs/si91x/wireless/asynchronous_socket/src/sl_si91x_socket.o
                0x08209eb2                sl_si91x_listen
 .text.sl_si91x_accept
                0x08209f04        0x6 ./wiseconnect3_sdk_3.1.4/components/device/silabs/si91x/wireless/asynchronous_socket/src/sl_si91x_socket.o
                0x08209f04                sl_si91x_accept
 *fill*         0x08209f0a        0x2 
 .text.sl_si91x_setsockopt_async
                0x08209f0c      0x188 ./wiseconnect3_sdk_3.1.4/components/device/silabs/si91x/wireless/asynchronous_socket/src/sl_si91x_socket.o
                0x08209f0c                sl_si91x_setsockopt_async
 .text.rsi_ble_start_advertising
                0x0820a094       0x5c ./wiseconnect3_sdk_3.1.4/components/device/silabs/si91x/wireless/ble/src/rsi_ble_gap_apis.o
                0x0820a094                rsi_ble_start_advertising
 .text.rsi_ble_stop_advertising
                0x0820a0f0       0x1c ./wiseconnect3_sdk_3.1.4/components/device/silabs/si91x/wireless/ble/src/rsi_ble_gap_apis.o
                0x0820a0f0                rsi_ble_stop_advertising
 .text.rsi_ble_set_advertise_data
                0x0820a10c       0x38 ./wiseconnect3_sdk_3.1.4/components/device/silabs/si91x/wireless/ble/src/rsi_ble_gap_apis.o
                0x0820a10c                rsi_ble_set_advertise_data
 .text.rsi_ble_per_transmit
                0x0820a144        0xa ./wiseconnect3_sdk_3.1.4/components/device/silabs/si91x/wireless/ble/src/rsi_ble_gap_apis.o
                0x0820a144                rsi_ble_per_transmit
 .text.rsi_ble_per_receive
                0x0820a14e        0x4 ./wiseconnect3_sdk_3.1.4/components/device/silabs/si91x/wireless/ble/src/rsi_ble_gap_apis.o
                0x0820a14e                rsi_ble_per_receive
 *fill*         0x0820a152        0x2 
 .text.rsi_bt_clear_wait_bitmap.part.0
                0x0820a154       0x3c ./wiseconnect3_sdk_3.1.4/components/device/silabs/si91x/wireless/ble/src/rsi_bt_ble.o
 .text.rsi_bt_set_wait_bitmap.part.0
                0x0820a190       0x3c ./wiseconnect3_sdk_3.1.4/components/device/silabs/si91x/wireless/ble/src/rsi_bt_ble.o
 .text.rsi_bt_clear_wait_bitmap
                0x0820a1cc       0x40 ./wiseconnect3_sdk_3.1.4/components/device/silabs/si91x/wireless/ble/src/rsi_bt_ble.o
                0x0820a1cc                rsi_bt_clear_wait_bitmap
 .text.rsi_bt_set_wait_bitmap
                0x0820a20c       0x40 ./wiseconnect3_sdk_3.1.4/components/device/silabs/si91x/wireless/ble/src/rsi_bt_ble.o
                0x0820a20c                rsi_bt_set_wait_bitmap
 .text.rsi_bt_get_proto_type
                0x0820a24c      0x10c ./wiseconnect3_sdk_3.1.4/components/device/silabs/si91x/wireless/ble/src/rsi_bt_ble.o
                0x0820a24c                rsi_bt_get_proto_type
 .text.rsi_bt_get_timeout
                0x0820a358       0x88 ./wiseconnect3_sdk_3.1.4/components/device/silabs/si91x/wireless/ble/src/rsi_bt_ble.o
                0x0820a358                rsi_bt_get_timeout
 .text.rsi_bt_common_tx_done
                0x0820a3e0       0x36 ./wiseconnect3_sdk_3.1.4/components/device/silabs/si91x/wireless/ble/src/rsi_bt_ble.o
                0x0820a3e0                rsi_bt_common_tx_done
 *fill*         0x0820a416        0x2 
 .text.rsi_ble_update_le_dev_buf
                0x0820a418       0x5c ./wiseconnect3_sdk_3.1.4/components/device/silabs/si91x/wireless/ble/src/rsi_bt_ble.o
                0x0820a418                rsi_ble_update_le_dev_buf
 .text.rsi_add_remote_ble_dev_info
                0x0820a474       0x54 ./wiseconnect3_sdk_3.1.4/components/device/silabs/si91x/wireless/ble/src/rsi_bt_ble.o
                0x0820a474                rsi_add_remote_ble_dev_info
 .text.rsi_remove_remote_ble_dev_info
                0x0820a4c8       0x50 ./wiseconnect3_sdk_3.1.4/components/device/silabs/si91x/wireless/ble/src/rsi_bt_ble.o
                0x0820a4c8                rsi_remove_remote_ble_dev_info
 .text.rsi_ble_callbacks_handler
                0x0820a518      0x3e0 ./wiseconnect3_sdk_3.1.4/components/device/silabs/si91x/wireless/ble/src/rsi_bt_ble.o
                0x0820a518                rsi_ble_callbacks_handler
 .text.rsi_driver_process_bt_resp
                0x0820a8f8       0xe0 ./wiseconnect3_sdk_3.1.4/components/device/silabs/si91x/wireless/ble/src/rsi_bt_ble.o
                0x0820a8f8                rsi_driver_process_bt_resp
 .text.rsi_driver_process_bt_resp_handler
                0x0820a9d8       0x58 ./wiseconnect3_sdk_3.1.4/components/device/silabs/si91x/wireless/ble/src/rsi_bt_ble.o
                0x0820a9d8                rsi_driver_process_bt_resp_handler
 .text.rsi_bt_cb_init
                0x0820aa30       0x5e ./wiseconnect3_sdk_3.1.4/components/device/silabs/si91x/wireless/ble/src/rsi_bt_ble.o
                0x0820aa30                rsi_bt_cb_init
 .text.rsi_bt_global_cb_init
                0x0820aa8e        0xc ./wiseconnect3_sdk_3.1.4/components/device/silabs/si91x/wireless/ble/src/rsi_bt_ble.o
                0x0820aa8e                rsi_bt_global_cb_init
 *fill*         0x0820aa9a        0x2 
 .text.rsi_bt_common_init
                0x0820aa9c       0x30 ./wiseconnect3_sdk_3.1.4/components/device/silabs/si91x/wireless/ble/src/rsi_bt_ble.o
                0x0820aa9c                rsi_bt_common_init
 .text.rsi_bt_prepare_common_pkt
                0x0820aacc      0x148 ./wiseconnect3_sdk_3.1.4/components/device/silabs/si91x/wireless/ble/src/rsi_bt_ble.o
                0x0820aacc                rsi_bt_prepare_common_pkt
 .text.rsi_bt_prepare_le_pkt
                0x0820ac14      0x760 ./wiseconnect3_sdk_3.1.4/components/device/silabs/si91x/wireless/ble/src/rsi_bt_ble.o
                0x0820ac14                rsi_bt_prepare_le_pkt
 .text.rsi_bt_driver_send_cmd
                0x0820b374      0x1f0 ./wiseconnect3_sdk_3.1.4/components/device/silabs/si91x/wireless/ble/src/rsi_bt_ble.o
                0x0820b374                rsi_bt_driver_send_cmd
 .text.rsi_bt_set_local_name
                0x0820b564       0x48 ./wiseconnect3_sdk_3.1.4/components/device/silabs/si91x/wireless/ble/src/rsi_bt_common_apis.o
                0x0820b564                rsi_bt_set_local_name
 .text.rsi_bt_get_local_name
                0x0820b5ac        0xa ./wiseconnect3_sdk_3.1.4/components/device/silabs/si91x/wireless/ble/src/rsi_bt_common_apis.o
                0x0820b5ac                rsi_bt_get_local_name
 .text.rsi_bt_get_local_device_address
                0x0820b5b6        0xa ./wiseconnect3_sdk_3.1.4/components/device/silabs/si91x/wireless/ble/src/rsi_bt_common_apis.o
                0x0820b5b6                rsi_bt_get_local_device_address
 .text.rsi_bt_per_stats
                0x0820b5c0       0x18 ./wiseconnect3_sdk_3.1.4/components/device/silabs/si91x/wireless/ble/src/rsi_bt_common_apis.o
                0x0820b5c0                rsi_bt_per_stats
 .text.rsi_ble_driver_init
                0x0820b5d8       0xb4 ./wiseconnect3_sdk_3.1.4/components/device/silabs/si91x/wireless/ble/src/rsi_common_apis.o
                0x0820b5d8                rsi_ble_driver_init
 .text.rsi_ble_driver_deinit
                0x0820b68c       0x90 ./wiseconnect3_sdk_3.1.4/components/device/silabs/si91x/wireless/ble/src/rsi_common_apis.o
                0x0820b68c                rsi_ble_driver_deinit
 .text.rsi_uint16_to_2bytes
                0x0820b71c       0x1c ./wiseconnect3_sdk_3.1.4/components/device/silabs/si91x/wireless/ble/src/rsi_utils.o
                0x0820b71c                rsi_uint16_to_2bytes
 .text.rsi_bytes2R_to_uint16
                0x0820b738       0x14 ./wiseconnect3_sdk_3.1.4/components/device/silabs/si91x/wireless/ble/src/rsi_utils.o
                0x0820b738                rsi_bytes2R_to_uint16
 .text.rsi_ascii_hex2num
                0x0820b74c       0x2e ./wiseconnect3_sdk_3.1.4/components/device/silabs/si91x/wireless/ble/src/rsi_utils.o
                0x0820b74c                rsi_ascii_hex2num
 .text.rsi_char_hex2dec
                0x0820b77a       0x2a ./wiseconnect3_sdk_3.1.4/components/device/silabs/si91x/wireless/ble/src/rsi_utils.o
                0x0820b77a                rsi_char_hex2dec
 .text.rsi_ascii_dev_address_to_6bytes_rev
                0x0820b7a4       0x78 ./wiseconnect3_sdk_3.1.4/components/device/silabs/si91x/wireless/ble/src/rsi_utils.o
                0x0820b7a4                rsi_ascii_dev_address_to_6bytes_rev
 .text.hex_to_ascii
                0x0820b81c       0x12 ./wiseconnect3_sdk_3.1.4/components/device/silabs/si91x/wireless/ble/src/rsi_utils.o
                0x0820b81c                hex_to_ascii
 .text.rsi_6byte_dev_address_to_ascii
                0x0820b82e       0x36 ./wiseconnect3_sdk_3.1.4/components/device/silabs/si91x/wireless/ble/src/rsi_utils.o
                0x0820b82e                rsi_6byte_dev_address_to_ascii
 .text.sl_si91x_errno
                0x0820b864       0x1c ./wiseconnect3_sdk_3.1.4/components/device/silabs/si91x/wireless/errno/src/sl_si91x_errno.o
                0x0820b864                sl_si91x_errno
 .text.sl_si91x_bus_rx_irq_handler
                0x0820b880        0x4 ./wiseconnect3_sdk_3.1.4/components/device/silabs/si91x/wireless/host_mcu/si91x/siwx917_soc_ncp_host.o
                0x0820b880                sl_si91x_bus_rx_irq_handler
 .text.sl_si91x_bus_rx_done_handler
                0x0820b884        0x2 ./wiseconnect3_sdk_3.1.4/components/device/silabs/si91x/wireless/host_mcu/si91x/siwx917_soc_ncp_host.o
                0x0820b884                sl_si91x_bus_rx_done_handler
 .text.sl_si91x_bus_init
                0x0820b886        0x4 ./wiseconnect3_sdk_3.1.4/components/device/silabs/si91x/wireless/host_mcu/si91x/siwx917_soc_ncp_host.o
                0x0820b886                sl_si91x_bus_init
 .text.sl_si91x_host_init
                0x0820b88a        0xa ./wiseconnect3_sdk_3.1.4/components/device/silabs/si91x/wireless/host_mcu/si91x/siwx917_soc_ncp_host.o
                0x0820b88a                sl_si91x_host_init
 .text.sl_si91x_host_deinit
                0x0820b894        0x4 ./wiseconnect3_sdk_3.1.4/components/device/silabs/si91x/wireless/host_mcu/si91x/siwx917_soc_ncp_host.o
                0x0820b894                sl_si91x_host_deinit
 .text.sl_si91x_host_hold_in_reset
                0x0820b898        0x2 ./wiseconnect3_sdk_3.1.4/components/device/silabs/si91x/wireless/host_mcu/si91x/siwx917_soc_ncp_host.o
                0x0820b898                sl_si91x_host_hold_in_reset
 .text.sl_si91x_host_release_from_reset
                0x0820b89a        0x2 ./wiseconnect3_sdk_3.1.4/components/device/silabs/si91x/wireless/host_mcu/si91x/siwx917_soc_ncp_host.o
                0x0820b89a                sl_si91x_host_release_from_reset
 .text.sl_si91x_host_enable_bus_interrupt
                0x0820b89c        0x2 ./wiseconnect3_sdk_3.1.4/components/device/silabs/si91x/wireless/host_mcu/si91x/siwx917_soc_ncp_host.o
                0x0820b89c                sl_si91x_host_enable_bus_interrupt
 .text.sl_si91x_host_disable_bus_interrupt
                0x0820b89e        0x2 ./wiseconnect3_sdk_3.1.4/components/device/silabs/si91x/wireless/host_mcu/si91x/siwx917_soc_ncp_host.o
                0x0820b89e                sl_si91x_host_disable_bus_interrupt
 .text.sl_si91x_host_is_in_irq_context
                0x0820b8a0       0x14 ./wiseconnect3_sdk_3.1.4/components/device/silabs/si91x/wireless/host_mcu/si91x/siwx917_soc_ncp_host.o
                0x0820b8a0                sl_si91x_host_is_in_irq_context
 .text.sl_si91x_send_ping
                0x0820b8b4       0x7c ./wiseconnect3_sdk_3.1.4/components/device/silabs/si91x/wireless/icmp/sl_net_ping.o
                0x0820b8b4                sl_si91x_send_ping
 .text.convert_si91x_dns_response
                0x0820b930       0x2a ./wiseconnect3_sdk_3.1.4/components/device/silabs/si91x/wireless/sl_net/src/sl_net_rsi_utility.o
                0x0820b930                convert_si91x_dns_response
 .text.convert_si91x_event_to_sl_net_event
                0x0820b95a       0x2a ./wiseconnect3_sdk_3.1.4/components/device/silabs/si91x/wireless/sl_net/src/sl_net_rsi_utility.o
                0x0820b95a                convert_si91x_event_to_sl_net_event
 .text.si91x_node_free_function
                0x0820b984        0x6 ./wiseconnect3_sdk_3.1.4/components/device/silabs/si91x/wireless/sl_net/src/sl_net_si91x_integration_handler.o
 *fill*         0x0820b98a        0x2 
 .text.sl_net_si91x_event_dispatch_handler
                0x0820b98c       0xa0 ./wiseconnect3_sdk_3.1.4/components/device/silabs/si91x/wireless/sl_net/src/sl_net_si91x_integration_handler.o
                0x0820b98c                sl_net_si91x_event_dispatch_handler
 .text.convert_to_si91x_cert_type
                0x0820ba2c       0x82 ./wiseconnect3_sdk_3.1.4/components/device/silabs/si91x/wireless/sl_net/src/sl_si91x_net_credentials.o
 .text.sl_si91x_set_credential
                0x0820baae       0x40 ./wiseconnect3_sdk_3.1.4/components/device/silabs/si91x/wireless/sl_net/src/sl_si91x_net_credentials.o
                0x0820baae                sl_si91x_set_credential
 .text.sl_si91x_host_get_credentials
                0x0820baee       0x4a ./wiseconnect3_sdk_3.1.4/components/device/silabs/si91x/wireless/sl_net/src/sl_si91x_net_credentials.o
                0x0820baee                sl_si91x_host_get_credentials
 .text.sl_si91x_configure_ip_address
                0x0820bb38      0x1a4 ./wiseconnect3_sdk_3.1.4/components/device/silabs/si91x/wireless/sl_net/src/sl_si91x_net_internal_stack.o
                0x0820bb38                sl_si91x_configure_ip_address
 .text.si91x_socket_node_free_function
                0x0820bcdc        0x6 ./wiseconnect3_sdk_3.1.4/components/device/silabs/si91x/wireless/socket/src/sl_si91x_socket_utility.o
 *fill*         0x0820bce2        0x2 
 .text.si91x_socket_identification_function
                0x0820bce4       0xac ./wiseconnect3_sdk_3.1.4/components/device/silabs/si91x/wireless/socket/src/sl_si91x_socket_utility.o
 .text.sl_si91x_config_socket
                0x0820bd90       0x26 ./wiseconnect3_sdk_3.1.4/components/device/silabs/si91x/wireless/socket/src/sl_si91x_socket_utility.o
                0x0820bd90                sl_si91x_config_socket
 *fill*         0x0820bdb6        0x2 
 .text.reset_socket_state
                0x0820bdb8       0x14 ./wiseconnect3_sdk_3.1.4/components/device/silabs/si91x/wireless/socket/src/sl_si91x_socket_utility.o
                0x0820bdb8                reset_socket_state
 .text.sl_si91x_vap_shutdown
                0x0820bdcc       0x34 ./wiseconnect3_sdk_3.1.4/components/device/silabs/si91x/wireless/socket/src/sl_si91x_socket_utility.o
                0x0820bdcc                sl_si91x_vap_shutdown
 .text.get_si91x_socket
                0x0820be00       0x24 ./wiseconnect3_sdk_3.1.4/components/device/silabs/si91x/wireless/socket/src/sl_si91x_socket_utility.o
                0x0820be00                get_si91x_socket
 .text.handle_accept_response
                0x0820be24       0x46 ./wiseconnect3_sdk_3.1.4/components/device/silabs/si91x/wireless/socket/src/sl_si91x_socket_utility.o
                0x0820be24                handle_accept_response
 .text.handle_select_response
                0x0820be6a       0x6a ./wiseconnect3_sdk_3.1.4/components/device/silabs/si91x/wireless/socket/src/sl_si91x_socket_utility.o
                0x0820be6a                handle_select_response
 .text.get_free_socket
                0x0820bed4       0x44 ./wiseconnect3_sdk_3.1.4/components/device/silabs/si91x/wireless/socket/src/sl_si91x_socket_utility.o
                0x0820bed4                get_free_socket
 .text.is_port_available
                0x0820bf18       0x24 ./wiseconnect3_sdk_3.1.4/components/device/silabs/si91x/wireless/socket/src/sl_si91x_socket_utility.o
                0x0820bf18                is_port_available
 .text.add_server_name_indication_extension
                0x0820bf3c       0x40 ./wiseconnect3_sdk_3.1.4/components/device/silabs/si91x/wireless/socket/src/sl_si91x_socket_utility.o
                0x0820bf3c                add_server_name_indication_extension
 .text.create_and_send_socket_request
                0x0820bf7c      0x200 ./wiseconnect3_sdk_3.1.4/components/device/silabs/si91x/wireless/socket/src/sl_si91x_socket_utility.o
                0x0820bf7c                create_and_send_socket_request
 .text.si91x_socket_event_handler
                0x0820c17c      0x15c ./wiseconnect3_sdk_3.1.4/components/device/silabs/si91x/wireless/socket/src/sl_si91x_socket_utility.o
                0x0820c17c                si91x_socket_event_handler
 .text.sl_si91x_socket_driver_send_command
                0x0820c2d8       0x58 ./wiseconnect3_sdk_3.1.4/components/device/silabs/si91x/wireless/socket/src/sl_si91x_socket_utility.o
                0x0820c2d8                sl_si91x_socket_driver_send_command
 .text.sli_si91x_shutdown
                0x0820c330       0xf4 ./wiseconnect3_sdk_3.1.4/components/device/silabs/si91x/wireless/socket/src/sl_si91x_socket_utility.o
                0x0820c330                sli_si91x_shutdown
 .text.sl_si91x_register_event_handler
                0x0820c424        0xc ./wiseconnect3_sdk_3.1.4/components/device/silabs/si91x/wireless/src/sl_si91x_callback_framework.o
                0x0820c424                sl_si91x_register_event_handler
 .text.sl_si91x_default_handler
                0x0820c430       0x68 ./wiseconnect3_sdk_3.1.4/components/device/silabs/si91x/wireless/src/sl_si91x_callback_framework.o
                0x0820c430                sl_si91x_default_handler
 .text.get_configured_join_request
                0x0820c498      0x106 ./wiseconnect3_sdk_3.1.4/components/protocol/wifi/si91x/sl_wifi.o
 .text.sl_wifi_init
                0x0820c59e        0x6 ./wiseconnect3_sdk_3.1.4/components/protocol/wifi/si91x/sl_wifi.o
                0x0820c59e                sl_wifi_init
 .text.sl_wifi_wait_for_scan_results
                0x0820c5a4        0x4 ./wiseconnect3_sdk_3.1.4/components/protocol/wifi/si91x/sl_wifi.o
                0x0820c5a4                sl_wifi_wait_for_scan_results
 .text.sl_wifi_set_mac_address
                0x0820c5a8       0x34 ./wiseconnect3_sdk_3.1.4/components/protocol/wifi/si91x/sl_wifi.o
                0x0820c5a8                sl_wifi_set_mac_address
 .text.sl_wifi_start_ap
                0x0820c5dc      0x1c4 ./wiseconnect3_sdk_3.1.4/components/protocol/wifi/si91x/sl_wifi.o
                0x0820c5dc                sl_wifi_start_ap
 .text.sl_wifi_get_pairwise_master_key
                0x0820c7a0       0x98 ./wiseconnect3_sdk_3.1.4/components/protocol/wifi/si91x/sl_wifi.o
                0x0820c7a0                sl_wifi_get_pairwise_master_key
 .text.sl_wifi_get_ap_client_info
                0x0820c838       0xa0 ./wiseconnect3_sdk_3.1.4/components/protocol/wifi/si91x/sl_wifi.o
                0x0820c838                sl_wifi_get_ap_client_info
 .text.sl_wifi_get_firmware_version
                0x0820c8d8       0x88 ./wiseconnect3_sdk_3.1.4/components/protocol/wifi/si91x/sl_wifi.o
                0x0820c8d8                sl_wifi_get_firmware_version
 .text.sl_wifi_set_performance_profile
                0x0820c960       0x8c ./wiseconnect3_sdk_3.1.4/components/protocol/wifi/si91x/sl_wifi.o
                0x0820c960                sl_wifi_set_performance_profile
 .text.sl_wifi_get_performance_profile
                0x0820c9ec       0x18 ./wiseconnect3_sdk_3.1.4/components/protocol/wifi/si91x/sl_wifi.o
                0x0820c9ec                sl_wifi_get_performance_profile
 .text.sl_wifi_get_default_interface
                0x0820ca04        0xc ./wiseconnect3_sdk_3.1.4/components/protocol/wifi/si91x/sl_wifi.o
                0x0820ca04                sl_wifi_get_default_interface
 .text.sl_wifi_set_default_interface
                0x0820ca10        0xc ./wiseconnect3_sdk_3.1.4/components/protocol/wifi/si91x/sl_wifi.o
                0x0820ca10                sl_wifi_set_default_interface
 .text.sl_wifi_deinit
                0x0820ca1c       0x34 ./wiseconnect3_sdk_3.1.4/components/protocol/wifi/si91x/sl_wifi.o
                0x0820ca1c                sl_wifi_deinit
 .text.sl_wifi_is_interface_up
                0x0820ca50       0x70 ./wiseconnect3_sdk_3.1.4/components/protocol/wifi/si91x/sl_wifi.o
                0x0820ca50                sl_wifi_is_interface_up
 .text.sl_wifi_set_antenna
                0x0820cac0       0x4c ./wiseconnect3_sdk_3.1.4/components/protocol/wifi/si91x/sl_wifi.o
                0x0820cac0                sl_wifi_set_antenna
 .text.sl_wifi_start_scan
                0x0820cb0c       0xe8 ./wiseconnect3_sdk_3.1.4/components/protocol/wifi/si91x/sl_wifi.o
                0x0820cb0c                sl_wifi_start_scan
 .text.sl_wifi_connect
                0x0820cbf4      0x320 ./wiseconnect3_sdk_3.1.4/components/protocol/wifi/si91x/sl_wifi.o
                0x0820cbf4                sl_wifi_connect
 .text.sl_wifi_set_advanced_client_configuration
                0x0820cf14       0x7c ./wiseconnect3_sdk_3.1.4/components/protocol/wifi/si91x/sl_wifi.o
                0x0820cf14                sl_wifi_set_advanced_client_configuration
 .text.sl_wifi_get_signal_strength
                0x0820cf90       0x7c ./wiseconnect3_sdk_3.1.4/components/protocol/wifi/si91x/sl_wifi.o
                0x0820cf90                sl_wifi_get_signal_strength
 .text.sl_wifi_get_mac_address
                0x0820d00c       0x74 ./wiseconnect3_sdk_3.1.4/components/protocol/wifi/si91x/sl_wifi.o
                0x0820d00c                sl_wifi_get_mac_address
 .text.sl_wifi_set_channel
                0x0820d080       0x24 ./wiseconnect3_sdk_3.1.4/components/protocol/wifi/si91x/sl_wifi.o
                0x0820d080                sl_wifi_set_channel
 .text.sl_wifi_get_channel
                0x0820d0a4       0x94 ./wiseconnect3_sdk_3.1.4/components/protocol/wifi/si91x/sl_wifi.o
                0x0820d0a4                sl_wifi_get_channel
 .text.sl_wifi_set_max_tx_power
                0x0820d138       0x44 ./wiseconnect3_sdk_3.1.4/components/protocol/wifi/si91x/sl_wifi.o
                0x0820d138                sl_wifi_set_max_tx_power
 .text.sl_wifi_get_max_tx_power
                0x0820d17c       0x38 ./wiseconnect3_sdk_3.1.4/components/protocol/wifi/si91x/sl_wifi.o
                0x0820d17c                sl_wifi_get_max_tx_power
 .text.sl_wifi_disconnect_ap_client
                0x0820d1b4       0x54 ./wiseconnect3_sdk_3.1.4/components/protocol/wifi/si91x/sl_wifi.o
                0x0820d1b4                sl_wifi_disconnect_ap_client
 .text.sl_wifi_disconnect
                0x0820d208       0x74 ./wiseconnect3_sdk_3.1.4/components/protocol/wifi/si91x/sl_wifi.o
                0x0820d208                sl_wifi_disconnect
 .text.sl_wifi_stop_ap
                0x0820d27c       0x88 ./wiseconnect3_sdk_3.1.4/components/protocol/wifi/si91x/sl_wifi.o
                0x0820d27c                sl_wifi_stop_ap
 .text.sl_wifi_get_statistics
                0x0820d304       0xa0 ./wiseconnect3_sdk_3.1.4/components/protocol/wifi/si91x/sl_wifi.o
                0x0820d304                sl_wifi_get_statistics
 .text.sl_wifi_start_statistic_report
                0x0820d3a4       0x48 ./wiseconnect3_sdk_3.1.4/components/protocol/wifi/si91x/sl_wifi.o
                0x0820d3a4                sl_wifi_start_statistic_report
 .text.sl_wifi_stop_statistic_report
                0x0820d3ec       0x40 ./wiseconnect3_sdk_3.1.4/components/protocol/wifi/si91x/sl_wifi.o
                0x0820d3ec                sl_wifi_stop_statistic_report
 .text.sl_wifi_set_transmit_rate
                0x0820d42c       0x5c ./wiseconnect3_sdk_3.1.4/components/protocol/wifi/si91x/sl_wifi.o
                0x0820d42c                sl_wifi_set_transmit_rate
 .text.sl_wifi_get_transmit_rate
                0x0820d488       0x40 ./wiseconnect3_sdk_3.1.4/components/protocol/wifi/si91x/sl_wifi.o
                0x0820d488                sl_wifi_get_transmit_rate
 .text.sl_wifi_get_ap_client_count
                0x0820d4c8       0x2c ./wiseconnect3_sdk_3.1.4/components/protocol/wifi/si91x/sl_wifi.o
                0x0820d4c8                sl_wifi_get_ap_client_count
 .text.sl_wifi_get_ap_client_list
                0x0820d4f4       0x54 ./wiseconnect3_sdk_3.1.4/components/protocol/wifi/si91x/sl_wifi.o
                0x0820d4f4                sl_wifi_get_ap_client_list
 .text.sl_wifi_generate_wps_pin
                0x0820d548       0x74 ./wiseconnect3_sdk_3.1.4/components/protocol/wifi/si91x/sl_wifi.o
                0x0820d548                sl_wifi_generate_wps_pin
 .text.sl_wifi_start_wps
                0x0820d5bc       0x70 ./wiseconnect3_sdk_3.1.4/components/protocol/wifi/si91x/sl_wifi.o
                0x0820d5bc                sl_wifi_start_wps
 .text.sl_wifi_set_roam_configuration
                0x0820d62c       0x6c ./wiseconnect3_sdk_3.1.4/components/protocol/wifi/si91x/sl_wifi.o
                0x0820d62c                sl_wifi_set_roam_configuration
 .text.sl_wifi_set_advanced_scan_configuration
                0x0820d698       0x3c ./wiseconnect3_sdk_3.1.4/components/protocol/wifi/si91x/sl_wifi.o
                0x0820d698                sl_wifi_set_advanced_scan_configuration
 .text.sl_wifi_get_advanced_scan_configuration
                0x0820d6d4       0x38 ./wiseconnect3_sdk_3.1.4/components/protocol/wifi/si91x/sl_wifi.o
                0x0820d6d4                sl_wifi_get_advanced_scan_configuration
 .text.sl_wifi_stop_scan
                0x0820d70c       0x64 ./wiseconnect3_sdk_3.1.4/components/protocol/wifi/si91x/sl_wifi.o
                0x0820d70c                sl_wifi_stop_scan
 .text.sl_wifi_set_ap_configuration
                0x0820d770       0x14 ./wiseconnect3_sdk_3.1.4/components/protocol/wifi/si91x/sl_wifi.o
                0x0820d770                sl_wifi_set_ap_configuration
 .text.sl_wifi_get_ap_configuration